11-09 00:50:10.924  1789  1914 E ApplicationHelper: Fail to get PackageManager
11-09 00:50:10.926  1789  1914 E ApplicationHelper: Fail to get PackageManager
11-09 00:50:10.926  1789  3496 I ActivityTaskManager: isControllerAMonkey mController = null,mControllerIsAMonkey = true, mTrueTime = 2025-11-09 00:50:09.026, mFalseTime = null
11-09 00:50:10.926  1789  1914 E ApplicationHelper: Fail to get PackageManager
11-09 00:50:10.926  1789  1914 E ApplicationHelper: Fail to get PackageManager
11-09 00:50:10.928  1789  3121 I ActivityTaskManager: isControllerAMonkey mController = null,mControllerIsAMonkey = true, mTrueTime = 2025-11-09 00:50:09.026, mFalseTime = null
11-09 00:50:10.929  1789  3983 I ActivityTaskManager: isControllerAMonkey mController = null,mControllerIsAMonkey = true, mTrueTime = 2025-11-09 00:50:09.026, mFalseTime = null
11-09 00:50:10.934  1789  2590 I ActivityTaskManager: isControllerAMonkey mController = null,mControllerIsAMonkey = true, mTrueTime = 2025-11-09 00:50:09.026, mFalseTime = null
11-09 00:50:10.941  1789  2590 I TranAspFzImpl: Freezer disabled by Force
11-09 00:50:10.942  1789  3804 I ActivityTaskManager: isControllerAMonkey mController = null,mControllerIsAMonkey = true, mTrueTime = 2025-11-09 00:50:09.026, mFalseTime = null
11-09 00:50:10.943  1789  1914 E ApplicationHelper: Fail to get PackageManager
11-09 00:50:10.943  1789  2590 I ActivityTaskManager: isControllerAMonkey mController = null,mControllerIsAMonkey = true, mTrueTime = 2025-11-09 00:50:09.026, mFalseTime = null
11-09 00:50:10.945  1789  3804 I ActivityTaskManager: isControllerAMonkey mController = null,mControllerIsAMonkey = true, mTrueTime = 2025-11-09 00:50:09.026, mFalseTime = null
11-09 00:50:10.945  1789  3804 I ActivityTaskManager: isControllerAMonkey mController = null,mControllerIsAMonkey = true, mTrueTime = 2025-11-09 00:50:09.026, mFalseTime = null
11-09 00:50:10.945  1789  3804 I ActivityTaskManager: isControllerAMonkey mController = null,mControllerIsAMonkey = true, mTrueTime = 2025-11-09 00:50:09.026, mFalseTime = null
11-09 00:50:10.945  1789  1859 I ActivityTaskManager: isControllerAMonkey mController = null,mControllerIsAMonkey = true, mTrueTime = 2025-11-09 00:50:09.026, mFalseTime = null
11-09 00:50:10.946  1789  3804 I ActivityTaskManager: isControllerAMonkey mController = null,mControllerIsAMonkey = true, mTrueTime = 2025-11-09 00:50:09.026, mFalseTime = null
11-09 00:50:10.946  1789  1859 I ActivityTaskManager: isControllerAMonkey mController = null,mControllerIsAMonkey = true, mTrueTime = 2025-11-09 00:50:09.026, mFalseTime = null
11-09 00:50:10.948  1789  1914 E ApplicationHelper: Fail to get PackageManager
11-09 00:50:10.951  1789  3804 I ActivityTaskManager: isControllerAMonkey mController = null,mControllerIsAMonkey = true, mTrueTime = 2025-11-09 00:50:09.026, mFalseTime = null
11-09 00:50:10.953  1789  1914 E ApplicationHelper: Fail to get PackageManager
11-09 00:50:10.979  1789  1914 E ApplicationHelper: Fail to get PackageManager
11-09 00:50:10.982  1789  1914 E ApplicationHelper: Fail to get PackageManager
11-09 00:50:10.991  1789  3983 I tranpm/ProviderPolicy: isBlockHs2 false
11-09 00:50:11.003  1789  2054 I ActivityManager: Start proc 7254:com.transsion.kolun.assistant/u0a182 for content provider {com.transsion.kolun.assistant/com.transsion.kolun.assistant.systemsettings.provider.SuggestionSearchIndexablesProvider}
11-09 00:50:11.025  1789  1914 E ApplicationHelper: Fail to get PackageManager
11-09 00:50:11.029  1789  1914 E ApplicationHelper: Fail to get PackageManager
11-09 00:50:11.032  1789  1914 E ApplicationHelper: Fail to get PackageManager
11-09 00:50:11.032  1789  3942 I ActivityTaskManager: isControllerAMonkey mController = null,mControllerIsAMonkey = true, mTrueTime = 2025-11-09 00:50:09.026, mFalseTime = null
11-09 00:50:11.043  1789  1914 E ApplicationHelper: Fail to get PackageManager
11-09 00:50:11.044  1789  3218 I Hiber/appStateMachine: uid:10182 enter RunningState
11-09 00:50:11.053  1789  3496 I ActivityTaskManager: isControllerAMonkey mController = null,mControllerIsAMonkey = true, mTrueTime = 2025-11-09 00:50:09.026, mFalseTime = null
11-09 00:50:11.068  1789  1914 E ApplicationHelper: Fail to get PackageManager
11-09 00:50:11.072  1789  1914 E ApplicationHelper: Fail to get PackageManager
11-09 00:50:11.076  1789  2590 I tranpm/ProviderPolicy: isBlockHs2 false
11-09 00:50:11.078  1789  1914 E ApplicationHelper: Fail to get PackageManager
11-09 00:50:11.083  1789  1914 E ApplicationHelper: Fail to get PackageManager
11-09 00:50:11.091  1789  2054 I ActivityManager: Start proc 7280:com.xui.xhide/1000 for content provider {com.xui.xhide/com.xui.xhide.XHideSearchIndexablesProvider}
11-09 00:50:11.110  1789  1859 I ActivityTaskManager: isControllerAMonkey mController = null,mControllerIsAMonkey = true, mTrueTime = 2025-11-09 00:50:09.026, mFalseTime = null
11-09 00:50:11.111  1789  3121 I ActivityTaskManager: isControllerAMonkey mController = null,mControllerIsAMonkey = true, mTrueTime = 2025-11-09 00:50:09.026, mFalseTime = null
11-09 00:50:11.125  1789  2054 I ActivityManager: Start proc 7305:com.transsion.settings.nfc/1000 for content provider {com.transsion.settings.nfc/com.android.settings.provider.XmlSearchIndexAblesProvider}
11-09 00:50:11.135  1789  3804 I ActivityTaskManager: isControllerAMonkey mController = null,mControllerIsAMonkey = true, mTrueTime = 2025-11-09 00:50:09.026, mFalseTime = null
11-09 00:50:11.158  1789  1859 I ActivityTaskManager: isControllerAMonkey mController = null,mControllerIsAMonkey = true, mTrueTime = 2025-11-09 00:50:09.026, mFalseTime = null
11-09 00:50:11.166  1789  1914 E ApplicationHelper: Fail to get PackageManager
11-09 00:50:11.168  1789  1914 E ApplicationHelper: Fail to get PackageManager
11-09 00:50:11.173  1789  1914 E ApplicationHelper: Fail to get PackageManager
11-09 00:50:11.176  7254  7334 W HeartRateOximetryLiceFactory: HeartRateOximetryLice is not supported
11-09 00:50:11.177  1789  1914 E ApplicationHelper: Fail to get PackageManager
11-09 00:50:11.200   712 32494 I keystore2: system/security/keystore2/src/security_level.rs:231 - create_operation start
11-09 00:50:11.200   712 32494 I keystore2: system/security/keystore2/src/security_level.rs:233 - caller_pid=7254
11-09 00:50:11.200   712 32494 I keystore2: system/security/keystore2/src/security_level.rs:234 - caller_uid=10182
11-09 00:50:11.200   712 32494 I keystore2: system/security/keystore2/src/security_level.rs:235 - forced=false
11-09 00:50:11.200   712 32494 I keystore2: system/security/keystore2/src/security_level.rs:236 - key.domain=r#KEY_ID
11-09 00:50:11.200   712 32494 I keystore2: system/security/keystore2/src/security_level.rs:237 - key.alias=None
11-09 00:50:11.200   712 32494 I keystore2: system/security/keystore2/src/security_level.rs:273 - with_try_import start
11-09 00:50:11.200   712 32494 I keystore2: system/security/keystore2/src/security_level.rs:295 - with_try_import end
11-09 00:50:11.200   712 32494 I keystore2: system/security/keystore2/src/security_level.rs:329 - authorize_create start
11-09 00:50:11.200   712 32494 I keystore2: system/security/keystore2/src/security_level.rs:340 - authorize_create end
11-09 00:50:11.200   712 32494 I keystore2: system/security/keystore2/src/security_level.rs:341 - unwrap_key_if_required start
11-09 00:50:11.200   712 32494 I keystore2: system/security/keystore2/src/security_level.rs:349 - unwrap_key_if_required end
11-09 00:50:11.200   712 32494 I keystore2: system/security/keystore2/src/security_level.rs:350 - upgrade_keyblob_if_required_with start
11-09 00:50:11.203   712 32494 I keystore2: system/security/keystore2/src/security_level.rs:391 - upgrade_keyblob_if_required_with end
11-09 00:50:11.203   712 32494 I keystore2: system/security/keystore2/src/enforcements.rs:249 - finalize_create_authorization self.state=NoAuthRequired
11-09 00:50:11.203   712 32494 I keystore2: system/security/keystore2/src/security_level.rs:397 - operation_db.create_operation start
11-09 00:50:11.203   712 32494 I keystore2: system/security/keystore2/src/security_level.rs:415 - operation_db.create_operation end
11-09 00:50:11.207   712 32494 I keystore2: system/security/keystore2/src/security_level.rs:231 - create_operation start
11-09 00:50:11.207   712 32494 I keystore2: system/security/keystore2/src/security_level.rs:233 - caller_pid=7254
11-09 00:50:11.207   712 32494 I keystore2: system/security/keystore2/src/security_level.rs:234 - caller_uid=10182
11-09 00:50:11.207   712 32494 I keystore2: system/security/keystore2/src/security_level.rs:235 - forced=false
11-09 00:50:11.207   712 32494 I keystore2: system/security/keystore2/src/security_level.rs:236 - key.domain=r#KEY_ID
11-09 00:50:11.207   712 32494 I keystore2: system/security/keystore2/src/security_level.rs:237 - key.alias=None
11-09 00:50:11.207   712 32494 I keystore2: system/security/keystore2/src/security_level.rs:273 - with_try_import start
11-09 00:50:11.208   712 32494 I keystore2: system/security/keystore2/src/security_level.rs:295 - with_try_import end
11-09 00:50:11.208   712 32494 I keystore2: system/security/keystore2/src/security_level.rs:329 - authorize_create start
11-09 00:50:11.208   712 32494 I keystore2: system/security/keystore2/src/security_level.rs:340 - authorize_create end
11-09 00:50:11.208   712 32494 I keystore2: system/security/keystore2/src/security_level.rs:341 - unwrap_key_if_required start
11-09 00:50:11.208   712 32494 I keystore2: system/security/keystore2/src/security_level.rs:349 - unwrap_key_if_required end
11-09 00:50:11.208   712 32494 I keystore2: system/security/keystore2/src/security_level.rs:350 - upgrade_keyblob_if_required_with start
11-09 00:50:11.219  1789  2039 I Griffin/CleanManager: dispatch clean index=12
11-09 00:50:11.219   712 32494 I keystore2: system/security/keystore2/src/security_level.rs:391 - upgrade_keyblob_if_required_with end
11-09 00:50:11.219   712 32494 I keystore2: system/security/keystore2/src/enforcements.rs:249 - finalize_create_authorization self.state=NoAuthRequired
11-09 00:50:11.219   712 32494 I keystore2: system/security/keystore2/src/security_level.rs:397 - operation_db.create_operation start
11-09 00:50:11.219   712 32494 I keystore2: system/security/keystore2/src/security_level.rs:415 - operation_db.create_operation end
11-09 00:50:11.253  1789  1914 E ApplicationHelper: Fail to get PackageManager
11-09 00:50:11.254  1789  1914 E ApplicationHelper: Fail to get PackageManager
11-09 00:50:11.286  7280  7353 W HeartRateOximetryLiceFactory: HeartRateOximetryLice is not supported
11-09 00:50:11.290   712 32494 I keystore2: system/security/keystore2/src/security_level.rs:231 - create_operation start
11-09 00:50:11.290   712 32494 I keystore2: system/security/keystore2/src/security_level.rs:233 - caller_pid=7254
11-09 00:50:11.290   712 32494 I keystore2: system/security/keystore2/src/security_level.rs:234 - caller_uid=10182
11-09 00:50:11.290   712 32494 I keystore2: system/security/keystore2/src/security_level.rs:235 - forced=false
11-09 00:50:11.290   712 32494 I keystore2: system/security/keystore2/src/security_level.rs:236 - key.domain=r#KEY_ID
11-09 00:50:11.290   712 32494 I keystore2: system/security/keystore2/src/security_level.rs:237 - key.alias=None
11-09 00:50:11.290   712 32494 I keystore2: system/security/keystore2/src/security_level.rs:273 - with_try_import start
11-09 00:50:11.291   712 32494 I keystore2: system/security/keystore2/src/security_level.rs:295 - with_try_import end
11-09 00:50:11.291   712 32494 I keystore2: system/security/keystore2/src/security_level.rs:329 - authorize_create start
11-09 00:50:11.291   712 32494 I keystore2: system/security/keystore2/src/security_level.rs:340 - authorize_create end
11-09 00:50:11.291   712 32494 I keystore2: system/security/keystore2/src/security_level.rs:341 - unwrap_key_if_required start
11-09 00:50:11.291   712 32494 I keystore2: system/security/keystore2/src/security_level.rs:349 - unwrap_key_if_required end
11-09 00:50:11.291   712 32494 I keystore2: system/security/keystore2/src/security_level.rs:350 - upgrade_keyblob_if_required_with start
11-09 00:50:11.291  7280  7374 W ContextImpl: Calling a method in the system process without a qualified user: android.app.ContextImpl.bindService:2200 android.content.ContextWrapper.bindService:884 p3.a.a:39 p3.b$a.run:4 java.lang.Thread.run:1119 
11-09 00:50:11.292   712 32494 I keystore2: system/security/keystore2/src/security_level.rs:391 - upgrade_keyblob_if_required_with end
11-09 00:50:11.292   712 32494 I keystore2: system/security/keystore2/src/enforcements.rs:249 - finalize_create_authorization self.state=NoAuthRequired
11-09 00:50:11.292   712 32494 I keystore2: system/security/keystore2/src/security_level.rs:397 - operation_db.create_operation start
11-09 00:50:11.292   712 32494 I keystore2: system/security/keystore2/src/security_level.rs:415 - operation_db.create_operation end
11-09 00:50:11.327   712 32494 I keystore2: system/security/keystore2/src/security_level.rs:231 - create_operation start
11-09 00:50:11.327   712 32494 I keystore2: system/security/keystore2/src/security_level.rs:233 - caller_pid=7280
11-09 00:50:11.327   712 32494 I keystore2: system/security/keystore2/src/security_level.rs:234 - caller_uid=1000
11-09 00:50:11.327   712 32494 I keystore2: system/security/keystore2/src/security_level.rs:235 - forced=false
11-09 00:50:11.327   712 32494 I keystore2: system/security/keystore2/src/security_level.rs:236 - key.domain=r#KEY_ID
11-09 00:50:11.327   712 32494 I keystore2: system/security/keystore2/src/security_level.rs:237 - key.alias=None
11-09 00:50:11.327   712 32494 I keystore2: system/security/keystore2/src/security_level.rs:273 - with_try_import start
11-09 00:50:11.328   712 32494 I keystore2: system/security/keystore2/src/security_level.rs:295 - with_try_import end
11-09 00:50:11.328   712 32494 I keystore2: system/security/keystore2/src/security_level.rs:329 - authorize_create start
11-09 00:50:11.328   712 32494 I keystore2: system/security/keystore2/src/security_level.rs:340 - authorize_create end
11-09 00:50:11.328   712 32494 I keystore2: system/security/keystore2/src/security_level.rs:341 - unwrap_key_if_required start
11-09 00:50:11.328   712 32494 I keystore2: system/security/keystore2/src/security_level.rs:349 - unwrap_key_if_required end
11-09 00:50:11.328   712 32494 I keystore2: system/security/keystore2/src/security_level.rs:350 - upgrade_keyblob_if_required_with start
11-09 00:50:11.330   712 32494 I keystore2: system/security/keystore2/src/security_level.rs:391 - upgrade_keyblob_if_required_with end
11-09 00:50:11.330   712 32494 I keystore2: system/security/keystore2/src/enforcements.rs:249 - finalize_create_authorization self.state=NoAuthRequired
11-09 00:50:11.330   712 32494 I keystore2: system/security/keystore2/src/security_level.rs:397 - operation_db.create_operation start
11-09 00:50:11.330   712 32494 I keystore2: system/security/keystore2/src/security_level.rs:415 - operation_db.create_operation end
11-09 00:50:11.367  7254  7335 W PowerProfile: ambient.on is deprecated! Use ambient.on.display0 instead.
11-09 00:50:11.367  7254  7335 W PowerProfile: screen.on is deprecated! Use screen.on.display0 instead.
11-09 00:50:11.367  7254  7335 W PowerProfile: screen.full is deprecated! Use screen.full.display0 instead.
11-09 00:50:11.367  7254  7335 W ModemPowerProfile: getAverageBatteryDrainMaH called with unexpected key: 0x0, drain:SLEEP,RAT:DEFAULT
11-09 00:50:11.367  7254  7335 W ModemPowerProfile: getAverageBatteryDrainMaH called with unexpected key: 0x10000000, drain:IDLE,RAT:DEFAULT
11-09 00:50:11.367  7254  7335 W ModemPowerProfile: getAverageBatteryDrainMaH called with unexpected key: 0x20000000, drain:RX,RAT:DEFAULT
11-09 00:50:11.367  7254  7335 W ModemPowerProfile: getAverageBatteryDrainMaH called with unexpected key: 0x30000000, drain:TX,level:0,RAT:DEFAULT
11-09 00:50:11.367  7254  7335 W ModemPowerProfile: getAverageBatteryDrainMaH called with unexpected key: 0x31000000, drain:TX,level:1,RAT:DEFAULT
11-09 00:50:11.367  7254  7335 W ModemPowerProfile: getAverageBatteryDrainMaH called with unexpected key: 0x32000000, drain:TX,level:2,RAT:DEFAULT
11-09 00:50:11.367  7254  7335 W ModemPowerProfile: getAverageBatteryDrainMaH called with unexpected key: 0x33000000, drain:TX,level:3,RAT:DEFAULT
11-09 00:50:11.367  7254  7335 W ModemPowerProfile: getAverageBatteryDrainMaH called with unexpected key: 0x34000000, drain:TX,level:4,RAT:DEFAULT
11-09 00:50:11.376   712 32494 I keystore2: system/security/keystore2/src/security_level.rs:231 - create_operation start
11-09 00:50:11.376   712 32494 I keystore2: system/security/keystore2/src/security_level.rs:233 - caller_pid=7280
11-09 00:50:11.376   712 32494 I keystore2: system/security/keystore2/src/security_level.rs:234 - caller_uid=1000
11-09 00:50:11.376   712 32494 I keystore2: system/security/keystore2/src/security_level.rs:235 - forced=false
11-09 00:50:11.376   712 32494 I keystore2: system/security/keystore2/src/security_level.rs:236 - key.domain=r#KEY_ID
11-09 00:50:11.376   712 32494 I keystore2: system/security/keystore2/src/security_level.rs:237 - key.alias=None
11-09 00:50:11.376   712 32494 I keystore2: system/security/keystore2/src/security_level.rs:273 - with_try_import start
11-09 00:50:11.377   712 32494 I keystore2: system/security/keystore2/src/security_level.rs:295 - with_try_import end
11-09 00:50:11.377   712 32494 I keystore2: system/security/keystore2/src/security_level.rs:329 - authorize_create start
11-09 00:50:11.377   712 32494 I keystore2: system/security/keystore2/src/security_level.rs:340 - authorize_create end
11-09 00:50:11.377   712 32494 I keystore2: system/security/keystore2/src/security_level.rs:341 - unwrap_key_if_required start
11-09 00:50:11.377   712 32494 I keystore2: system/security/keystore2/src/security_level.rs:349 - unwrap_key_if_required end
11-09 00:50:11.377   712 32494 I keystore2: system/security/keystore2/src/security_level.rs:350 - upgrade_keyblob_if_required_with start
11-09 00:50:11.379   712 32494 I keystore2: system/security/keystore2/src/security_level.rs:391 - upgrade_keyblob_if_required_with end
11-09 00:50:11.379   712 32494 I keystore2: system/security/keystore2/src/enforcements.rs:249 - finalize_create_authorization self.state=NoAuthRequired
11-09 00:50:11.379   712 32494 I keystore2: system/security/keystore2/src/security_level.rs:397 - operation_db.create_operation start
11-09 00:50:11.379   712 32494 I keystore2: system/security/keystore2/src/security_level.rs:415 - operation_db.create_operation end
11-09 00:50:11.393   712 32494 E keystore2: system/security/keystore2/src/error.rs:171 - system/security/keystore2/src/operation.rs:847: KeystoreOperation::finish
11-09 00:50:11.393   712 32494 E keystore2: 
11-09 00:50:11.393   712 32494 E keystore2: Caused by:
11-09 00:50:11.393   712 32494 E keystore2:     0: system/security/keystore2/src/operation.rs:428: Finish failed.
11-09 00:50:11.393   712 32494 E keystore2:     1: Error::Km(r#UNKNOWN_ERROR)
11-09 00:50:11.398  7280  7373 W ContextImpl: Calling a method in the system process without a qualified user: android.app.ContextImpl.bindService:2200 android.content.ContextWrapper.bindService:884 j8.e.a:39 com.transsion.sdk.oneid.data.UniqueIdInfo.<init>:434 com.transsion.sdk.oneid.data.GroupFpInfo.<init>:195 
11-09 00:50:11.422  7280  7380 W ContextImpl: Calling a method in the system process without a qualified user: android.app.ContextImpl.bindService:2200 android.content.ContextWrapper.bindService:884 j7.a.a:39 i7.e.g:5 i7.e.handleMessage:40 
11-09 00:50:11.441  1789  1914 E ApplicationHelper: Fail to get PackageManager
11-09 00:50:11.442  1789  1914 E ApplicationHelper: Fail to get PackageManager
11-09 00:50:11.467  1789  3983 E BiometricService: Non-biometric, non-credential bits found. Authenticators: 65536
11-09 00:50:11.481  7280  7373 W PowerProfile: ambient.on is deprecated! Use ambient.on.display0 instead.
11-09 00:50:11.481  7280  7373 W PowerProfile: screen.on is deprecated! Use screen.on.display0 instead.
11-09 00:50:11.481  7280  7373 W PowerProfile: screen.full is deprecated! Use screen.full.display0 instead.
11-09 00:50:11.481  7280  7373 W ModemPowerProfile: getAverageBatteryDrainMaH called with unexpected key: 0x0, drain:SLEEP,RAT:DEFAULT
11-09 00:50:11.481  7280  7373 W ModemPowerProfile: getAverageBatteryDrainMaH called with unexpected key: 0x10000000, drain:IDLE,RAT:DEFAULT
11-09 00:50:11.481  7280  7373 W ModemPowerProfile: getAverageBatteryDrainMaH called with unexpected key: 0x20000000, drain:RX,RAT:DEFAULT
11-09 00:50:11.481  7280  7373 W ModemPowerProfile: getAverageBatteryDrainMaH called with unexpected key: 0x30000000, drain:TX,level:0,RAT:DEFAULT
11-09 00:50:11.481  7280  7373 W ModemPowerProfile: getAverageBatteryDrainMaH called with unexpected key: 0x31000000, drain:TX,level:1,RAT:DEFAULT
11-09 00:50:11.481  7280  7373 W ModemPowerProfile: getAverageBatteryDrainMaH called with unexpected key: 0x32000000, drain:TX,level:2,RAT:DEFAULT
11-09 00:50:11.481  7280  7373 W ModemPowerProfile: getAverageBatteryDrainMaH called with unexpected key: 0x33000000, drain:TX,level:3,RAT:DEFAULT
11-09 00:50:11.481  7280  7373 W ModemPowerProfile: getAverageBatteryDrainMaH called with unexpected key: 0x34000000, drain:TX,level:4,RAT:DEFAULT
11-09 00:50:12.552  1789  2707 I ActivityManager: checkedOptions.getThunderBackSupport() = false, packageName = com.google.android.gms , thunderbackUserId = 0
11-09 00:50:12.552  1789  2707 E TranDynamicBarAnimControllerImpl: TranDynamicBarAnimControllerImpl setFromDynamicIslandToWindow pkgName:com.google.android.gms
11-09 00:50:12.552  1789  2707 E TranDynamicBarAnimControllerImpl: start setFromDynamicIslandToWindow startFromDynamicIsland:false
11-09 00:50:12.552  1789  2707 E TranDynamicBarAnimControllerImpl: end setFromDynamicIslandToWindow mDynamicIslandPkgName:com.google.android.gms mStartFromDynamicIsland:false
11-09 00:50:12.557  1789  1914 E ApplicationHelper: Fail to get PackageManager
11-09 00:50:12.558  1789  2707 I AlarmManager: going to acquire wakelock now
11-09 00:50:12.562  1789  1914 E ApplicationHelper: Fail to get PackageManager
11-09 00:50:13.336  1789  2858 W ActivityManager: Receiver with filter android.content.IntentFilter@ff1cf43 already registered for pid 1789, callerPackage is android
11-09 00:50:13.337  1789  2858 W ActivityManager: Receiver with filter android.content.IntentFilter@7edd9c0 already registered for pid 1789, callerPackage is android
11-09 00:50:13.561  1789  1789 I AlarmManager: going to release wakelock now
11-09 00:50:14.452  1789  2810 W NetworkPolicy: shared quota unsupported; generating rule for each iface
11-09 00:50:14.490  1789  3218 I Hiber/importantScene: isTrafficActive uid:10329 speed :0
11-09 00:50:14.491  1789  3218 I Hiber/appStateMachine: uid:10329 enter FrozenState
11-09 00:50:14.495  1789  3218 I Hiber/stateManager: freeze uid: 10329 com.tnstc costTime=4ms ,last unfreeze 10s ago
11-09 00:50:14.496  1789  3219 I Hiber/hiber: msg for start proxy frozen state
11-09 00:50:14.497  1789  3219 I Hiber/proxyManager: p_service: 10329
11-09 00:50:14.497  1789  3219 I Hiber/proxyManager: p_job: 10329 pkgName=com.tnstc which=2
11-09 00:50:14.497  1789  3219 I Hiber/hiber: proxy alarm (uid=10329, pkgName=com.tnstc)
11-09 00:50:14.497  1789  3219 I Hiber/proxyManager: p_alarm: uid=10329, pkgName=com.tnstc
11-09 00:50:14.498  1789  3218 I Hiber/importantScene: isTrafficActive uid:10249 speed :0
11-09 00:50:14.498  1789  1914 E ApplicationHelper: Fail to get PackageManager
11-09 00:50:14.498  1789  3218 I Hiber/appStateMachine: uid:10249 enter FrozenState
11-09 00:50:14.504  1789  3218 I Hiber/stateManager: freeze uid: 10249 com.whatsapp costTime=6ms ,last unfreeze 5s ago
11-09 00:50:14.505  1789  3218 I Hiber/restrictionPolicy: uid:10249  pkgName:com.whatsapp isAllowedNet
11-09 00:50:14.505  1789  3221 I Hiber/nativeServiceClient: watch app network uid=10249, persistent=0
11-09 00:50:14.505  1789  3219 I Hiber/hiber: msg for start proxy frozen state
11-09 00:50:14.506  1789  3219 I Hiber/proxyManager: p_service: 10249
11-09 00:50:14.506  1789  3219 I Hiber/proxyManager: p_job: 10249 pkgName=com.whatsapp which=2
11-09 00:50:14.506  1789  1914 E ApplicationHelper: Fail to get PackageManager
11-09 00:50:14.516  1789  3219 I Hiber/hiber: proxy alarm (uid=10249, pkgName=com.whatsapp)
11-09 00:50:14.516  1789  3219 I Hiber/proxyManager: p_alarm: uid=10249, pkgName=com.whatsapp
11-09 00:50:14.751  1789  2707 I ActivityManager: checkedOptions.getThunderBackSupport() = false, packageName = com.google.android.gms , thunderbackUserId = 0
11-09 00:50:14.752  1789  2707 E TranDynamicBarAnimControllerImpl: TranDynamicBarAnimControllerImpl setFromDynamicIslandToWindow pkgName:com.google.android.gms
11-09 00:50:14.752  1789  2707 E TranDynamicBarAnimControllerImpl: start setFromDynamicIslandToWindow startFromDynamicIsland:false
11-09 00:50:14.752  1789  2707 E TranDynamicBarAnimControllerImpl: end setFromDynamicIslandToWindow mDynamicIslandPkgName:com.google.android.gms mStartFromDynamicIsland:false
11-09 00:50:14.754  1789  2707 I AlarmManager: going to acquire wakelock now
11-09 00:50:15.019  1789  1914 E ApplicationHelper: Fail to get PackageManager
11-09 00:50:15.064  1789  1914 E ApplicationHelper: Fail to get PackageManager
11-09 00:50:15.064  1789  1914 E ApplicationHelper: Fail to get PackageManager
11-09 00:50:15.134  1789  1914 E ApplicationHelper: Fail to get PackageManager
11-09 00:50:15.497  1789  3221 I Hiber/nativeServiceClient: check binder uid=10329
11-09 00:50:15.505  1789  3221 I Hiber/nativeServiceClient: check binder uid=10249
11-09 00:50:15.516  1789  3220 I Hiber/stateManager: unfreeze uid: 10249 com.whatsapp pids:[17672]  reason:transBinder   cpninfo:TRANSACTION_1 costTime=10ms ,last freeze 1s ago
11-09 00:50:15.517  1789  3218 I Hiber/appStateMachine: uid=10249, pkg=com.whatsapp, transition from Frozen to Running, reason=transBinder
11-09 00:50:15.517  1789  3218 I Hiber/appStateMachine: uid:10249 exit FrozenState
11-09 00:50:15.518  1789  3219 I Hiber/proxyManager: up_service: 10249
11-09 00:50:15.518  1789  3219 I Hiber/proxyManager: un_job: 10249
11-09 00:50:15.577  1789  3218 I Hiber/importantScene: isTrafficActive uid:10269 speed :0
11-09 00:50:15.578  1789  3218 I Hiber/appStateMachine: uid:10269 enter FrozenState
11-09 00:50:15.579  1789  3218 I Hiber/stateManager: freeze uid: 10269 com.transsion.aiwallpaper costTime=1ms ,last unfreeze 5s ago
11-09 00:50:15.580  1789  3219 I Hiber/hiber: msg for start proxy frozen state
11-09 00:50:15.580  1789  3219 I Hiber/proxyManager: p_service: 10269
11-09 00:50:15.580  1789  3219 I Hiber/proxyManager: p_job: 10269 pkgName=com.transsion.aiwallpaper which=2
11-09 00:50:15.580  1789  3219 I Hiber/hiber: proxy alarm (uid=10269, pkgName=com.transsion.aiwallpaper)
11-09 00:50:15.581  1789  3219 I Hiber/proxyManager: p_alarm: uid=10269, pkgName=com.transsion.aiwallpaper
11-09 00:50:15.581  1789  1914 E ApplicationHelper: Fail to get PackageManager
11-09 00:50:15.674  1789  3218 I Hiber/importantScene: isTrafficActive uid:10110 speed :0
11-09 00:50:15.674  1789  3218 I Hiber/appStateMachine: uid:10110 enter FrozenState
11-09 00:50:15.676  1789  3218 I Hiber/stateManager: freeze uid: 10110 com.google.android.apps.safetyhub costTime=1ms ,last unfreeze 103s ago
11-09 00:50:15.676  1789  3219 I Hiber/hiber: msg for start proxy frozen state
11-09 00:50:15.677  1789  3219 I Hiber/proxyManager: p_service: 10110
11-09 00:50:15.677  1789  3219 I Hiber/proxyManager: p_job: 10110 pkgName=com.google.android.apps.safetyhub which=2
11-09 00:50:15.677  1789  1914 E ApplicationHelper: Fail to get PackageManager
11-09 00:50:15.682  1789  3219 I Hiber/hiber: proxy alarm (uid=10110, pkgName=com.google.android.apps.safetyhub)
11-09 00:50:15.683  1789  3219 I Hiber/proxyManager: p_alarm: uid=10110, pkgName=com.google.android.apps.safetyhub
11-09 00:50:15.766  1789  1789 I AlarmManager: going to release wakelock now
11-09 00:50:15.808  1789  1914 E ApplicationHelper: Fail to get PackageManager
11-09 00:50:15.838  1789  2707 I AlarmManager: going to acquire wakelock now
11-09 00:50:16.044  1789  3218 I Hiber/importantScene: isTrafficActive uid:10182 speed :0
11-09 00:50:16.044  1789  3218 I Hiber/appStateMachine: uid:10182 enter FrozenState
11-09 00:50:16.045  1789  3218 I Hiber/stateManager: freeze uid: 10182 com.transsion.kolun.assistant costTime=1ms ,last unfreeze 34s ago
11-09 00:50:16.046  1789  3219 I Hiber/hiber: msg for start proxy frozen state
11-09 00:50:16.047  1789  3219 I Hiber/proxyManager: p_service: 10182
11-09 00:50:16.047  1789  3219 I Hiber/proxyManager: p_job: 10182 pkgName=com.transsion.kolun.assistant which=2
11-09 00:50:16.047  1789  3219 I Hiber/hiber: proxy alarm (uid=10182, pkgName=com.transsion.kolun.assistant)
11-09 00:50:16.047  1789  3219 I Hiber/proxyManager: p_alarm: uid=10182, pkgName=com.transsion.kolun.assistant
11-09 00:50:16.047  1789  1914 E ApplicationHelper: Fail to get PackageManager
11-09 00:50:16.094  1789  1914 E ApplicationHelper: Fail to get PackageManager
11-09 00:50:16.364  1789  2067 W BatteryExternalStatsWorker: error reading Bluetooth stats: 9
11-09 00:50:16.383  1789  1789 W NetworkTypeHelper: Failed to call buildTemplateCarrierMetered, java.lang.reflect.InvocationTargetException
11-09 00:50:16.581  1789  3221 I Hiber/nativeServiceClient: check binder uid=10269
11-09 00:50:16.677  1789  3221 I Hiber/nativeServiceClient: check binder uid=10110
11-09 00:50:16.692  1789  1914 E ApplicationHelper: Fail to get PackageManager
11-09 00:50:16.704  1789  1914 E ApplicationHelper: Fail to get PackageManager
11-09 00:50:16.845  1789  1789 I AlarmManager: going to release wakelock now
11-09 00:50:16.916  1789  1914 E ApplicationHelper: Fail to get PackageManager
11-09 00:50:16.939  1789  1914 E ApplicationHelper: Fail to get PackageManager
11-09 00:50:16.948  1789  1914 E ApplicationHelper: Fail to get PackageManager
11-09 00:50:16.950  1789  1914 E ApplicationHelper: Fail to get PackageManager
11-09 00:50:16.963  1789  1914 E ApplicationHelper: Fail to get PackageManager
11-09 00:50:16.978  1789  1914 E ApplicationHelper: Fail to get PackageManager
11-09 00:50:17.009  1789  1914 E ApplicationHelper: Fail to get PackageManager
11-09 00:50:17.013  1789  1914 E ApplicationHelper: Fail to get PackageManager
11-09 00:50:17.036  1789  1914 E ApplicationHelper: Fail to get PackageManager
11-09 00:50:17.038  1789  1914 E ApplicationHelper: Fail to get PackageManager
11-09 00:50:17.046  1789  3221 I Hiber/nativeServiceClient: check binder uid=10182
11-09 00:50:17.047  1789  1914 E ApplicationHelper: Fail to get PackageManager
11-09 00:50:17.050  1789  3220 I Hiber/stateManager: unfreeze uid: 10182 com.transsion.kolun.assistant pids:[7254]  reason:transBinder   cpninfo:TRANSACTION_1 costTime=2ms ,last freeze 1s ago
11-09 00:50:17.050  1789  3218 I Hiber/appStateMachine: uid=10182, pkg=com.transsion.kolun.assistant, transition from Frozen to Running, reason=transBinder
11-09 00:50:17.050  1789  3218 I Hiber/appStateMachine: uid:10182 exit FrozenState
11-09 00:50:17.050  1789  3219 I Hiber/proxyManager: up_service: 10182
11-09 00:50:17.050  1789  3219 I Hiber/proxyManager: un_job: 10182
11-09 00:50:17.071  1789  1914 E ApplicationHelper: Fail to get PackageManager
11-09 00:50:17.096  1789  1914 E ApplicationHelper: Fail to get PackageManager
11-09 00:50:17.155  1789  1914 E ApplicationHelper: Fail to get PackageManager
11-09 00:50:17.255  1789  1914 E ApplicationHelper: Fail to get PackageManager
11-09 00:50:17.469  1789  1914 E ApplicationHelper: Fail to get PackageManager
11-09 00:50:17.498  1789  4056 I Hiber/hiber: begin socketDestroy, mUid: 10329
11-09 00:50:17.512  1789  4056 I Hiber/hiber: clearDnsCache again!!!
11-09 00:50:17.977  1789  3983 I ActivityTaskManager: isControllerAMonkey mController = null,mControllerIsAMonkey = true, mTrueTime = 2025-11-09 00:50:09.026, mFalseTime = null
11-09 00:50:18.049  1789  3983 I ActivityTaskManager: isControllerAMonkey mController = null,mControllerIsAMonkey = true, mTrueTime = 2025-11-09 00:50:09.026, mFalseTime = null
11-09 00:50:18.495  1789  1914 E ApplicationHelper: Fail to get PackageManager
11-09 00:50:18.500  1789  3983 W ContextImpl: Calling a method in the system process without a qualified user: android.app.ContextImpl.sendBroadcastMultiplePermissions:1342 android.content.Context.sendBroadcastMultiplePermissions:2524 com.android.server.TelephonyRegistry.broadcastServiceStateChanged:3734 com.android.server.TelephonyRegistry.notifyServiceStateForPhoneId:1763 com.android.internal.telephony.ITelephonyRegistry$Stub.onTransact:546 
11-09 00:50:18.501  1789  3983 W ContextImpl: Calling a method in the system process without a qualified user: android.app.ContextImpl.sendBroadcastMultiplePermissions:1382 com.android.server.TelephonyRegistry.broadcastServiceStateChanged:3738 com.android.server.TelephonyRegistry.notifyServiceStateForPhoneId:1763 com.android.internal.telephony.ITelephonyRegistry$Stub.onTransact:546 android.os.Binder.execTransactInternal:1534 
11-09 00:50:18.503  1789  1914 E ApplicationHelper: Fail to get PackageManager
11-09 00:50:18.503  1789  3983 W ContextImpl: Calling a method in the system process without a qualified user: android.app.ContextImpl.sendBroadcastMultiplePermissions:1382 com.android.server.TelephonyRegistry.broadcastServiceStateChanged:3747 com.android.server.TelephonyRegistry.notifyServiceStateForPhoneId:1763 com.android.internal.telephony.ITelephonyRegistry$Stub.onTransact:546 android.os.Binder.execTransactInternal:1534 
11-09 00:50:18.506  1789  3983 W ContextImpl: Calling a method in the system process without a qualified user: android.app.ContextImpl.sendBroadcastMultiplePermissions:1382 com.android.server.TelephonyRegistry.broadcastServiceStateChanged:3753 com.android.server.TelephonyRegistry.notifyServiceStateForPhoneId:1763 com.android.internal.telephony.ITelephonyRegistry$Stub.onTransact:546 android.os.Binder.execTransactInternal:1534 
11-09 00:50:18.519  1789  1914 E ApplicationHelper: Fail to get PackageManager
11-09 00:50:18.528  1789  1914 E ApplicationHelper: Fail to get PackageManager
11-09 00:50:18.583  1789  4056 I Hiber/hiber: begin socketDestroy, mUid: 10269
11-09 00:50:18.596  1789  4056 I Hiber/hiber: clearDnsCache again!!!
11-09 00:50:18.678  1789  4056 I Hiber/hiber: begin socketDestroy, mUid: 10110
11-09 00:50:18.688  1789  4056 I Hiber/hiber: clearDnsCache again!!!
11-09 00:50:19.275  1789  3218 I Hiber/importantScene: default_sms: packageName=com.transsion.smartmessage
11-09 00:50:19.275  1789  3218 I Hiber/appStateMachine: uid:10133, pkg=com.transsion.smartmessage  can't transition from R to F ,importantcase is : default_sms
11-09 00:50:19.363  1789  2707 I AlarmManager: going to acquire wakelock now
11-09 00:50:19.368  1789  2653 W JobScheduler.Concurrency: Had fewer than 16 in existence
11-09 00:50:19.370  1789  2653 W JobScheduler.Concurrency: Had fewer than 16 in existence
11-09 00:50:19.371  1789  2653 W JobScheduler.Concurrency: Had fewer than 16 in existence
11-09 00:50:19.380  1789  1914 E ApplicationHelper: Fail to get PackageManager
11-09 00:50:19.387  1789  1914 E ApplicationHelper: Fail to get PackageManager
11-09 00:50:19.780  1789  2707 I ActivityManager: checkedOptions.getThunderBackSupport() = false, packageName = com.google.android.gms , thunderbackUserId = 0
11-09 00:50:19.782  1789  2707 E TranDynamicBarAnimControllerImpl: TranDynamicBarAnimControllerImpl setFromDynamicIslandToWindow pkgName:com.google.android.gms
11-09 00:50:19.782  1789  2707 E TranDynamicBarAnimControllerImpl: start setFromDynamicIslandToWindow startFromDynamicIsland:false
11-09 00:50:19.782  1789  2707 E TranDynamicBarAnimControllerImpl: end setFromDynamicIslandToWindow mDynamicIslandPkgName:com.google.android.gms mStartFromDynamicIsland:false
11-09 00:50:19.785  1789  2707 I AlarmManager: going to acquire wakelock now
11-09 00:50:19.790  1789  1914 E ApplicationHelper: Fail to get PackageManager
11-09 00:50:19.803  1789  1914 E ApplicationHelper: Fail to get PackageManager
11-09 00:50:19.880  1789  1914 E ApplicationHelper: Fail to get PackageManager
11-09 00:50:19.888  1789  1914 E ApplicationHelper: Fail to get PackageManager
11-09 00:50:19.943  1789  1914 E ApplicationHelper: Fail to get PackageManager
11-09 00:50:19.946  1789  1914 E ApplicationHelper: Fail to get PackageManager
11-09 00:50:20.160  1789  1914 E ApplicationHelper: Fail to get PackageManager
11-09 00:50:20.162  1789  1914 E ApplicationHelper: Fail to get PackageManager
11-09 00:50:20.368  1789  1789 I AlarmManager: going to release wakelock now
11-09 00:50:20.521  1789  3218 I Hiber/importantScene: isTrafficActive uid:10249 speed :0
11-09 00:50:20.521  1789  3218 I Hiber/appStateMachine: uid:10249 enter FrozenState
11-09 00:50:20.528  1789  3218 I Hiber/stateManager: freeze uid: 10249 com.whatsapp costTime=7ms ,last unfreeze 5s ago
11-09 00:50:20.529  1789  3218 I Hiber/restrictionPolicy: uid:10249  pkgName:com.whatsapp isAllowedNet
11-09 00:50:20.530  1789  3221 I Hiber/nativeServiceClient: watch app network uid=10249, persistent=0
11-09 00:50:20.530  1789  3219 I Hiber/hiber: msg for start proxy frozen state
11-09 00:50:20.530  1789  3219 I Hiber/proxyManager: p_service: 10249
11-09 00:50:20.530  1789  3219 I Hiber/proxyManager: p_job: 10249 pkgName=com.whatsapp which=2
11-09 00:50:20.531  1789  1914 E ApplicationHelper: Fail to get PackageManager
11-09 00:50:20.531  1789  4056 I Hiber/proxyWakeLock: add uid: 10249 wakelock: lock:105817807PARTIAL_WAKE_LOCK                 '*job*/@androidx.work.systemjobscheduler@com.whatsapp/androidx.work.impl.background.systemjob.SystemJobService (uid=1000 pid=1789 ws=WorkSource{10249 com.whatsapp})  to FroceReleaseWakeLock list
11-09 00:50:20.540  1789  3219 I Hiber/hiber: proxy alarm (uid=10249, pkgName=com.whatsapp)
11-09 00:50:20.540  1789  3219 I Hiber/proxyManager: p_alarm: uid=10249, pkgName=com.whatsapp
11-09 00:50:20.540  1789  3220 I Hiber/stateManager: unfreeze uid: 10249 com.whatsapp pids:[17672]  reason:asyncBinderWhiteList   cpninfo:TRANSACTION_2 costTime=4ms ,last freeze 0s ago
11-09 00:50:20.540  1789  3218 I Hiber/appStateMachine: uid=10249, pkg=com.whatsapp, transition from Frozen to Running, reason=asyncBinderWhiteList
11-09 00:50:20.540  1789  3218 I Hiber/appStateMachine: uid:10249 exit FrozenState
11-09 00:50:20.540  1789  3219 I Hiber/proxyManager: up_service: 10249
11-09 00:50:20.540  1789  3219 I Hiber/proxyManager: un_job: 10249
11-09 00:50:20.541  1789  3219 W JobServiceContext: Sending onNetworkChanged for a job that isn't started. JobStatus{a698818 androidx.work.systemjobscheduler:u0a249/18090 @androidx.work.systemjobscheduler@com.whatsapp/androidx.work.impl.background.systemjob.SystemJobService u=0 s=10249 TIME=-1s179ms:none NET READY}
11-09 00:50:20.544  1789  1914 E ApplicationHelper: Fail to get PackageManager
11-09 00:50:20.546  1789  1914 E ApplicationHelper: Fail to get PackageManager
11-09 00:50:20.556  1789  6145 E JobScheduler.JobStatus: Hasn't been prepared: JobStatus{a698818 androidx.work.systemjobscheduler:u0a249/18090 @androidx.work.systemjobscheduler@com.whatsapp/androidx.work.impl.background.systemjob.SystemJobService u=0 s=10249 TIME=-1s194ms:none NET READY}
11-09 00:50:20.556  1789  6145 E JobScheduler.JobStatus: Was already unprepared at 
11-09 00:50:20.556  1789  6145 E JobScheduler.JobStatus: java.lang.Throwable
11-09 00:50:20.556  1789  6145 E JobScheduler.JobStatus: 	at com.android.server.job.controllers.JobStatus.unprepareLocked(JobStatus.java:1033)
11-09 00:50:20.556  1789  6145 E JobScheduler.JobStatus: 	at com.android.server.job.JobSchedulerService.onJobCompletedLocked(JobSchedulerService.java:3271)
11-09 00:50:20.556  1789  6145 E JobScheduler.JobStatus: 	at com.android.server.job.JobServiceContext.closeAndCleanupJobLocked(JobServiceContext.java:1684)
11-09 00:50:20.556  1789  6145 E JobScheduler.JobStatus: 	at com.android.server.job.JobServiceContext.handleFinishedLocked(JobServiceContext.java:1316)
11-09 00:50:20.556  1789  6145 E JobScheduler.JobStatus: 	at com.android.server.job.JobServiceContext.doCallbackLocked(JobServiceContext.java:1190)
11-09 00:50:20.556  1789  6145 E JobScheduler.JobStatus: 	at com.android.server.job.JobServiceContext.doCallback(JobServiceContext.java:1171)
11-09 00:50:20.556  1789  6145 E JobScheduler.JobStatus: 	at com.android.server.job.JobServiceContext.doAcknowledgeStopMessage(JobServiceContext.java:814)
11-09 00:50:20.556  1789  6145 E JobScheduler.JobStatus: 	at com.android.server.job.JobServiceContext$JobCallback.acknowledgeStopMessage(JobServiceContext.java:286)
11-09 00:50:20.556  1789  6145 E JobScheduler.JobStatus: 	at android.app.job.IJobCallback$Stub.onTransact(IJobCallback.java:263)
11-09 00:50:20.556  1789  6145 E JobScheduler.JobStatus: 	at android.os.Binder.execTransactInternal(Binder.java:1534)
11-09 00:50:20.556  1789  6145 E JobScheduler.JobStatus: 	at android.os.Binder.execTransact(Binder.java:1460)
11-09 00:50:20.800  1789  1789 I AlarmManager: going to release wakelock now
11-09 00:50:21.531  1789  3221 I Hiber/nativeServiceClient: check binder uid=10249
11-09 00:50:21.945   712  6654 I keystore2: system/security/keystore2/watchdog/src/lib.rs:319 - Watchdog thread idle -> terminating. Have a great day.
11-09 00:50:22.052  1789  3218 I Hiber/importantScene: isTrafficActive uid:10182 speed :0
11-09 00:50:22.052  1789  3218 I Hiber/appStateMachine: uid:10182 enter FrozenState
11-09 00:50:22.053  1789  3218 I Hiber/stateManager: freeze uid: 10182 com.transsion.kolun.assistant costTime=1ms ,last unfreeze 5s ago
11-09 00:50:22.054  1789  3219 I Hiber/hiber: msg for start proxy frozen state
11-09 00:50:22.054  1789  3219 I Hiber/proxyManager: p_service: 10182
11-09 00:50:22.055  1789  3219 I Hiber/proxyManager: p_job: 10182 pkgName=com.transsion.kolun.assistant which=2
11-09 00:50:22.055  1789  1914 E ApplicationHelper: Fail to get PackageManager
11-09 00:50:22.055  1789  3219 I Hiber/hiber: proxy alarm (uid=10182, pkgName=com.transsion.kolun.assistant)
11-09 00:50:22.055  1789  3219 I Hiber/proxyManager: p_alarm: uid=10182, pkgName=com.transsion.kolun.assistant
11-09 00:50:22.219  1789  3218 I Hiber/importantScene: widget: packageName=com.transsion.iotcard
11-09 00:50:22.220  1789  3218 I Hiber/appStateMachine: uid:10279, pkg=com.transsion.iotcard  can't transition from R to F ,importantcase is : widget
11-09 00:50:22.474  1789  1789 W NetworkTypeHelper: Failed to call buildTemplateCarrierMetered, java.lang.reflect.InvocationTargetException
11-09 00:50:22.691  1789  1859 W ContextImpl: Calling a method in the system process without a qualified user: android.app.ContextImpl.sendBroadcastMultiplePermissions:1342 android.content.Context.sendBroadcastMultiplePermissions:2524 com.android.server.TelephonyRegistry.broadcastServiceStateChanged:3734 com.android.server.TelephonyRegistry.notifyServiceStateForPhoneId:1763 com.android.internal.telephony.ITelephonyRegistry$Stub.onTransact:546 
11-09 00:50:22.692  1789  1859 W ContextImpl: Calling a method in the system process without a qualified user: android.app.ContextImpl.sendBroadcastMultiplePermissions:1382 com.android.server.TelephonyRegistry.broadcastServiceStateChanged:3738 com.android.server.TelephonyRegistry.notifyServiceStateForPhoneId:1763 com.android.internal.telephony.ITelephonyRegistry$Stub.onTransact:546 android.os.Binder.execTransactInternal:1534 
11-09 00:50:22.693  1789  1859 W ContextImpl: Calling a method in the system process without a qualified user: android.app.ContextImpl.sendBroadcastMultiplePermissions:1382 com.android.server.TelephonyRegistry.broadcastServiceStateChanged:3747 com.android.server.TelephonyRegistry.notifyServiceStateForPhoneId:1763 com.android.internal.telephony.ITelephonyRegistry$Stub.onTransact:546 android.os.Binder.execTransactInternal:1534 
11-09 00:50:22.694  1789  1859 W ContextImpl: Calling a method in the system process without a qualified user: android.app.ContextImpl.sendBroadcastMultiplePermissions:1382 com.android.server.TelephonyRegistry.broadcastServiceStateChanged:3753 com.android.server.TelephonyRegistry.notifyServiceStateForPhoneId:1763 com.android.internal.telephony.ITelephonyRegistry$Stub.onTransact:546 android.os.Binder.execTransactInternal:1534 
11-09 00:50:22.706  1789  1914 E ApplicationHelper: Fail to get PackageManager
11-09 00:50:22.708  1789  1914 E ApplicationHelper: Fail to get PackageManager
11-09 00:50:23.056  1789  3221 I Hiber/nativeServiceClient: check binder uid=10182
11-09 00:50:23.060  1789  3220 I Hiber/stateManager: unfreeze uid: 10182 com.transsion.kolun.assistant pids:[7254]  reason:transBinder   cpninfo:TRANSACTION_1 costTime=2ms ,last freeze 1s ago
11-09 00:50:23.061  1789  3218 I Hiber/appStateMachine: uid=10182, pkg=com.transsion.kolun.assistant, transition from Frozen to Running, reason=transBinder
11-09 00:50:23.061  1789  3218 I Hiber/appStateMachine: uid:10182 exit FrozenState
11-09 00:50:23.061  1789  3219 I Hiber/proxyManager: up_service: 10182
11-09 00:50:23.061  1789  3219 I Hiber/proxyManager: un_job: 10182
11-09 00:50:23.232  1789  1859 I WindowManager:   isAnimating=false  okToAnimate=true  win=Window{3199b28 u0 PopupWindow:2cb4780}
11-09 00:50:23.854  1789  2810 W NetworkPolicy: shared quota unsupported; generating rule for each iface
11-09 00:50:24.293  1789  1914 E ApplicationHelper: Fail to get PackageManager
11-09 00:50:24.295  1789  1914 E ApplicationHelper: Fail to get PackageManager
11-09 00:50:24.304  1789  1914 E ApplicationHelper: Fail to get PackageManager
11-09 00:50:24.304  1789  2590 I WindowManager: Acquiring screen wakelock due to Window{45a8d47 u0 host.exp.exponent/host.exp.exponent.experience.ExperienceActivity}
11-09 00:50:24.904  1789  1914 E ApplicationHelper: Fail to get PackageManager
11-09 00:50:25.196  1789  2707 I ActivityManager: checkedOptions.getThunderBackSupport() = false, packageName = com.google.android.gms , thunderbackUserId = 0
11-09 00:50:25.197  1789  2707 E TranDynamicBarAnimControllerImpl: TranDynamicBarAnimControllerImpl setFromDynamicIslandToWindow pkgName:com.google.android.gms
11-09 00:50:25.197  1789  2707 E TranDynamicBarAnimControllerImpl: start setFromDynamicIslandToWindow startFromDynamicIsland:false
11-09 00:50:25.197  1789  2707 E TranDynamicBarAnimControllerImpl: end setFromDynamicIslandToWindow mDynamicIslandPkgName:com.google.android.gms mStartFromDynamicIsland:false
11-09 00:50:25.200  1789  2707 I AlarmManager: going to acquire wakelock now
11-09 00:50:25.205  1789  1914 E ApplicationHelper: Fail to get PackageManager
11-09 00:50:25.214  1789  1914 E ApplicationHelper: Fail to get PackageManager
11-09 00:50:25.545  1789  3218 I Hiber/importantScene: isTrafficActive uid:10249 speed :0
11-09 00:50:25.545  1789  3218 I Hiber/appStateMachine: uid:10249 enter FrozenState
11-09 00:50:25.552  1789  3218 I Hiber/stateManager: freeze uid: 10249 com.whatsapp costTime=7ms ,last unfreeze 5s ago
11-09 00:50:25.552  1789  3218 I Hiber/restrictionPolicy: uid:10249  pkgName:com.whatsapp isAllowedNet
11-09 00:50:25.553  1789  3221 I Hiber/nativeServiceClient: watch app network uid=10249, persistent=0
11-09 00:50:25.553  1789  3219 I Hiber/hiber: msg for start proxy frozen state
11-09 00:50:25.554  1789  3219 I Hiber/proxyManager: p_service: 10249
11-09 00:50:25.554  1789  3219 I Hiber/proxyManager: p_job: 10249 pkgName=com.whatsapp which=2
11-09 00:50:25.555  1789  1914 E ApplicationHelper: Fail to get PackageManager
11-09 00:50:25.565  1789  3219 I Hiber/hiber: proxy alarm (uid=10249, pkgName=com.whatsapp)
11-09 00:50:25.565  1789  3219 I Hiber/proxyManager: p_alarm: uid=10249, pkgName=com.whatsapp
11-09 00:50:25.575  1789  1914 E ApplicationHelper: Fail to get PackageManager
11-09 00:50:25.582  1789  1914 E ApplicationHelper: Fail to get PackageManager
11-09 00:50:26.216  1789  1789 I AlarmManager: going to release wakelock now
11-09 00:50:26.455  1789  1914 E ApplicationHelper: Fail to get PackageManager
11-09 00:50:26.458  1789  1914 E ApplicationHelper: Fail to get PackageManager
11-09 00:50:26.471  1789  1914 E ApplicationHelper: Fail to get PackageManager
11-09 00:50:26.472  1789  1914 E ApplicationHelper: Fail to get PackageManager
11-09 00:50:26.475  1789  1914 E ApplicationHelper: Fail to get PackageManager
11-09 00:50:26.476  1789  1914 E ApplicationHelper: Fail to get PackageManager
11-09 00:50:26.553  1789  3221 I Hiber/nativeServiceClient: check binder uid=10249
