11-09 00:49:45.928  1789  1914 E ApplicationHelper: Fail to get PackageManager
11-09 00:49:45.930  1789  5935 I ActivityManager: Process com.google.android.cellbroadcastreceiver (pid 4575) has died: cch+45 CEM 
11-09 00:49:45.930  1789  5935 I ActivityManager: need getLruProcesses
11-09 00:49:45.935  1789  4056 I Hiber/fastState: skip fastFreeze, uid=10209 pkgName=com.google.android.cellbroadcastreceiver unFreezeReason=MSG_UID_GONE cpnInfo=
11-09 00:49:45.935  1789  4056 I Hiber/stateManager: unfreeze uid: 10209 com.google.android.cellbroadcastreceiver  reason:MSG_UID_GONE   cpninfo: costTime=0ms ,last freeze invalid
11-09 00:49:45.935  1789  4056 I Hiber/appStateMachine: TranAppStateMachine initial
11-09 00:49:45.935  1789  3218 I Hiber/appStateMachine: uid:10209 enter DefaultState
11-09 00:49:45.936  1789  1914 E ApplicationHelper: Fail to get PackageManager
11-09 00:49:45.941  1789  3220 I Hiber/fastState: skip fastFreeze, uid=10090 pkgName=org.telegram.messenger unFreezeReason=asyncBinderWhiteList cpnInfo=TRANSACTION_1
11-09 00:49:45.941  1789  3220 I Hiber/stateManager: unfreeze uid: 10090 org.telegram.messenger pids:[2610]  reason:asyncBinderWhiteList   cpninfo:TRANSACTION_1 costTime=1ms ,last freeze 5s ago
11-09 00:49:45.945  1789  3220 I Hiber/fastState: skip fastFreeze, uid=10249 pkgName=com.whatsapp unFreezeReason=asyncBinderWhiteList cpnInfo=TRANSACTION_1
11-09 00:49:45.945  1789  3220 I Hiber/stateManager: unfreeze uid: 10249 com.whatsapp pids:[17672]  reason:asyncBinderWhiteList   cpninfo:TRANSACTION_1 costTime=1ms ,last freeze 4s ago
11-09 00:49:45.945  1789  3218 I Hiber/appStateMachine: uid=10249, pkg=com.whatsapp, transition from Frozen to Running, reason=asyncBinderWhiteList
11-09 00:49:45.945  1789  3218 I Hiber/appStateMachine: uid:10249 exit FrozenState
11-09 00:49:45.945  1789  3220 I Hiber/fastState: skip fastFreeze, uid=10161 pkgName=com.gallery20 unFreezeReason=asyncBinderWhiteList cpnInfo=TRANSACTION_1
11-09 00:49:45.947  1789  3220 I Hiber/stateManager: unfreeze uid: 10161 com.gallery20  reason:asyncBinderWhiteList   cpninfo:TRANSACTION_1 costTime=0ms ,last freeze invalid
11-09 00:49:45.947  1789  1914 E ApplicationHelper: Fail to get PackageManager
11-09 00:49:45.947  1789  1914 E ApplicationHelper: Fail to get PackageManager
11-09 00:49:45.947  1789  3220 I Hiber/cgroup: forceUnfreezeByPid pid= 25821 reason= unfreezeForKernel: asyncBinderWhiteList
11-09 00:49:45.947  1789  3220 I Hiber/cgroup: force unfreeze10161
11-09 00:49:45.947  1789  3220 I Hiber/fastState: skip fastFreeze, uid=10206 pkgName=com.google.android.youtube unFreezeReason=asyncBinderWhiteList cpnInfo=TRANSACTION_1
11-09 00:49:45.947  1789  1914 E ApplicationHelper: Fail to get PackageManager
11-09 00:49:45.947  1789  3220 I Hiber/stateManager: unfreeze uid: 10206 com.google.android.youtube pids:[25839]  reason:asyncBinderWhiteList   cpninfo:TRANSACTION_1 costTime=0ms ,last freeze 5s ago
11-09 00:49:45.947  1789  1858 I ActivityManager: Process com.transsion.filemanagerx (pid 24011) has died: cch+85 CEM 
11-09 00:49:45.947  1789  1858 I ActivityManager: need getLruProcesses
11-09 00:49:45.948  1789  3219 I Hiber/proxyManager: up_service: 10249
11-09 00:49:45.948  1789  3219 I Hiber/proxyManager: un_job: 10249
11-09 00:49:45.949  1789  1914 E ApplicationHelper: Fail to get PackageManager
11-09 00:49:45.950  1789  1914 E ApplicationHelper: Fail to get PackageManager
11-09 00:49:45.956  1789  1914 E ApplicationHelper: Fail to get PackageManager
11-09 00:49:45.958  1789  2838 W ActivityManager: pid 1789 system sent binder code 1 with flags 1 to frozen apps and got error -32
11-09 00:49:45.960  1789  1914 E ApplicationHelper: Fail to get PackageManager
11-09 00:49:45.962  1789  2131 I Usf/appStateManager: handleUpdateAudioFocusState uid: 99000    packageName: add
11-09 00:49:45.964  1789  1914 E ApplicationHelper: Fail to get PackageManager
11-09 00:49:45.968  1789  1914 E ApplicationHelper: Fail to get PackageManager
11-09 00:49:45.968  1789  1914 E ApplicationHelper: Fail to get PackageManager
11-09 00:49:45.969  1789  1914 E ApplicationHelper: Fail to get PackageManager
11-09 00:49:45.970  1789  1914 E ApplicationHelper: Fail to get PackageManager
11-09 00:49:45.971  1789  1914 E ApplicationHelper: Fail to get PackageManager
11-09 00:49:45.971  1789  1914 E ApplicationHelper: Fail to get PackageManager
11-09 00:49:45.971  1789  1914 E ApplicationHelper: Fail to get PackageManager
11-09 00:49:45.976  1789  1914 E ApplicationHelper: Fail to get PackageManager
11-09 00:49:45.976  1789  1914 E ApplicationHelper: Fail to get PackageManager
11-09 00:49:45.976  1789  1914 E ApplicationHelper: Fail to get PackageManager
11-09 00:49:45.978  1789  1914 E ApplicationHelper: Fail to get PackageManager
11-09 00:49:45.979  1789  1914 E ApplicationHelper: Fail to get PackageManager
11-09 00:49:45.981  1789  1914 E ApplicationHelper: Fail to get PackageManager
11-09 00:49:45.984  1789  1914 E ApplicationHelper: Fail to get PackageManager
11-09 00:49:45.985  1789  1914 E ApplicationHelper: Fail to get PackageManager
11-09 00:49:45.988  1789  1914 E ApplicationHelper: Fail to get PackageManager
11-09 00:49:45.988  1789  1914 E ApplicationHelper: Fail to get PackageManager
11-09 00:49:45.998  1789  3121 I ActivityManager: Process com.google.android.gms.ui (pid 4486) has died: cch+55 CEM 
11-09 00:49:45.998  1789  3121 I ActivityManager: need getLruProcesses
11-09 00:49:46.015  1789  1914 E ApplicationHelper: Fail to get PackageManager
11-09 00:49:46.027  1789  1914 E ApplicationHelper: Fail to get PackageManager
11-09 00:49:46.179  1789  2089 E TranCPUBooster: Failed to setThreadAffinity:
11-09 00:49:46.179  1789  2089 E TranCPUBooster: java.lang.IllegalArgumentException: Invalid argument: 423
11-09 00:49:46.179  1789  2089 I Hiber/fastState: do fastUnfreeze reason=cpuboost delay=0
11-09 00:49:46.180  1789  4057 I Hiber/fastState: fastUnFreeze reason=cpuboost size=2 uids=[10188, 10279] about costTime=0ms
11-09 00:49:46.183  1789  1914 E ApplicationHelper: Fail to get PackageManager
11-09 00:49:46.190  1789  1789 W NetworkTypeHelper: Failed to call buildTemplateCarrierMetered, java.lang.reflect.InvocationTargetException
11-09 00:49:46.286  1789  1914 E ApplicationHelper: Fail to get PackageManager
11-09 00:49:46.289  1789  1914 E ApplicationHelper: Fail to get PackageManager
11-09 00:49:46.293  1789  1914 E ApplicationHelper: Fail to get PackageManager
11-09 00:49:46.295  1789  1914 E ApplicationHelper: Fail to get PackageManager
11-09 00:49:46.297  1789  1914 E ApplicationHelper: Fail to get PackageManager
11-09 00:49:46.302  1789  1914 E ApplicationHelper: Fail to get PackageManager
11-09 00:49:46.303  1789  1914 E ApplicationHelper: Fail to get PackageManager
11-09 00:49:46.312  1789  1914 E ApplicationHelper: Fail to get PackageManager
11-09 00:49:46.314  1789  1914 E ApplicationHelper: Fail to get PackageManager
11-09 00:49:46.315  1789  1914 E ApplicationHelper: Fail to get PackageManager
11-09 00:49:46.320  1789  1914 E ApplicationHelper: Fail to get PackageManager
11-09 00:49:46.321  1789  1914 E ApplicationHelper: Fail to get PackageManager
11-09 00:49:46.540  1789  2105 I ActivityTaskManager: agaresFW preload processName=com.transsion.notebook for ComponentInfo{com.transsion.notebook/com.transsion.notebook.NotesList}
11-09 00:49:46.541  1789  1916 W ActivityManager: startProcessLocked, app = ProcessRecord{1d9cb8f 2860:com.transsion.notebook/u0a238}
11-09 00:49:46.767  1789  1913 I WindowManager:  delay to reset keyguard layer.
11-09 00:49:46.893  1789  3218 I Hiber/importantScene: isTrafficActive uid:10206 speed :0
11-09 00:49:46.894  1789  3218 I Hiber/appStateMachine: uid:10206 enter FrozenState
11-09 00:49:46.894  1789  3218 I Hiber/stateManager: freeze uid: 10206 com.google.android.youtube costTime=1ms ,last unfreeze 5s ago
11-09 00:49:46.894  1789  3219 I Hiber/hiber: msg for start proxy frozen state
11-09 00:49:46.894  1789  3219 I Hiber/proxyManager: p_service: 10206
11-09 00:49:46.894  1789  3219 I Hiber/proxyManager: p_job: 10206 pkgName=com.google.android.youtube which=2
11-09 00:49:46.895  1789  1914 E ApplicationHelper: Fail to get PackageManager
11-09 00:49:46.897  1789  3218 I Hiber/importantScene: isTrafficActive uid:10090 speed :0
11-09 00:49:46.897  1789  3218 I Hiber/appStateMachine: uid:10090 enter FrozenState
11-09 00:49:46.897  1789  3218 I Hiber/stateManager: freeze uid: 10090 org.telegram.messenger costTime=0ms ,last unfreeze 5s ago
11-09 00:49:46.897  1789  3218 I Hiber/restrictionPolicy: uid:10090  pkgName:org.telegram.messenger isAllowedNet
11-09 00:49:46.898  1789  3221 I Hiber/nativeServiceClient: watch app network uid=10090, persistent=0
11-09 00:49:46.898  1789  3219 I Hiber/hiber: proxy alarm (uid=10206, pkgName=com.google.android.youtube)
11-09 00:49:46.898  1789  3219 I Hiber/proxyManager: p_alarm: uid=10206, pkgName=com.google.android.youtube
11-09 00:49:46.898  1789  3219 I Hiber/hiber: msg for start proxy frozen state
11-09 00:49:46.898  1789  3219 I Hiber/proxyManager: p_service: 10090
11-09 00:49:46.898  1789  3219 I Hiber/proxyManager: p_job: 10090 pkgName=org.telegram.messenger which=2
11-09 00:49:46.898  1789  3219 I Hiber/hiber: proxy alarm (uid=10090, pkgName=org.telegram.messenger)
11-09 00:49:46.898  1789  3219 I Hiber/proxyManager: p_alarm: uid=10090, pkgName=org.telegram.messenger
11-09 00:49:46.898  1789  1914 E ApplicationHelper: Fail to get PackageManager
11-09 00:49:47.759  1789  1916 I DisplayDeviceRepository: Display device changed: DisplayDeviceInfo{"Built-in Screen": uniqueId="local:0", 1080 x 2436, modeId 2, renderFrameRate 120.00001, defaultModeId 1, userPreferredModeId -1, supportedModes [{id=1, width=1080, height=2436, fps=144.00002, vsync=144.00002, synthetic=false, alternativeRefreshRates=[40.0, 60.0, 120.00001], supportedHdrTypes=[2, 3, 4]}, {id=2, width=1080, height=2436, fps=120.00001, vsync=120.00001, synthetic=false, alternativeRefreshRates=[40.0, 60.0, 144.00002], supportedHdrTypes=[2, 3, 4]}, {id=3, width=1080, height=2436, fps=60.0, vsync=60.0, synthetic=false, alternativeRefreshRates=[40.0, 120.00001, 144.00002], supportedHdrTypes=[2, 3, 4]}, {id=4, width=1080, height=2436, fps=40.0, vsync=40.0, synthetic=false, alternativeRefreshRates=[60.0, 120.00001, 144.00002], supportedHdrTypes=[2, 3, 4]}], colorMode 0, supportedColorModes [0, 7, 9], hdrCapabilities HdrCapabilities{mSupportedHdrTypes=[2, 3, 4], mMaxLuminance=500.0, mMaxAverageLuminance=500.0, mMinLuminance=0.0}, allmSupported false, gameContentTypeSupported false, density 480, 394.818 x 392.828 dpi, appVsyncOff 1099999, presDeadline 13300000, cutout DisplayCutout{insets=Rect(0, 108 - 0, 0) waterfall=Insets{left=0, top=0, right=0, bottom=0} boundingRect={Bounds=[Rect(0, 0 - 0, 0), Rect(468, 0 - 612, 108), Rect(0, 0 - 0, 0), Rect(0, 0 - 0, 0)]} cutoutPathParserInfo={CutoutPathParserInfo{displayWidth=1080 displayHeight=2436 physicalDisplayWidth=1080 physicalDisplayHeight=2436 density={3.0} cutoutSpec={M -24,0 L -24,36 L 24,36 L 24,0 Z @dp} rotation={0} scale={1.0} physicalPixelDisplaySizeRatio={1.0}}} sideOverrides={}}, touch INTERNAL, rotation 0, type INTERNAL, address {port=0}, deviceProductInfo null, state ON, committedState ON, frameRateOverride , brightnessMinimum 0.0, brightnessMaximum 1.0, brightnessDefault 0.2, hdrSdrRatio NaN, FLAG_ALLOWED_TO_BE_DEFAULT_DISPLAY, FLAG_ROTATES_WITH_CONTENT, FLAG_SECURE, FLAG_SUPPORTS_PROTECTED_BUFFERS, FLAG_TRUSTED, installOrientation 0, displayShape DisplayShape{ spec=596679847 displayWidth=1080 displayHeight=2436 physicalPixelDisplaySizeRatio=1.0 rotation=0 offsetX=0 offsetY=0 scale=1.0}}
11-09 00:49:47.766  1789  1916 I DisplayDeviceRepository: Display device changed: DisplayDeviceInfo{"Built-in Screen": uniqueId="local:0", 1080 x 2436, modeId 2, renderFrameRate 120.00001, defaultModeId 1, userPreferredModeId -1, supportedModes [{id=1, width=1080, height=2436, fps=144.00002, vsync=144.00002, synthetic=false, alternativeRefreshRates=[40.0, 60.0, 120.00001], supportedHdrTypes=[2, 3, 4]}, {id=2, width=1080, height=2436, fps=120.00001, vsync=120.00001, synthetic=false, alternativeRefreshRates=[40.0, 60.0, 144.00002], supportedHdrTypes=[2, 3, 4]}, {id=3, width=1080, height=2436, fps=60.0, vsync=60.0, synthetic=false, alternativeRefreshRates=[40.0, 120.00001, 144.00002], supportedHdrTypes=[2, 3, 4]}, {id=4, width=1080, height=2436, fps=40.0, vsync=40.0, synthetic=false, alternativeRefreshRates=[60.0, 120.00001, 144.00002], supportedHdrTypes=[2, 3, 4]}], colorMode 0, supportedColorModes [0, 7, 9], hdrCapabilities HdrCapabilities{mSupportedHdrTypes=[2, 3, 4], mMaxLuminance=500.0, mMaxAverageLuminance=500.0, mMinLuminance=0.0}, allmSupported false, gameContentTypeSupported false, density 480, 394.818 x 392.828 dpi, appVsyncOff 1099999, presDeadline 13300000, cutout DisplayCutout{insets=Rect(0, 108 - 0, 0) waterfall=Insets{left=0, top=0, right=0, bottom=0} boundingRect={Bounds=[Rect(0, 0 - 0, 0), Rect(468, 0 - 612, 108), Rect(0, 0 - 0, 0), Rect(0, 0 - 0, 0)]} cutoutPathParserInfo={CutoutPathParserInfo{displayWidth=1080 displayHeight=2436 physicalDisplayWidth=1080 physicalDisplayHeight=2436 density={3.0} cutoutSpec={M -24,0 L -24,36 L 24,36 L 24,0 Z @dp} rotation={0} scale={1.0} physicalPixelDisplaySizeRatio={1.0}}} sideOverrides={}}, touch INTERNAL, rotation 0, type INTERNAL, address {port=0}, deviceProductInfo null, state ON, committedState ON, frameRateOverride {uid=1000 frameRateHz=60.000004} {uid=10157 frameRateHz=120.00001} {uid=10193 frameRateHz=120.00001} , brightnessMinimum 0.0, brightnessMaximum 1.0, brightnessDefault 0.2, hdrSdrRatio NaN, FLAG_ALLOWED_TO_BE_DEFAULT_DISPLAY, FLAG_ROTATES_WITH_CONTENT, FLAG_SECURE, FLAG_SUPPORTS_PROTECTED_BUFFERS, FLAG_TRUSTED, installOrientation 0, displayShape DisplayShape{ spec=596679847 displayWidth=1080 displayHeight=2436 physicalPixelDisplaySizeRatio=1.0 rotation=0 offsetX=0 offsetY=0 scale=1.0}}
11-09 00:49:47.845  1789  1914 E ApplicationHelper: Fail to get PackageManager
11-09 00:49:47.895  1789  3221 I Hiber/nativeServiceClient: check binder uid=10206
11-09 00:49:47.897  1789  3221 I Hiber/nativeServiceClient: check binder uid=10090
11-09 00:49:48.817  1789  2105 I ActivityTaskManager: agaresFW preload processName=com.transsion.carlcare for ComponentInfo{com.transsion.carlcare/com.transsion.carlcare.MainActivity}
11-09 00:49:48.819  1789  1916 W ActivityManager: startProcessLocked, app = ProcessRecord{ebed97 0:com.transsion.carlcare/u0a194}
11-09 00:49:48.820  1789  2054 I ActivityManager: Start proc 3990:com.transsion.carlcare/u0a194 for activity {com.transsion.carlcare/com.transsion.carlcare.MainActivity}
11-09 00:49:48.842  1789  1914 E ApplicationHelper: Fail to get PackageManager
11-09 00:49:48.842  1789  3218 I Hiber/appStateMachine: uid:10194 enter RunningState
11-09 00:49:48.857  1789  2766 I input_debug: package: com.transsion.XOSLauncher mNeedShowSafeInput: false inputType: 0 methodMap: true isKeyguardShowing: false enable: 0 isSplitScreen: false
11-09 00:49:48.924  1789  1914 E ApplicationHelper: Fail to get PackageManager
11-09 00:49:48.990  1789  1914 E ApplicationHelper: Fail to get PackageManager
11-09 00:49:48.990  1789  1914 E ApplicationHelper: Fail to get PackageManager
11-09 00:49:49.022   712 32494 I keystore2: system/security/keystore2/src/security_level.rs:231 - create_operation start
11-09 00:49:49.022   712 32494 I keystore2: system/security/keystore2/src/security_level.rs:233 - caller_pid=3990
11-09 00:49:49.022   712 32494 I keystore2: system/security/keystore2/src/security_level.rs:234 - caller_uid=10194
11-09 00:49:49.022   712 32494 I keystore2: system/security/keystore2/src/security_level.rs:235 - forced=false
11-09 00:49:49.022   712 32494 I keystore2: system/security/keystore2/src/security_level.rs:236 - key.domain=r#KEY_ID
11-09 00:49:49.022   712 32494 I keystore2: system/security/keystore2/src/security_level.rs:237 - key.alias=None
11-09 00:49:49.023   712 32494 I keystore2: system/security/keystore2/src/security_level.rs:273 - with_try_import start
11-09 00:49:49.023   712 32494 I keystore2: system/security/keystore2/src/security_level.rs:295 - with_try_import end
11-09 00:49:49.023   712 32494 I keystore2: system/security/keystore2/src/security_level.rs:329 - authorize_create start
11-09 00:49:49.023   712 32494 I keystore2: system/security/keystore2/src/security_level.rs:340 - authorize_create end
11-09 00:49:49.023   712 32494 I keystore2: system/security/keystore2/src/security_level.rs:341 - unwrap_key_if_required start
11-09 00:49:49.023   712 32494 I keystore2: system/security/keystore2/src/security_level.rs:349 - unwrap_key_if_required end
11-09 00:49:49.023   712 32494 I keystore2: system/security/keystore2/src/security_level.rs:350 - upgrade_keyblob_if_required_with start
11-09 00:49:49.025   712 32494 I keystore2: system/security/keystore2/src/security_level.rs:391 - upgrade_keyblob_if_required_with end
11-09 00:49:49.025   712 32494 I keystore2: system/security/keystore2/src/enforcements.rs:249 - finalize_create_authorization self.state=NoAuthRequired
11-09 00:49:49.025   712 32494 I keystore2: system/security/keystore2/src/security_level.rs:397 - operation_db.create_operation start
11-09 00:49:49.025   712 32494 I keystore2: system/security/keystore2/src/security_level.rs:415 - operation_db.create_operation end
11-09 00:49:49.028   712 32494 I keystore2: system/security/keystore2/src/security_level.rs:231 - create_operation start
11-09 00:49:49.028   712 32494 I keystore2: system/security/keystore2/src/security_level.rs:233 - caller_pid=3990
11-09 00:49:49.028   712 32494 I keystore2: system/security/keystore2/src/security_level.rs:234 - caller_uid=10194
11-09 00:49:49.028   712 32494 I keystore2: system/security/keystore2/src/security_level.rs:235 - forced=false
11-09 00:49:49.028   712 32494 I keystore2: system/security/keystore2/src/security_level.rs:236 - key.domain=r#KEY_ID
11-09 00:49:49.028   712 32494 I keystore2: system/security/keystore2/src/security_level.rs:237 - key.alias=None
11-09 00:49:49.028   712 32494 I keystore2: system/security/keystore2/src/security_level.rs:273 - with_try_import start
11-09 00:49:49.028   712 32494 I keystore2: system/security/keystore2/src/security_level.rs:295 - with_try_import end
11-09 00:49:49.028   712 32494 I keystore2: system/security/keystore2/src/security_level.rs:329 - authorize_create start
11-09 00:49:49.028   712 32494 I keystore2: system/security/keystore2/src/security_level.rs:340 - authorize_create end
11-09 00:49:49.028   712 32494 I keystore2: system/security/keystore2/src/security_level.rs:341 - unwrap_key_if_required start
11-09 00:49:49.028   712 32494 I keystore2: system/security/keystore2/src/security_level.rs:349 - unwrap_key_if_required end
11-09 00:49:49.028   712 32494 I keystore2: system/security/keystore2/src/security_level.rs:350 - upgrade_keyblob_if_required_with start
11-09 00:49:49.034   712 32494 I keystore2: system/security/keystore2/src/security_level.rs:391 - upgrade_keyblob_if_required_with end
11-09 00:49:49.034   712 32494 I keystore2: system/security/keystore2/src/enforcements.rs:249 - finalize_create_authorization self.state=NoAuthRequired
11-09 00:49:49.034   712 32494 I keystore2: system/security/keystore2/src/security_level.rs:397 - operation_db.create_operation start
11-09 00:49:49.034   712 32494 I keystore2: system/security/keystore2/src/security_level.rs:415 - operation_db.create_operation end
11-09 00:49:49.066   712   730 I keystore2: system/security/keystore2/src/security_level.rs:231 - create_operation start
11-09 00:49:49.066   712   730 I keystore2: system/security/keystore2/src/security_level.rs:233 - caller_pid=3990
11-09 00:49:49.066   712   730 I keystore2: system/security/keystore2/src/security_level.rs:234 - caller_uid=10194
11-09 00:49:49.066   712   730 I keystore2: system/security/keystore2/src/security_level.rs:235 - forced=false
11-09 00:49:49.066   712   730 I keystore2: system/security/keystore2/src/security_level.rs:236 - key.domain=r#KEY_ID
11-09 00:49:49.066   712   730 I keystore2: system/security/keystore2/src/security_level.rs:237 - key.alias=None
11-09 00:49:49.066   712   730 I keystore2: system/security/keystore2/src/security_level.rs:273 - with_try_import start
11-09 00:49:49.067   712   730 I keystore2: system/security/keystore2/src/security_level.rs:295 - with_try_import end
11-09 00:49:49.067   712   730 I keystore2: system/security/keystore2/src/security_level.rs:329 - authorize_create start
11-09 00:49:49.067   712   730 I keystore2: system/security/keystore2/src/security_level.rs:340 - authorize_create end
11-09 00:49:49.067   712   730 I keystore2: system/security/keystore2/src/security_level.rs:341 - unwrap_key_if_required start
11-09 00:49:49.067   712   730 I keystore2: system/security/keystore2/src/security_level.rs:349 - unwrap_key_if_required end
11-09 00:49:49.067   712   730 I keystore2: system/security/keystore2/src/security_level.rs:350 - upgrade_keyblob_if_required_with start
11-09 00:49:49.069   712   730 I keystore2: system/security/keystore2/src/security_level.rs:391 - upgrade_keyblob_if_required_with end
11-09 00:49:49.069   712   730 I keystore2: system/security/keystore2/src/enforcements.rs:249 - finalize_create_authorization self.state=NoAuthRequired
11-09 00:49:49.069   712   730 I keystore2: system/security/keystore2/src/security_level.rs:397 - operation_db.create_operation start
11-09 00:49:49.069   712   730 I keystore2: system/security/keystore2/src/security_level.rs:415 - operation_db.create_operation end
11-09 00:49:49.111   712   730 I keystore2: system/security/keystore2/src/security_level.rs:231 - create_operation start
11-09 00:49:49.111   712   730 I keystore2: system/security/keystore2/src/security_level.rs:233 - caller_pid=3990
11-09 00:49:49.111   712   730 I keystore2: system/security/keystore2/src/security_level.rs:234 - caller_uid=10194
11-09 00:49:49.111   712   730 I keystore2: system/security/keystore2/src/security_level.rs:235 - forced=false
11-09 00:49:49.111   712   730 I keystore2: system/security/keystore2/src/security_level.rs:236 - key.domain=r#KEY_ID
11-09 00:49:49.111   712   730 I keystore2: system/security/keystore2/src/security_level.rs:237 - key.alias=None
11-09 00:49:49.111   712   730 I keystore2: system/security/keystore2/src/security_level.rs:273 - with_try_import start
11-09 00:49:49.112   712   730 I keystore2: system/security/keystore2/src/security_level.rs:295 - with_try_import end
11-09 00:49:49.112   712   730 I keystore2: system/security/keystore2/src/security_level.rs:329 - authorize_create start
11-09 00:49:49.112   712   730 I keystore2: system/security/keystore2/src/security_level.rs:340 - authorize_create end
11-09 00:49:49.112   712   730 I keystore2: system/security/keystore2/src/security_level.rs:341 - unwrap_key_if_required start
11-09 00:49:49.112   712   730 I keystore2: system/security/keystore2/src/security_level.rs:349 - unwrap_key_if_required end
11-09 00:49:49.112   712   730 I keystore2: system/security/keystore2/src/security_level.rs:350 - upgrade_keyblob_if_required_with start
11-09 00:49:49.113   712   730 I keystore2: system/security/keystore2/src/security_level.rs:391 - upgrade_keyblob_if_required_with end
11-09 00:49:49.114   712   730 I keystore2: system/security/keystore2/src/enforcements.rs:249 - finalize_create_authorization self.state=NoAuthRequired
11-09 00:49:49.114   712   730 I keystore2: system/security/keystore2/src/security_level.rs:397 - operation_db.create_operation start
11-09 00:49:49.114   712   730 I keystore2: system/security/keystore2/src/security_level.rs:415 - operation_db.create_operation end
11-09 00:49:49.120  1789  1914 E ApplicationHelper: Fail to get PackageManager
11-09 00:49:49.121  1789  1914 E ApplicationHelper: Fail to get PackageManager
11-09 00:49:49.164  3990  6344 W PowerProfile: ambient.on is deprecated! Use ambient.on.display0 instead.
11-09 00:49:49.164  3990  6344 W PowerProfile: screen.on is deprecated! Use screen.on.display0 instead.
11-09 00:49:49.164  3990  6344 W PowerProfile: screen.full is deprecated! Use screen.full.display0 instead.
11-09 00:49:49.164  3990  6344 W ModemPowerProfile: getAverageBatteryDrainMaH called with unexpected key: 0x0, drain:SLEEP,RAT:DEFAULT
11-09 00:49:49.165  3990  6344 W ModemPowerProfile: getAverageBatteryDrainMaH called with unexpected key: 0x10000000, drain:IDLE,RAT:DEFAULT
11-09 00:49:49.165  3990  6344 W ModemPowerProfile: getAverageBatteryDrainMaH called with unexpected key: 0x20000000, drain:RX,RAT:DEFAULT
11-09 00:49:49.165  3990  6344 W ModemPowerProfile: getAverageBatteryDrainMaH called with unexpected key: 0x30000000, drain:TX,level:0,RAT:DEFAULT
11-09 00:49:49.165  3990  6344 W ModemPowerProfile: getAverageBatteryDrainMaH called with unexpected key: 0x31000000, drain:TX,level:1,RAT:DEFAULT
11-09 00:49:49.165  3990  6344 W ModemPowerProfile: getAverageBatteryDrainMaH called with unexpected key: 0x32000000, drain:TX,level:2,RAT:DEFAULT
11-09 00:49:49.165  3990  6344 W ModemPowerProfile: getAverageBatteryDrainMaH called with unexpected key: 0x33000000, drain:TX,level:3,RAT:DEFAULT
11-09 00:49:49.165  3990  6344 W ModemPowerProfile: getAverageBatteryDrainMaH called with unexpected key: 0x34000000, drain:TX,level:4,RAT:DEFAULT
11-09 00:49:49.272  1789  3218 I Hiber/importantScene: default_sms: packageName=com.transsion.smartmessage
11-09 00:49:49.272  1789  3218 I Hiber/appStateMachine: uid:10133, pkg=com.transsion.smartmessage  can't transition from R to F ,importantcase is : default_sms
11-09 00:49:49.363  1789  2707 I AlarmManager: going to acquire wakelock now
11-09 00:49:49.363  1789  2707 I ActivityManager: checkedOptions.getThunderBackSupport() = false, packageName = com.whatsapp , thunderbackUserId = 0
11-09 00:49:49.363  1789  2707 E TranDynamicBarAnimControllerImpl: TranDynamicBarAnimControllerImpl setFromDynamicIslandToWindow pkgName:com.whatsapp
11-09 00:49:49.363  1789  2707 E TranDynamicBarAnimControllerImpl: start setFromDynamicIslandToWindow startFromDynamicIsland:false
11-09 00:49:49.363  1789  2707 E TranDynamicBarAnimControllerImpl: end setFromDynamicIslandToWindow mDynamicIslandPkgName:com.whatsapp mStartFromDynamicIsland:false
11-09 00:49:49.364  1789  2653 W JobScheduler.Concurrency: Had fewer than 16 in existence
11-09 00:49:49.364  1789  1914 E ApplicationHelper: Fail to get PackageManager
11-09 00:49:49.365  1789  2653 W JobScheduler.Concurrency: Had fewer than 16 in existence
11-09 00:49:49.365  1789  2653 W JobScheduler.Concurrency: Had fewer than 16 in existence
11-09 00:49:49.366  1789  1914 E ApplicationHelper: Fail to get PackageManager
11-09 00:49:49.369  1789  1914 E ApplicationHelper: Fail to get PackageManager
11-09 00:49:49.372  1789  1914 E ApplicationHelper: Fail to get PackageManager
11-09 00:49:49.392  1789  1914 E ApplicationHelper: Fail to get PackageManager
11-09 00:49:49.392  1789  1914 E ApplicationHelper: Fail to get PackageManager
11-09 00:49:49.896  1789  4056 I Hiber/hiber: begin socketDestroy, mUid: 10206
11-09 00:49:49.898  1789  4056 I Hiber/hiber: clearDnsCache again!!!
11-09 00:49:50.366  1789  1789 I AlarmManager: going to release wakelock now
11-09 00:49:50.812  1789  1980 I TranThermalBacklightCtrl: mMainboardTemperaturePath is: /sys/class/thermal/thermal_zone26/temp
11-09 00:49:50.816  1789  1980 I TranThermalBacklightCtrl: mBatteryTempPath is: /sys/class/thermal/thermal_zone46/temp
11-09 00:49:50.816  1789  1980 I TranThermalBacklightCtrl: createStatusUpdateThread(): StatusUpdateThread create succeed
11-09 00:49:50.947  1789  3218 I Hiber/importantScene: isTrafficActive uid:10249 speed :11
11-09 00:49:50.947  1789  3218 I Hiber/importantScene: uid:10249 speed :11
11-09 00:49:50.947  1789  3218 I Hiber/appStateMachine: uid:10249 enter FrozenState
11-09 00:49:50.948  1789  3218 I Hiber/stateManager: freeze uid: 10249 com.whatsapp costTime=0ms ,last unfreeze 5s ago
11-09 00:49:50.948  1789  3218 I Hiber/restrictionPolicy: uid:10249  pkgName:com.whatsapp isAllowedNet
11-09 00:49:50.948  1789  3219 I Hiber/hiber: msg for start proxy frozen state
11-09 00:49:50.948  1789  3221 I Hiber/nativeServiceClient: watch app network uid=10249, persistent=0
11-09 00:49:50.948  1789  3219 I Hiber/proxyManager: p_service: 10249
11-09 00:49:50.948  1789  3219 I Hiber/proxyManager: p_job: 10249 pkgName=com.whatsapp which=2
11-09 00:49:50.948  1789  1914 E ApplicationHelper: Fail to get PackageManager
11-09 00:49:50.948  1789  4056 I Hiber/proxyWakeLock: add uid: 10249 wakelock: lock:61785857PARTIAL_WAKE_LOCK                 '*job*/@androidx.work.systemjobscheduler@com.whatsapp/androidx.work.impl.background.systemjob.SystemJobService (uid=1000 pid=1789 ws=WorkSource{10249 com.whatsapp})  to FroceReleaseWakeLock list
11-09 00:49:50.949  1789  3220 I Hiber/stateManager: unfreeze uid: 10249 com.whatsapp pids:[17672]  reason:asyncBinderWhiteList   cpninfo:TRANSACTION_2 costTime=0ms ,last freeze 0s ago
11-09 00:49:50.949  1789  3218 I Hiber/appStateMachine: uid=10249, pkg=com.whatsapp, transition from Frozen to Running, reason=asyncBinderWhiteList
11-09 00:49:50.949  1789  3218 I Hiber/appStateMachine: uid:10249 exit FrozenState
11-09 00:49:50.949  1789  3219 I Hiber/hiber: proxy alarm (uid=10249, pkgName=com.whatsapp)
11-09 00:49:50.949  1789  3219 I Hiber/proxyManager: p_alarm: uid=10249, pkgName=com.whatsapp
11-09 00:49:50.949  1789  3219 I Hiber/proxyManager: up_service: 10249
11-09 00:49:50.949  1789  3219 I Hiber/proxyManager: un_job: 10249
11-09 00:49:50.950  1789  2653 I tranpm/ServicePolicy: isBlockHsB1 false
11-09 00:49:50.953  1789  2653 I tranpm/ServicePolicy: isBlockHsB1 false
11-09 00:49:50.953  1789  3219 W JobServiceContext: Sending onNetworkChanged for a job that isn't started. JobStatus{3067de1 androidx.work.systemjobscheduler:u0a249/18089 @androidx.work.systemjobscheduler@com.whatsapp/androidx.work.impl.background.systemjob.SystemJobService u=0 s=10249 TIME=-1s591ms:none NET READY}
11-09 00:49:50.954  1789  1914 E ApplicationHelper: Fail to get PackageManager
11-09 00:49:50.955  1789  1914 E ApplicationHelper: Fail to get PackageManager
11-09 00:49:50.960  1789  2054 I ActivityManager: Start proc 6363:com.google.android.adservices.api/u0a217 for service {com.google.android.adservices.api/com.android.adservices.service.measurement.reporting.AggregateReportingJobService}
11-09 00:49:50.962  1789  1858 E JobScheduler.JobStatus: Hasn't been prepared: JobStatus{3067de1 androidx.work.systemjobscheduler:u0a249/18089 @androidx.work.systemjobscheduler@com.whatsapp/androidx.work.impl.background.systemjob.SystemJobService u=0 s=10249 TIME=-1s599ms:none NET READY}
11-09 00:49:50.962  1789  1858 E JobScheduler.JobStatus: Was already unprepared at 
11-09 00:49:50.962  1789  1858 E JobScheduler.JobStatus: java.lang.Throwable
11-09 00:49:50.962  1789  1858 E JobScheduler.JobStatus: 	at com.android.server.job.controllers.JobStatus.unprepareLocked(JobStatus.java:1033)
11-09 00:49:50.962  1789  1858 E JobScheduler.JobStatus: 	at com.android.server.job.JobSchedulerService.onJobCompletedLocked(JobSchedulerService.java:3271)
11-09 00:49:50.962  1789  1858 E JobScheduler.JobStatus: 	at com.android.server.job.JobServiceContext.closeAndCleanupJobLocked(JobServiceContext.java:1684)
11-09 00:49:50.962  1789  1858 E JobScheduler.JobStatus: 	at com.android.server.job.JobServiceContext.handleFinishedLocked(JobServiceContext.java:1316)
11-09 00:49:50.962  1789  1858 E JobScheduler.JobStatus: 	at com.android.server.job.JobServiceContext.doCallbackLocked(JobServiceContext.java:1190)
11-09 00:49:50.962  1789  1858 E JobScheduler.JobStatus: 	at com.android.server.job.JobServiceContext.doCallback(JobServiceContext.java:1171)
11-09 00:49:50.962  1789  1858 E JobScheduler.JobStatus: 	at com.android.server.job.JobServiceContext.doAcknowledgeStopMessage(JobServiceContext.java:814)
11-09 00:49:50.962  1789  1858 E JobScheduler.JobStatus: 	at com.android.server.job.JobServiceContext$JobCallback.acknowledgeStopMessage(JobServiceContext.java:286)
11-09 00:49:50.962  1789  1858 E JobScheduler.JobStatus: 	at android.app.job.IJobCallback$Stub.onTransact(IJobCallback.java:263)
11-09 00:49:50.962  1789  1858 E JobScheduler.JobStatus: 	at android.os.Binder.execTransactInternal(Binder.java:1534)
11-09 00:49:50.962  1789  1858 E JobScheduler.JobStatus: 	at android.os.Binder.execTransact(Binder.java:1460)
11-09 00:49:50.977  1789  1914 E ApplicationHelper: Fail to get PackageManager
11-09 00:49:51.048  1789  1914 E ApplicationHelper: Fail to get PackageManager
11-09 00:49:51.049  1789  2653 W JobServiceContext: Sending onNetworkChanged for a job that isn't started. JobStatus{d763a33 #u0a217/19 com.google.android.adservices.api/com.android.adservices.spe.AdServicesJobService u=0 s=10217 TIME=-1s649ms:+59m58s351ms NET BATNOTLOW PERIODIC PERSISTED READY}
11-09 00:49:51.049  1789  2653 W JobServiceContext: Sending onNetworkChanged for a job that isn't started. JobStatus{74d9662 #u0a217/7 com.google.android.adservices.api/com.android.adservices.service.measurement.reporting.AggregateReportingJobService u=0 s=10217 TIME=-1s652ms:+59m58s348ms NET BATNOTLOW PERIODIC PERSISTED READY}
11-09 00:49:51.061  1789  1914 E ApplicationHelper: Fail to get PackageManager
11-09 00:49:51.095  1789  1914 E ApplicationHelper: Fail to get PackageManager
11-09 00:49:51.096  1789  1914 E ApplicationHelper: Fail to get PackageManager
11-09 00:49:51.118  1789  1914 E ApplicationHelper: Fail to get PackageManager
11-09 00:49:51.119  1789  1914 E ApplicationHelper: Fail to get PackageManager
11-09 00:49:51.948  1789  3221 I Hiber/nativeServiceClient: check binder uid=10249
11-09 00:49:52.089  1789  1916 I DisplayDeviceRepository: Display device changed: DisplayDeviceInfo{"Built-in Screen": uniqueId="local:0", 1080 x 2436, modeId 2, renderFrameRate 120.00001, defaultModeId 1, userPreferredModeId -1, supportedModes [{id=1, width=1080, height=2436, fps=144.00002, vsync=144.00002, synthetic=false, alternativeRefreshRates=[40.0, 60.0, 120.00001], supportedHdrTypes=[2, 3, 4]}, {id=2, width=1080, height=2436, fps=120.00001, vsync=120.00001, synthetic=false, alternativeRefreshRates=[40.0, 60.0, 144.00002], supportedHdrTypes=[2, 3, 4]}, {id=3, width=1080, height=2436, fps=60.0, vsync=60.0, synthetic=false, alternativeRefreshRates=[40.0, 120.00001, 144.00002], supportedHdrTypes=[2, 3, 4]}, {id=4, width=1080, height=2436, fps=40.0, vsync=40.0, synthetic=false, alternativeRefreshRates=[60.0, 120.00001, 144.00002], supportedHdrTypes=[2, 3, 4]}], colorMode 0, supportedColorModes [0, 7, 9], hdrCapabilities HdrCapabilities{mSupportedHdrTypes=[2, 3, 4], mMaxLuminance=500.0, mMaxAverageLuminance=500.0, mMinLuminance=0.0}, allmSupported false, gameContentTypeSupported false, density 480, 394.818 x 392.828 dpi, appVsyncOff 1099999, presDeadline 13300000, cutout DisplayCutout{insets=Rect(0, 108 - 0, 0) waterfall=Insets{left=0, top=0, right=0, bottom=0} boundingRect={Bounds=[Rect(0, 0 - 0, 0), Rect(468, 0 - 612, 108), Rect(0, 0 - 0, 0), Rect(0, 0 - 0, 0)]} cutoutPathParserInfo={CutoutPathParserInfo{displayWidth=1080 displayHeight=2436 physicalDisplayWidth=1080 physicalDisplayHeight=2436 density={3.0} cutoutSpec={M -24,0 L -24,36 L 24,36 L 24,0 Z @dp} rotation={0} scale={1.0} physicalPixelDisplaySizeRatio={1.0}}} sideOverrides={}}, touch INTERNAL, rotation 0, type INTERNAL, address {port=0}, deviceProductInfo null, state ON, committedState ON, frameRateOverride {uid=1000 frameRateHz=60.000004} {uid=10157 frameRateHz=60.000004} {uid=10193 frameRateHz=60.000004} , brightnessMinimum 0.0, brightnessMaximum 1.0, brightnessDefault 0.2, hdrSdrRatio NaN, FLAG_ALLOWED_TO_BE_DEFAULT_DISPLAY, FLAG_ROTATES_WITH_CONTENT, FLAG_SECURE, FLAG_SUPPORTS_PROTECTED_BUFFERS, FLAG_TRUSTED, installOrientation 0, displayShape DisplayShape{ spec=596679847 displayWidth=1080 displayHeight=2436 physicalPixelDisplaySizeRatio=1.0 rotation=0 offsetX=0 offsetY=0 scale=1.0}}
11-09 00:49:52.217  1789  3218 I Hiber/importantScene: widget: packageName=com.transsion.iotcard
11-09 00:49:52.217  1789  3218 I Hiber/appStateMachine: uid:10279, pkg=com.transsion.iotcard  can't transition from R to F ,importantcase is : widget
11-09 00:49:53.844  1789  3218 I Hiber/importantScene: isTrafficActive uid:10194 speed :0
11-09 00:49:53.844  1789  3218 I Hiber/appStateMachine: uid:10194 enter FrozenState
11-09 00:49:53.845  1789  3218 I Hiber/stateManager: freeze uid: 10194 com.transsion.carlcare costTime=0ms ,last unfreeze 14925s ago
11-09 00:49:53.845  1789  3219 I Hiber/hiber: msg for start proxy frozen state
11-09 00:49:53.845  1789  3219 I Hiber/proxyManager: p_service: 10194
11-09 00:49:53.845  1789  3219 I Hiber/proxyManager: p_job: 10194 pkgName=com.transsion.carlcare which=2
11-09 00:49:53.845  1789  3219 I Hiber/hiber: proxy alarm (uid=10194, pkgName=com.transsion.carlcare)
11-09 00:49:53.845  1789  3219 I Hiber/proxyManager: p_alarm: uid=10194, pkgName=com.transsion.carlcare
11-09 00:49:53.845  1789  1914 E ApplicationHelper: Fail to get PackageManager
11-09 00:49:54.735  1789  3829 I PackageInstaller: Installation Boost On
11-09 00:49:54.846  1789  3221 I Hiber/nativeServiceClient: check binder uid=10194
11-09 00:49:55.006  1789  1916 I DisplayDeviceRepository: Display device changed render timings: "Built-in Screen", renderFrameRate=60.000004, presentationDeadlineNanos=16600000, appVsyncOffsetNanos=1133334
11-09 00:49:55.439  1789  2146 E TranStabilityRecoveryImpl: enter isVersionSupport.
11-09 00:49:55.439  1789  2146 E TranStabilityRecoveryImpl: enter isProjectEnable.
11-09 00:49:55.440  1789  1914 E ApplicationHelper: Fail to get PackageManager
11-09 00:49:55.442  1789  1914 E ApplicationHelper: Fail to get PackageManager
11-09 00:49:55.448  1789  1914 E ApplicationHelper: Fail to get PackageManager
11-09 00:49:55.448  1789  1980 I Griffin/MemoryMonitorManager: ProcessRecord= ProcessRecord{4949dd3 5919:com.android.vending:quick_launch/u0a113} pss= 49 threshold= 3072
11-09 00:49:55.457  1789  1980 I Griffin/MemoryMonitorManager: ProcessRecord= ProcessRecord{143f5a4 2116:com.android.vending:background/u0a113} pss= 50 threshold= 3072
11-09 00:49:55.461  1789  2146 I PackageManager: Integrity check passed for file:///data/app/vmdl25737414.tmp
11-09 00:49:55.542  1995  5908 E AconfigFlags: Failed to read Aconfig values from /vendor/etc/aconfig_flags.pb
11-09 00:49:55.542  1995  5908 E AconfigFlags: java.io.FileNotFoundException: /vendor/etc/aconfig_flags.pb: open failed: ENOENT (No such file or directory)
11-09 00:49:55.542  1995  5908 E AconfigFlags: 	at libcore.io.IoBridge.open(IoBridge.java:574)
11-09 00:49:55.542  1995  5908 E AconfigFlags: 	at java.io.FileInputStream.<init>(FileInputStream.java:179)
11-09 00:49:55.542  1995  5908 E AconfigFlags: 	at java.io.FileInputStream.<init>(FileInputStream.java:133)
11-09 00:49:55.542  1995  5908 E AconfigFlags: 	at com.android.internal.pm.pkg.component.AconfigFlags.<init>(AconfigFlags.java:71)
11-09 00:49:55.542  1995  5908 E AconfigFlags: 	at com.android.internal.pm.pkg.parsing.ParsingPackageUtils.<clinit>(ParsingPackageUtils.java:302)
11-09 00:49:55.542  1995  5908 E AconfigFlags: 	at com.android.internal.pm.parsing.PackageParser2.<init>(PackageParser2.java:99)
11-09 00:49:55.542  1995  5908 E AconfigFlags: 	at android.content.pm.PackageManager.getPackageArchiveInfo(PackageManager.java:8817)
11-09 00:49:55.542  1995  5908 E AconfigFlags: 	at android.content.pm.PackageManager.getPackageArchiveInfo(PackageManager.java:8790)
11-09 00:49:55.542  1995  5908 E AconfigFlags: 	at awav.bq(PG:1)
11-09 00:49:55.542  1995  5908 E AconfigFlags: 	at algo.mP(PG:242)
11-09 00:49:55.542  1995  5908 E AconfigFlags: 	at bglk.mP(PG:16)
11-09 00:49:55.542  1995  5908 E AconfigFlags: 	at com.google.android.finsky.verifier.impl.installtime.VerifyInstallTask.mb(PG:48)
11-09 00:49:55.542  1995  5908 E AconfigFlags: 	at axha.run(PG:199)
11-09 00:49:55.542  1995  5908 E AconfigFlags: 	at java.util.concurrent.ThreadPoolExecutor.runWorker(ThreadPoolExecutor.java:1156)
11-09 00:49:55.542  1995  5908 E AconfigFlags: 	at java.util.concurrent.ThreadPoolExecutor$Worker.run(ThreadPoolExecutor.java:651)
11-09 00:49:55.542  1995  5908 E AconfigFlags: 	at bish.run(PG:57)
11-09 00:49:55.542  1995  5908 E AconfigFlags: 	at java.lang.Thread.run(Thread.java:1119)
11-09 00:49:55.542  1995  5908 E AconfigFlags: Caused by: android.system.ErrnoException: open failed: ENOENT (No such file or directory)
11-09 00:49:55.542  1995  5908 E AconfigFlags: 	at libcore.io.Linux.open(Native Method)
11-09 00:49:55.542  1995  5908 E AconfigFlags: 	at libcore.io.ForwardingOs.open(ForwardingOs.java:568)
11-09 00:49:55.542  1995  5908 E AconfigFlags: 	at libcore.io.BlockGuardOs.open(BlockGuardOs.java:274)
11-09 00:49:55.542  1995  5908 E AconfigFlags: 	at libcore.io.ForwardingOs.open(ForwardingOs.java:568)
11-09 00:49:55.542  1995  5908 E AconfigFlags: 	at android.app.ActivityThread$AndroidOs.open(ActivityThread.java:8989)
11-09 00:49:55.542  1995  5908 E AconfigFlags: 	at libcore.io.IoBridge.open(IoBridge.java:560)
11-09 00:49:55.542  1995  5908 E AconfigFlags: 	... 16 more
11-09 00:49:55.665  5986  5986 W ContextImpl: Calling a method in the system process without a qualified user: android.app.ContextImpl.stopService:2113 android.content.ContextWrapper.stopService:858 a4.d$g.handleMessage:277 android.os.Handler.dispatchMessage:107 android.os.Looper.loopOnce:311 
11-09 00:49:55.666  1789  3983 W ForegroundServiceTypeLoggerModule: FGS stop call for: 1000 has no types!
11-09 00:49:55.684  1789  3940 I ActivityManager: Process com.transsion.keyguardgesture (pid 5986) has died: prcp FGS 
11-09 00:49:55.684  1789  3940 I ActivityManager: need getLruProcesses
11-09 00:49:55.951  1789  3218 I Hiber/importantScene: isTrafficActive uid:10249 speed :10
11-09 00:49:55.951  1789  3218 I Hiber/importantScene: uid:10249 speed :10
11-09 00:49:55.951  1789  3218 I Hiber/appStateMachine: uid:10249 enter FrozenState
11-09 00:49:55.952  1789  3218 I Hiber/stateManager: freeze uid: 10249 com.whatsapp costTime=0ms ,last unfreeze 5s ago
11-09 00:49:55.952  1789  3218 I Hiber/restrictionPolicy: uid:10249  pkgName:com.whatsapp isAllowedNet
11-09 00:49:55.952  1789  3219 I Hiber/hiber: msg for start proxy frozen state
11-09 00:49:55.952  1789  3221 I Hiber/nativeServiceClient: watch app network uid=10249, persistent=0
11-09 00:49:55.952  1789  3219 I Hiber/proxyManager: p_service: 10249
11-09 00:49:55.952  1789  3219 I Hiber/proxyManager: p_job: 10249 pkgName=com.whatsapp which=2
11-09 00:49:55.952  1789  1914 E ApplicationHelper: Fail to get PackageManager
11-09 00:49:55.953  1789  3219 I Hiber/hiber: proxy alarm (uid=10249, pkgName=com.whatsapp)
11-09 00:49:55.953  1789  3219 I Hiber/proxyManager: p_alarm: uid=10249, pkgName=com.whatsapp
11-09 00:49:56.212  1789  1914 E ApplicationHelper: Fail to get PackageManager
11-09 00:49:56.212  1789  1914 E ApplicationHelper: Fail to get PackageManager
11-09 00:49:56.846  1789  4056 I Hiber/hiber: begin socketDestroy, mUid: 10194
11-09 00:49:56.847  1789  4056 I Hiber/hiber: clearDnsCache again!!!
11-09 00:49:56.952  1789  3221 I Hiber/nativeServiceClient: check binder uid=10249
11-09 00:49:57.290  1789  2146 I PackageManager: Continuing with installation of file:///data/app/vmdl25737414.tmp
11-09 00:49:57.381  1789  2146 W PackageManager: Skipping provider name host.exp.exponent.fileprovider (in package host.exp.exponent): name already used by host.exp.exponent
11-09 00:49:57.381  1789  2146 W PackageManager: Skipping provider name host.exp.exponent.fileprovider (in package host.exp.exponent): name already used by host.exp.exponent
11-09 00:49:57.381  1789  2146 W PackageManager: Skipping provider name host.exp.exponent.fileprovider (in package host.exp.exponent): name already used by host.exp.exponent
11-09 00:49:57.408  1789  1913 E AppOps  : Trying to set mode for unknown uid 10308.
11-09 00:49:57.410  1789  1914 E ApplicationHelper: Fail to get PackageManager
11-09 00:49:57.410  1789  1914 E ApplicationHelper: Fail to get PackageManager
11-09 00:49:57.410  1789  1914 E ApplicationHelper: Fail to get PackageManager
11-09 00:49:57.410  1789  1914 E ApplicationHelper: Fail to get PackageManager
11-09 00:49:57.410  1789  1914 E ApplicationHelper: Fail to get PackageManager
11-09 00:49:57.410  1789  1914 E ApplicationHelper: Fail to get PackageManager
11-09 00:49:57.410  1789  1914 E ApplicationHelper: Fail to get PackageManager
11-09 00:49:57.410  1789  1914 E ApplicationHelper: Fail to get PackageManager
11-09 00:49:57.410  1789  1914 E ApplicationHelper: Fail to get PackageManager
11-09 00:49:57.410  1789  1914 E ApplicationHelper: Fail to get PackageManager
11-09 00:49:57.410  1789  1914 E ApplicationHelper: Fail to get PackageManager
11-09 00:49:57.410  1789  1914 E ApplicationHelper: Fail to get PackageManager
11-09 00:49:57.410  1789  1914 E ApplicationHelper: Fail to get PackageManager
11-09 00:49:57.410  1789  1914 E ApplicationHelper: Fail to get PackageManager
11-09 00:49:57.410  1789  1914 E ApplicationHelper: Fail to get PackageManager
11-09 00:49:57.410  1789  1914 E ApplicationHelper: Fail to get PackageManager
11-09 00:49:57.410  1789  1914 E ApplicationHelper: Fail to get PackageManager
11-09 00:49:57.413  1789  1913 E AppOpService: Blocked setUidMode call for runtime permission app op: uid = 10308, code = READ_PHONE_STATE, mode = ignore, callingUid = 1000, oldMode = allow
11-09 00:49:57.413  1789  1913 E AppOpService: java.lang.RuntimeException
11-09 00:49:57.413  1789  1913 E AppOpService: 	at com.android.server.permission.access.appop.AppOpService.setUidMode(AppOpService.kt:268)
11-09 00:49:57.413  1789  1913 E AppOpService: 	at com.android.server.appop.AppOpsCheckingServiceTracingDecorator.setUidMode(AppOpsCheckingServiceTracingDecorator.java:120)
11-09 00:49:57.413  1789  1913 E AppOpService: 	at com.android.server.appop.AppOpsService.setUidMode(AppOpsService.java:2182)
11-09 00:49:57.413  1789  1913 E AppOpService: 	at com.android.server.appop.AppOpsService.-$$Nest$msetUidMode(AppOpsService.java:0)
11-09 00:49:57.413  1789  1913 E AppOpService: 	at com.android.server.appop.AppOpsService$AppOpsManagerInternalImpl.setUidModeFromPermissionPolicy(AppOpsService.java:7285)
11-09 00:49:57.413  1789  1913 E AppOpService: 	at com.android.server.policy.PermissionPolicyService$PermissionToOpSynchroniser.setUidMode(PermissionPolicyService.java:1152)
11-09 00:49:57.413  1789  1913 E AppOpService: 	at com.android.server.policy.PermissionPolicyService$PermissionToOpSynchroniser.setUidModeIgnored(PermissionPolicyService.java:1130)
11-09 00:49:57.413  1789  1913 E AppOpService: 	at com.android.server.policy.PermissionPolicyService$PermissionToOpSynchroniser.syncPackages(PermissionPolicyService.java:938)
11-09 00:49:57.413  1789  1913 E AppOpService: 	at com.android.server.policy.PermissionPolicyService$PermissionToOpSynchroniser.-$$Nest$msyncPackages(PermissionPolicyService.java:0)
11-09 00:49:57.413  1789  1913 E AppOpService: 	at com.android.server.policy.PermissionPolicyService.synchronizeUidPermissionsAndAppOps(PermissionPolicyService.java:730)
11-09 00:49:57.413  1789  1913 E AppOpService: 	at com.android.server.policy.PermissionPolicyService.$r8$lambda$g9YhLNd1OZQfuSCyT_yO-G8mZv0(PermissionPolicyService.java:0)
11-09 00:49:57.413  1789  1913 E AppOpService: 	at com.android.server.policy.PermissionPolicyService$$ExternalSyntheticLambda5.accept(R8$$SyntheticClass:0)
11-09 00:49:57.413  1789  1913 E AppOpService: 	at com.android.internal.util.function.pooled.PooledLambdaImpl.doInvoke(PooledLambdaImpl.java:281)
11-09 00:49:57.413  1789  1913 E AppOpService: 	at com.android.internal.util.function.pooled.PooledLambdaImpl.invoke(PooledLambdaImpl.java:204)
11-09 00:49:57.413  1789  1913 E AppOpService: 	at com.android.internal.util.function.pooled.OmniFunction.run(OmniFunction.java:87)
11-09 00:49:57.413  1789  1913 E AppOpService: 	at android.os.Handler.handleCallback(Handler.java:959)
11-09 00:49:57.413  1789  1913 E AppOpService: 	at android.os.Handler.dispatchMessage(Handler.java:100)
11-09 00:49:57.413  1789  1913 E AppOpService: 	at android.os.Looper.loopOnce(Looper.java:311)
11-09 00:49:57.413  1789  1913 E AppOpService: 	at android.os.Looper.loop(Looper.java:408)
11-09 00:49:57.413  1789  1913 E AppOpService: 	at android.os.HandlerThread.run(HandlerThread.java:85)
11-09 00:49:57.413  1789  1913 E AppOpService: 	at com.android.server.ServiceThread.run(ServiceThread.java:46)
11-09 00:49:58.457  1789  2105 I ActivityTaskManager: agaresFW preload processName=com.tnstc for ComponentInfo{com.tnstc/com.tnstc.SplashScreen}
11-09 00:49:58.458  1789  1916 W ActivityManager: startProcessLocked, app = ProcessRecord{2b597b 0:com.tnstc/u0a329}
11-09 00:49:58.459  1789  2054 I ActivityManager: Start proc 3991:com.tnstc/u0a329 for activity {com.tnstc/com.tnstc.SplashScreen}
11-09 00:49:58.476  1789  1914 E ApplicationHelper: Fail to get PackageManager
