11-09 00:37:47.310  1789  2653 W JobScheduler.Concurrency: Had fewer than 16 in existence
11-09 00:37:47.311  1789  2653 W JobScheduler.Concurrency: Had fewer than 16 in existence
11-09 00:37:47.311  5922  5922 I GameSceneManager: checkAndHandleAPP cursor: count = 0
11-09 00:37:47.311  5922  5922 I GameSceneManager: exitSceneInMain false
11-09 00:37:47.311  5922  5922 I VideoDataRepository: checkVideoApp curosr: count = 0
11-09 00:37:47.312  1789  2653 I tranpm/ServicePolicy: isBlockHsB1 true
11-09 00:37:47.312  1789  2653 I tranpm/ServicePolicy: limitBindServiceLocked by hs&job - cold: callingPackage = android, targetPkg = com.ril.ajio
11-09 00:37:47.312  1789  2653 W ActivityManager: Unbind failed: could not find connection for android.app.LoadedApk$ServiceDispatcher$InnerConnection@e6c6bd5
11-09 00:37:47.312  1789  2653 E JobScheduler.Concurrency: Error executing JobStatus{58af1f9 androidx.work.systemjobscheduler:u0a324/154 @androidx.work.systemjobscheduler@com.ril.ajio/androidx.work.impl.background.systemjob.SystemJobService u=0 s=10324 TIME=-11h21m22s382ms:none NET BATNOTLOW READY}
11-09 00:37:47.312  1789  2653 I tranpm/ServicePolicy: isBlockHsB1 true
11-09 00:37:47.312  1789  2653 I tranpm/ServicePolicy: limitBindServiceLocked by hs&job - cold: callingPackage = android, targetPkg = com.facebook.katana
11-09 00:37:47.313  1789  2653 W ActivityManager: Unbind failed: could not find connection for android.app.LoadedApk$ServiceDispatcher$InnerConnection@dfc72db
11-09 00:37:47.313  1789  2653 E JobScheduler.Concurrency: Error executing JobStatus{d673b5b #u0a341/2131366263 com.facebook.katana/com.facebook.analytics2.logger.legacy.uploader.LollipopUploadService u=0 s=10341 TIME=-8m26s0ms:-8m26s0ms NET READY}
11-09 00:37:47.313  1789  2653 I tranpm/ServicePolicy: isBlockHsB1 true
11-09 00:37:47.313  5922  6991 I SmartPanelRepository: hasLoadData true  data size = 10
11-09 00:37:47.313  1789  2653 I tranpm/ServicePolicy: limitBindServiceLocked by hs&job - cold: callingPackage = android, targetPkg = com.facebook.katana
11-09 00:37:47.313  1789  2653 W ActivityManager: Unbind failed: could not find connection for android.app.LoadedApk$ServiceDispatcher$InnerConnection@214f051
11-09 00:37:47.313  1789  2653 E JobScheduler.Concurrency: Error executing JobStatus{18bad71 androidx.work.systemjobscheduler:u0a341/897 @androidx.work.systemjobscheduler@com.facebook.katana/androidx.work.impl.background.systemjob.SystemJobService u=0 s=10341 TIME=-6m26s352ms:none NET READY}
11-09 00:37:47.314  1086  1086 I BufferQueueDebug: [Surface(name=952f920 NavigationBar0)/@0x20b96bd - animation-leash of insets_animation#14133](this:0xb4000073cf3edf28,id:-1,api:0,p:-1,c:1086) onDestructor()
11-09 00:37:47.314  1789  5874 I WindowManager:   isAnimating=false  okToAnimate=true  win=Window{23485ed u0 Splash Screen host.exp.exponent}
11-09 00:37:47.314  1086  1086 I BufferQueueDebug: [Surface(name=2c79265 StatusBar)/@0x2760ade - animation-leash of insets_animation#14132](this:0xb4000073cf3fc2f8,id:-1,api:0,p:-1,c:1086) onDestructor()
11-09 00:37:47.314  1086  1186 I BufferQueueDebug: [Surface(name=23485ed Splash Screen host.exp.exponent)/@0x3c930b6 - animation-leash of window_animation#14145](this:0xb4000073cf33a8b8,id:-1,api:0,p:-1,c:-1) BufferQueue core=(1086:/system/bin/surfaceflinger)
11-09 00:37:47.315  1086  1186 I SurfaceFlinger: onHandleDestroyed: name=Surface(name=2c79265 StatusBar)/@0x2760ade - animation-leash of insets_animation#14137, layerId=14137, parentId=0
11-09 00:37:47.315  1086  1186 I SurfaceFlinger: onHandleDestroyed: name=Surface(name=952f920 NavigationBar0)/@0x20b96bd - animation-leash of insets_animation#14138, layerId=14138, parentId=0
11-09 00:37:47.317  1789  2766 I ImeTracker: host.exp.exponent:6b906d44: onRequestHide at ORIGIN_SERVER reason HIDE_UNSPECIFIED_WINDOW fromUser false
11-09 00:37:47.317  3358  3457 W WindowOnBackDispatcher: sendCancelIfRunning: isInProgress=false callback=android.view.ViewRootImpl$$ExternalSyntheticLambda12@65a8809
11-09 00:37:47.317  1789  2766 I ImeTracker: host.exp.exponent:6b906d44: onCancelled at PHASE_SERVER_SHOULD_HIDE
11-09 00:37:47.317  1789  2766 I TranMultiWindowManagerComponentImpl: hookInputMethodShown inputShown: false, connected:false
11-09 00:37:47.317  1789  2766 I TranSCSourceConnectManagerImpl: hookInputMethodShown inputShown: false
11-09 00:37:47.317  1789  2766 I input_debug: package: host.exp.exponent mNeedShowSafeInput: false inputType: 0 methodMap: true isKeyguardShowing: false enable: 0 isSplitScreen: false
11-09 00:37:47.317  1789  2591 I WindowManager:   onAnimationFinished on win=Window{8c11e83 u0 host.exp.exponent/host.exp.exponent.experience.ExperienceActivity}
11-09 00:37:47.317  1789  2591 W InputManager-JNI: Input channel object '23485ed Splash Screen host.exp.exponent (client)' was disposed without first being removed with the input manager!
11-09 00:37:47.320  1086  1186 I BufferQueueDebug: [Surface(name=c4588f7 InputMethod)/@0xff15ca9 - animation-leash of insets_animation#14146](this:0xb4000073cf3fc2f8,id:-1,api:0,p:-1,c:-1) BufferQueue core=(1086:/system/bin/surfaceflinger)
11-09 00:37:47.331  1086  1086 I BufferQueueDebug: [Surface(name=2c79265 StatusBar)/@0x2760ade - animation-leash of insets_animation#14137](this:0xb4000073cf35f908,id:-1,api:0,p:-1,c:1086) onDestructor()
11-09 00:37:47.331  1086  1086 I BufferQueueDebug: [Surface(name=952f920 NavigationBar0)/@0x20b96bd - animation-leash of insets_animation#14138](this:0xb4000073cf398848,id:-1,api:0,p:-1,c:1086) onDestructor()
11-09 00:37:47.331  1789  1991 I mtkpower_client: perf_cus_lock_hint hint:101, dur:150, pid:1789
11-09 00:37:47.332  1789  1991 I mtkpower_client: perf_cus_lock_hint, ret_hdl:175543
11-09 00:37:47.332  1046  1126 I libPowerHal: [setGPUFreq] MTKPOWER_HINT_LAUNCHER_ANIMA user set gpu freq min:0, max:-1
11-09 00:37:47.332  1046  1126 I libPowerHal: MTKPOWER_HINT_LAUNCHER_ANIMA: set gpu opp level max: 0
11-09 00:37:47.332  1046  1126 I libPowerHal: [setGPUFreq] Soft min/max = (0, 0); Hard min/max = (41, 0)
11-09 00:37:47.332  1046  1126 I libPowerHal: [setGPUFreq] final min/max = (0, 0)
11-09 00:37:47.332  1046  1126 I libPowerHal: MTKPOWER_HINT_LAUNCHER_ANIMA: set gpu opp level: 0
11-09 00:37:47.332  1046  1126 I libPowerHal: MTKPOWER_HINT_LAUNCHER_ANIMA: set gpu opp level max: 0
11-09 00:37:47.337  1789  2105 I mtkpower_client: perf_lock_rel, hdl:175541, tid:2105
11-09 00:37:47.339  1789  1914 E ApplicationHelper: Fail to get PackageManager
11-09 00:37:47.345  1010 29980 W AudioALSACaptureDataProviderNormal: readThread, latency_in_s,0.000000,0.039765,0.000043, totalTime 0.039808 > logTimeout 0.022000 TIMEOUT!!
11-09 00:37:47.347  1086  1086 I BufferQueueProducer: [SmartPanel_handleView#14088](this:0xb4000073cf320ea8,id:-1,api:0,p:-1,c:1086) queueBuffer: fps=0.04 dur=23248.57 max=23248.57 min=23248.57
11-09 00:37:47.348  1086  1086 I SurfaceFlinger: onHandleDestroyed: name=com.whatsapp/com.whatsapp.home.ui.HomeActivity#14108, layerId=14108, parentId=0
11-09 00:37:47.348  1086  1086 I SurfaceFlinger: onHandleDestroyed: name=Surface(name=c4588f7 InputMethod)/@0xff15ca9 - animation-leash of insets_animation#14123, layerId=14123, parentId=0
11-09 00:37:47.364  1086  1086 I BufferQueueDebug: [Surface(name=c4588f7 InputMethod)/@0xff15ca9 - animation-leash of insets_animation#14123](this:0xb4000073cf348c88,id:-1,api:0,p:-1,c:1086) onDestructor()
11-09 00:37:47.364  1086  1086 I BufferQueueDebug: [com.whatsapp/com.whatsapp.home.ui.HomeActivity#14108](this:0xb4000073cf357058,id:-1,api:0,p:-1,c:1086) onDestructor()
11-09 00:37:47.386  1010 29980 W AudioALSACaptureDataProviderNormal: readThread, latency_in_s,0.000000,0.039775,0.000043, totalTime 0.039818 > logTimeout 0.022000 TIMEOUT!!
11-09 00:37:47.395  5922  5922 I SmartPanelService: MSG_TASK_FOCUS
11-09 00:37:47.395  5922  5922 I ScenesManager: handlerTaskChange new TaskId host.exp.exponent844 old TaskId 
11-09 00:37:47.402  1789  2105 I mtkpower_client: perf_lock_rel, hdl:175541, tid:2105
11-09 00:37:47.402  1789  2105 I mtkpower_client: perf_lock_acq, hdl:175541, dur:5000, num:2, pid:1789, tid:2105
11-09 00:37:47.402  1789  2105 I mtkpower_client: ret_hdl:175544
11-09 00:37:47.432  1046  1126 I mtkpower@impl: [powerd_req] TIMER_MSG_PERF_LOCK_TIMEOUT hdl:175540
11-09 00:37:47.432  1046  1126 I libPowerHal: [unsetGPUFreq] current min:0, max:0; scn_gpu_min:0, scn_gpu_max:-1; scn_gpu_min(HL):-1, scn_gpu_max(HL):-1
11-09 00:37:47.432  1046  1126 I libPowerHal: [setGPUFreq] Soft min/max = (0, 0); Hard min/max = (41, 0)
11-09 00:37:47.432  1046  1126 I libPowerHal: [setGPUFreq] final min/max = (0, 0)
11-09 00:37:47.432  1046  1126 I libPowerHal: MTKPOWER_HINT_LAUNCHER_ANIMA: set gpu opp level: 0
11-09 00:37:47.432  1046  1126 I libPowerHal: MTKPOWER_HINT_LAUNCHER_ANIMA: set gpu opp level max: 0
11-09 00:37:47.434  1789  1917 I WindowManager:   onAnimationFinished on win=Window{5ffc9ab u0 SnapshotStartingWindow for taskId=829}
11-09 00:37:47.447  1010 29980 W AudioALSACaptureDataProviderNormal: readThread, latency_in_s,0.000001,0.040856,0.000110, totalTime 0.040967 > logTimeout 0.022000 TIMEOUT!!
11-09 00:37:47.448  1020  1256 I hwcomposer: [HWC] (0) displaySetColorMode mode:7  
11-09 00:37:47.448  1020  1256 I IRIS_LOG_SERV: SetColorModeRI(7, 0)
11-09 00:37:47.448  1020  1256 I IRIS_LOG_SERV: irisConfigureSet(516, 1, 4)
11-09 00:37:47.449  1020  1615 I hwcomposer: [HWC] (0)fire a callback of refresh to SF[6]  
11-09 00:37:47.454  5922  5922 I ScenesManager: MSG_ACTIVITY_CHECK
11-09 00:37:47.462  1789  2105 I mtkpower_client: perf_lock_rel, hdl:175544, tid:2105
11-09 00:37:47.465  1086  1086 I SurfaceFlinger: onHandleDestroyed: name=Surface(name=5ffc9ab SnapshotStartingWindow for taskId=829)/@0x31275ce - animation-leash of window_animation#14136, layerId=14136, parentId=0
11-09 00:37:47.465  1086  1086 I SurfaceFlinger: onHandleDestroyed: name=SnapshotStartingWindow for taskId=829#14121, layerId=14121, parentId=0
11-09 00:37:47.466  1020  1615 I hwcomposer: [HWC] (0)fire a callback of refresh to SF[6]  
11-09 00:37:47.481  1086  1086 I BufferQueueDebug: [Surface(name=5ffc9ab SnapshotStartingWindow for taskId=829)/@0x31275ce - animation-leash of window_animation#14136](this:0xb4000073cf35cb78,id:-1,api:0,p:-1,c:1086) onDestructor()
11-09 00:37:47.481  1086  1086 I BufferQueueDebug: [SnapshotStartingWindow for taskId=829#14121](this:0xb4000073cf36dcd8,id:-1,api:0,p:-1,c:1086) onDestructor()
11-09 00:37:47.482  1020  1615 I hwcomposer: [HWC] (0)fire a callback of refresh to SF[6]  
11-09 00:37:47.483  1789  1917 I WindowManager:   onAnimationFinished on win=Window{23485ed u0 Splash Screen host.exp.exponent}
11-09 00:37:47.485  1010 29980 W AudioALSACaptureDataProviderNormal: readThread, latency_in_s,0.000000,0.038471,0.000047, totalTime 0.038518 > logTimeout 0.022000 TIMEOUT!!
11-09 00:37:47.515  1086  1086 I SurfaceFlinger: onHandleDestroyed: name=Surface(name=23485ed Splash Screen host.exp.exponent)/@0x3c930b6 - animation-leash of window_animation#14145, layerId=14145, parentId=0
11-09 00:37:47.525  1010 29980 W AudioALSACaptureDataProviderNormal: readThread, latency_in_s,0.000000,0.039717,0.000047, totalTime 0.039764 > logTimeout 0.022000 TIMEOUT!!
11-09 00:37:47.532  1086  1086 I BufferQueueDebug: [Surface(name=23485ed Splash Screen host.exp.exponent)/@0x3c930b6 - animation-leash of window_animation#14145](this:0xb4000073cf33a8b8,id:-1,api:0,p:-1,c:1086) onDestructor()
11-09 00:37:47.547  8964  9038 I native  : I0000 00:00:1762628867.547308    9038 soda_async_impl.cc:1383] Current audio timestamp: 1762628867438958
11-09 00:37:47.584  1789  1991 I mtkpower_client: perf_lock_rel, hdl:175543, tid:1991
11-09 00:37:47.584  1789  2089 I Process : String at 0: 0x788f8f5601 = SFMainPolicy
11-09 00:37:47.584  1086  3083 I SurfaceFlinger: onHandleDestroyed: name=Splash Screen host.exp.exponent#14134, layerId=14134, parentId=0
11-09 00:37:47.584  1789  2089 I Process : String at 0: 0x788f8f5601 = SFRenderEnginePolicy
11-09 00:37:47.584  1789  3983 I WindowManager:   isAnimating=false  okToAnimate=true  win=Window{ff23b34 u0 host.exp.exponent/host.exp.exponent.experience.HomeActivity}
11-09 00:37:47.585  1046  1126 I libPowerHal: [unsetGPUFreq] current min:0, max:0; scn_gpu_min:0, scn_gpu_max:-1; scn_gpu_min(HL):-1, scn_gpu_max(HL):-1
11-09 00:37:47.585  1046  1126 I libPowerHal: [setGPUFreq] Soft min/max = (0, 0); Hard min/max = (41, 0)
11-09 00:37:47.585  1046  1126 I libPowerHal: [setGPUFreq] final min/max = (0, 0)
11-09 00:37:47.585  1046  1126 I libPowerHal: MTKPOWER_HINT_LAUNCHER_ANIMA: set gpu opp level: 0
11-09 00:37:47.585  1046  1126 I libPowerHal: MTKPOWER_HINT_LAUNCHER_ANIMA: set gpu opp level max: 0
11-09 00:37:47.585  1789  1914 E ApplicationHelper: Fail to get PackageManager
11-09 00:37:47.585  1789  1914 E ApplicationHelper: Fail to get PackageManager
11-09 00:37:47.585  1010 29980 W AudioALSACaptureDataProviderNormal: readThread, latency_in_s,0.000000,0.039839,0.000090, totalTime 0.039930 > logTimeout 0.022000 TIMEOUT!!
11-09 00:37:47.585  1789  1916 I PowerHalWrapper: amsBoostNotify pid:17366,activity:host.exp.exponent.LauncherActivity, package:host.exp.exponent, mProcessCreatePackcom.whatsapp 
11-09 00:37:47.585  1789  1916 I PowerHalWrapper: state: 0 
11-09 00:37:47.586  1789  1916 I ScnModule: [GameDetection] packname: host.exp.exponent, apkSize: 43378703. 
11-09 00:37:47.586  1789  1916 I mtkpower_client: [PowerHal_Wrap_notifyAppState] host.exp.exponent/host.exp.exponent.LauncherActivity pid=17366 activityId:112667191 state:0
11-09 00:37:47.586  1789  1916 I mtkpower_client: [Legacy][PowerHal_Wrap_notifyAppState] host.exp.exponent/host.exp.exponent.LauncherActivity pid=17366 state:112667191
11-09 00:37:47.586  1046  1126 I libPowerHal: [perfNotifyAppState] pack:host.exp.exponent, act:host.exp.exponent.LauncherActivity, state:0, pid:17366, uid:10304, fps:-1
11-09 00:37:47.587  1789  1916 I PowerHalWrapper: amsBoostNotify AMS_BOOST_PROCESS_CREATE_BOOST:false 
11-09 00:37:47.587  1789  1916 I PowerHalWrapper: amsBoostNotify pid:17366,activity:host.exp.exponent.experience.HomeActivity, package:host.exp.exponent, mProcessCreatePackcom.whatsapp 
11-09 00:37:47.587  1789  1916 I PowerHalWrapper: state: 0 
11-09 00:37:47.587  1789  1789 E MBrainLocalService: notifyAppSwitch failed
11-09 00:37:47.587  1789  1916 I ScnModule: [GameDetection] packname: host.exp.exponent, apkSize: 43378703. 
11-09 00:37:47.587  1789  1916 I mtkpower_client: [PowerHal_Wrap_notifyAppState] host.exp.exponent/host.exp.exponent.experience.HomeActivity pid=17366 activityId:117474776 state:0
11-09 00:37:47.587  1789  1916 I mtkpower_client: [Legacy][PowerHal_Wrap_notifyAppState] host.exp.exponent/host.exp.exponent.experience.HomeActivity pid=17366 state:117474776
11-09 00:37:47.588  1046  1126 I libPowerHal: [perfNotifyAppState] pack:host.exp.exponent, act:host.exp.exponent.experience.HomeActivity, state:0, pid:17366, uid:10304, fps:-1
11-09 00:37:47.588  1789  1916 I PowerHalWrapper: amsBoostNotify AMS_BOOST_PROCESS_CREATE_BOOST:false 
11-09 00:37:47.589  1789  2591 W UserManagerService: Requested status bar icon for non-badged user 0
11-09 00:37:47.589  5922  7472 I ScenesManager: put createTaskId host.exp.exponent844
11-09 00:37:47.589  1789  2591 W UserManagerService: Requested status bar icon for non-badged user 0
11-09 00:37:47.589  5922  5922 I SmartPanelRepository: hasLoadData true  data size = 10
11-09 00:37:47.590  1789  1914 E ApplicationHelper: Fail to get PackageManager
11-09 00:37:47.590  1789  1914 E ApplicationHelper: Fail to get PackageManager
11-09 00:37:47.590  1789  2591 W UserManagerService: Requested status bar icon for non-badged user 0
11-09 00:37:47.592  5922  7472 I THubApi : isTheMainScreen classname: host.exp.exponent.experience.ExperienceActivity  pkg:host.exp.exponent
11-09 00:37:47.599  1086  1086 I BufferQueueDebug: [Splash Screen host.exp.exponent#14134](this:0xb4000073cf3e28e8,id:-1,api:0,p:-1,c:1086) onDestructor()
11-09 00:37:47.599  1086  1086 I SurfaceFlinger: onHandleDestroyed: name=5ffc9ab SnapshotStartingWindow for taskId=829#14115, layerId=14115, parentId=0
11-09 00:37:47.599  1086  1086 I SurfaceFlinger: onHandleDestroyed: name=Transition Root: Task=844#14135, layerId=14135, parentId=0
11-09 00:37:47.599  1086  1086 I SurfaceFlinger: onHandleDestroyed: name=23485ed Splash Screen host.exp.exponent#14131, layerId=14131, parentId=0
11-09 00:37:47.599  1086  1086 E SurfaceFlinger: MtkDuration override mode is disabled
11-09 00:37:47.599  1086  1086 I PowerHalWrapper: updateFps(): 120
11-09 00:37:47.599  1020  1256 I IRIS_LOG_SERV: SetActiveConfig: 1080x2436@120, mActiveConfigPendingOps: 0
11-09 00:37:47.599  1020  1256 I hwcomposer: [HWC] SetActiveConfigToIrisWrapper: memc_state-0  
11-09 00:37:47.599  1020  1256 I hwcomposer: [HWC] (0) displaySetActiveConfig config:1  
11-09 00:37:47.600  1789  1916 I DisplayDeviceRepository: Display device changed: DisplayDeviceInfo{"Built-in Screen": uniqueId="local:0", 1080 x 2436, modeId 3, renderFrameRate 60.000004, defaultModeId 1, userPreferredModeId -1, supportedModes [{id=1, width=1080, height=2436, fps=144.00002, vsync=144.00002, synthetic=false, alternativeRefreshRates=[40.0, 60.0, 120.00001], supportedHdrTypes=[2, 3, 4]}, {id=2, width=1080, height=2436, fps=120.00001, vsync=120.00001, synthetic=false, alternativeRefreshRates=[40.0, 60.0, 144.00002], supportedHdrTypes=[2, 3, 4]}, {id=3, width=1080, height=2436, fps=60.0, vsync=60.0, synthetic=false, alternativeRefreshRates=[40.0, 120.00001, 144.00002], supportedHdrTypes=[2, 3, 4]}, {id=4, width=1080, height=2436, fps=40.0, vsync=40.0, synthetic=false, alternativeRefreshRates=[60.0, 120.00001, 144.00002], supportedHdrTypes=[2, 3, 4]}], colorMode 0, supportedColorModes [0, 7, 9], hdrCapabilities HdrCapabilities{mSupportedHdrTypes=[2, 3, 4], mMaxLuminance=500.0, mMaxAverageLuminance=500.0, mMinLuminance=0.0}, allmSupported false, gameContentTypeSupported false, density 480, 394.818 x 392.828 dpi, appVsyncOff 1133334, presDeadline 16600000, cutout DisplayCutout{insets=Rect(0, 108 - 0, 0) waterfall=Insets{left=0, top=0, right=0, bottom=0} boundingRect={Bounds=[Rect(0, 0 - 0, 0), Rect(468, 0 - 612, 108), Rect(0, 0 - 0, 0), Rect(0, 0 - 0, 0)]} cutoutPathParserInfo={CutoutPathParserInfo{displayWidth=1080 displayHeight=2436 physicalDisplayWidth=1080 physicalDisplayHeight=2436 density={3.0} cutoutSpec={M -24,0 L -24,36 L 24,36 L 24,0 Z @dp} rotation={0} scale={1.0} physicalPixelDisplaySizeRatio={1.0}}} sideOverrides={}}, touch INTERNAL, rotation 0, type INTERNAL, address {port=0}, deviceProductInfo null, state ON, committedState ON, frameRateOverride {uid=1000 frameRateHz=60.000004} {uid=10157 frameRateHz=60.000004} {uid=10304 frameRateHz=120.00001} , brightnessMinimum 0.0, brightnessMaximum 1.0, brightnessDefault 0.2, hdrSdrRatio NaN, FLAG_ALLOWED_TO_BE_DEFAULT_DISPLAY, FLAG_ROTATES_WITH_CONTENT, FLAG_SECURE, FLAG_SUPPORTS_PROTECTED_BUFFERS, FLAG_TRUSTED, installOrientation 0, displayShape DisplayShape{ spec=596679847 displayWidth=1080 displayHeight=2436 physicalPixelDisplaySizeRatio=1.0 rotation=0 offsetX=0 offsetY=0 scale=1.0}}
11-09 00:37:47.604 17366 17366 W WindowOnBackDispatcher: sendCancelIfRunning: isInProgress=false callback=android.view.ViewRootImpl$$ExternalSyntheticLambda12@cf4a5c
11-09 00:37:47.606  1789  2590 W InputManager-JNI: Input channel object 'c9f8272 host.exp.exponent/host.exp.exponent.LauncherActivity (client)' was disposed without first being removed with the input manager!
11-09 00:37:47.618  1086  1086 I PowerHalWrapper: updateFps(): 120
11-09 00:37:47.619  1086  1086 I BufferQueueDebug: [23485ed Splash Screen host.exp.exponent#14131](this:0xb4000073cf2c0188,id:-1,api:0,p:-1,c:1086) onDestructor()
11-09 00:37:47.619  1086  1086 I BufferQueueDebug: [5ffc9ab SnapshotStartingWindow for taskId=829#14115](this:0xb4000073cf3af4c8,id:-1,api:0,p:-1,c:1086) onDestructor()
11-09 00:37:47.619  1086  1086 I BufferQueueDebug: [Transition Root: Task=844#14135](this:0xb4000073cf3ce9f8,id:-1,api:0,p:-1,c:1086) onDestructor()
11-09 00:37:47.619  1086  1086 I SurfaceFlinger: onHandleDestroyed: name=110fd31 ActivityRecordInputSink host.exp.exponent/.experience.HomeActivity#14119, layerId=14119, parentId=0
11-09 00:37:47.619  1020  1256 I IRIS_LOG_SERV: SetActiveConfig: 1080x2436@60, mActiveConfigPendingOps: 0
11-09 00:37:47.619  1020  1256 I hwcomposer: [HWC] SetActiveConfigToIrisWrapper: memc_state-0  
11-09 00:37:47.619  1020  1256 I hwcomposer: [HWC] (0) displaySetActiveConfig config:2  
11-09 00:37:47.619  1789  1916 I DisplayDeviceRepository: Display device changed render timings: "Built-in Screen", renderFrameRate=120.00001, presentationDeadlineNanos=13300000, appVsyncOffsetNanos=1099999
11-09 00:37:47.625  1789  1916 I DisplayDeviceRepository: Display device changed: DisplayDeviceInfo{"Built-in Screen": uniqueId="local:0", 1080 x 2436, modeId 2, renderFrameRate 120.00001, defaultModeId 1, userPreferredModeId -1, supportedModes [{id=1, width=1080, height=2436, fps=144.00002, vsync=144.00002, synthetic=false, alternativeRefreshRates=[40.0, 60.0, 120.00001], supportedHdrTypes=[2, 3, 4]}, {id=2, width=1080, height=2436, fps=120.00001, vsync=120.00001, synthetic=false, alternativeRefreshRates=[40.0, 60.0, 144.00002], supportedHdrTypes=[2, 3, 4]}, {id=3, width=1080, height=2436, fps=60.0, vsync=60.0, synthetic=false, alternativeRefreshRates=[40.0, 120.00001, 144.00002], supportedHdrTypes=[2, 3, 4]}, {id=4, width=1080, height=2436, fps=40.0, vsync=40.0, synthetic=false, alternativeRefreshRates=[60.0, 120.00001, 144.00002], supportedHdrTypes=[2, 3, 4]}], colorMode 0, supportedColorModes [0, 7, 9], hdrCapabilities HdrCapabilities{mSupportedHdrTypes=[2, 3, 4], mMaxLuminance=500.0, mMaxAverageLuminance=500.0, mMinLuminance=0.0}, allmSupported false, gameContentTypeSupported false, density 480, 394.818 x 392.828 dpi, appVsyncOff 1099999, presDeadline 13300000, cutout DisplayCutout{insets=Rect(0, 108 - 0, 0) waterfall=Insets{left=0, top=0, right=0, bottom=0} boundingRect={Bounds=[Rect(0, 0 - 0, 0), Rect(468, 0 - 612, 108), Rect(0, 0 - 0, 0), Rect(0, 0 - 0, 0)]} cutoutPathParserInfo={CutoutPathParserInfo{displayWidth=1080 displayHeight=2436 physicalDisplayWidth=1080 physicalDisplayHeight=2436 density={3.0} cutoutSpec={M -24,0 L -24,36 L 24,36 L 24,0 Z @dp} rotation={0} scale={1.0} physicalPixelDisplaySizeRatio={1.0}}} sideOverrides={}}, touch INTERNAL, rotation 0, type INTERNAL, address {port=0}, deviceProductInfo null, state ON, committedState ON, frameRateOverride {uid=1000 frameRateHz=60.000004} {uid=10157 frameRateHz=60.000004} {uid=10304 frameRateHz=60.000004} , brightnessMinimum 0.0, brightnessMaximum 1.0, brightnessDefault 0.2, hdrSdrRatio NaN, FLAG_ALLOWED_TO_BE_DEFAULT_DISPLAY, FLAG_ROTATES_WITH_CONTENT, FLAG_SECURE, FLAG_SUPPORTS_PROTECTED_BUFFERS, FLAG_TRUSTED, installOrientation 0, displayShape DisplayShape{ spec=596679847 displayWidth=1080 displayHeight=2436 physicalPixelDisplaySizeRatio=1.0 rotation=0 offsetX=0 offsetY=0 scale=1.0}}
11-09 00:37:47.627  1010 29980 W AudioALSACaptureDataProviderNormal: readThread, latency_in_s,0.000000,0.040199,0.001346, totalTime 0.041545 > logTimeout 0.022000 TIMEOUT!!
11-09 00:37:47.627  5922  5922 I SmartPanelService: mDisplayListener onDisplayChanged
11-09 00:37:47.628  1069  6440 I AudioFlinger: setParameters: filtered keyvalue screen_state=on
11-09 00:37:47.629  1069  6440 I AudioFlinger: +mAudioHwDevs(primary)->setParameters(): screen_state=on
11-09 00:37:47.629  1010  1091 E AudioALSAStreamManager: setScreenState, mStreamInVector[0]->getInputFlags() = 0x0
11-09 00:37:47.629  1069  6440 I AudioFlinger: -mAudioHwDevs(primary)->setParameters(): screen_state=on
11-09 00:37:47.629  1069  6440 I AudioFlinger: +mAudioHwDevs(bluetooth)->setParameters(): screen_state=on
11-09 00:37:47.630  1069  6440 I AudioFlinger: -mAudioHwDevs(bluetooth)->setParameters(): screen_state=on
11-09 00:37:47.630  1069  6440 I AudioFlinger: +mAudioHwDevs(usb)->setParameters(): screen_state=on
11-09 00:37:47.630  1069  6440 I AudioFlinger: -mAudioHwDevs(usb)->setParameters(): screen_state=on
11-09 00:37:47.630  1069  6440 I AudioFlinger: +mAudioHwDevs(r_submix)->setParameters(): screen_state=on
11-09 00:37:47.630  1069  6440 I AudioFlinger: -mAudioHwDevs(r_submix)->setParameters(): screen_state=on
11-09 00:37:47.630  1069  6440 E TranFlinger: setPareters is is 0
11-09 00:37:47.635  1086  1086 E SurfaceFlinger: MtkDuration override mode is disabled
11-09 00:37:47.635  1086  1086 I PowerHalWrapper: updateFps(): 60
11-09 00:37:47.635  1086  1086 I BufferQueueDebug: [110fd31 ActivityRecordInputSink host.exp.exponent/.experience.HomeActivity#14119](this:0xb4000073cf2e2448,id:-1,api:0,p:-1,c:1086) onDestructor()
11-09 00:37:47.635  1086  1086 I SurfaceFlinger: onHandleDestroyed: name=ActivityRecord{6b72a37 u0 host.exp.exponent/.LauncherActivity t829}#14124, layerId=14124, parentId=0
11-09 00:37:47.635  1086  1086 I SurfaceFlinger: onHandleDestroyed: name=c9f8272 host.exp.exponent/host.exp.exponent.LauncherActivity#14127, layerId=14127, parentId=0
11-09 00:37:47.635  1086  1086 I SurfaceFlinger: onHandleDestroyed: name=host.exp.exponent/host.exp.exponent.LauncherActivity#14128, layerId=14128, parentId=0
11-09 00:37:47.635  1086  1086 I PowerHalWrapper: updateFps(): 60
11-09 00:37:47.636  1789  1916 I DisplayDeviceRepository: Display device changed render timings: "Built-in Screen", renderFrameRate=60.000004, presentationDeadlineNanos=16600000, appVsyncOffsetNanos=1133334
11-09 00:37:47.637  1086  1186 I SurfaceFlinger: onHandleDestroyed: name=host.exp.exponent/host.exp.exponent.experience.HomeActivity#14120, layerId=14120, parentId=0
11-09 00:37:47.641  1069   837 I AudioFlinger: setParameters: filtered keyvalue screen_state=on
11-09 00:37:47.641  1069   837 I AudioFlinger: +mAudioHwDevs(primary)->setParameters(): screen_state=on
11-09 00:37:47.642  1010  1091 E AudioALSAStreamManager: setScreenState, mStreamInVector[0]->getInputFlags() = 0x0
11-09 00:37:47.642  1046  1126 I mtkpower@impl: [powerd_req] TIMER_MSG_PERF_LOCK_TIMEOUT hdl:175532
11-09 00:37:47.642  1046  1126 I libPowerHal: [setClusterHardFreq] MTKPOWER_HINT_PACK_SWITCH: hard userlimit set cpu freq: -1 -1 -1 -1 -1 -1
11-09 00:37:47.642  1046  1126 I libPowerHal: [thermal ux] update cluster0 to freqToSet:2000000 maxToSet:2000000
11-09 00:37:47.642  1046  1126 I libPowerHal: [thermal ux] update cluster1 to freqToSet:3000000 maxToSet:3000000
11-09 00:37:47.642  1046  1126 I libPowerHal: [setClusterFreq] MTKPOWER_HINT_PACK_SWITCH: sysfs_freq set cpu freq: 2000000 -1 3000000 -1 3100000 -1 
11-09 00:37:47.642  1046  1126 I libPowerHal: [PD] MTKPOWER_HINT_PACK_SWITCH update cmd:1408300 param:40
11-09 00:37:47.643  5922  5922 I SmartPanelService: mDisplayListener onDisplayChanged
11-09 00:37:47.643  1046  1126 I libPowerHal: [PD] MTKPOWER_HINT_PACK_SWITCH update cmd:1000000 param:2
11-09 00:37:47.643  1046  1126 I mtkpower@impl: [powerd_req] TIMER_MSG_PERF_LOCK_TIMEOUT hdl:175534
11-09 00:37:47.643  1046  1126 I mtkpower@impl: [powerd_req] TIMER_MSG_PERF_LOCK_TIMEOUT hdl:175538
11-09 00:37:47.643  1046  1126 I libPowerHal: [thermal ux] update cluster0 to freqToSet:1300000 maxToSet:2000000
11-09 00:37:47.643  1046  1126 I libPowerHal: [thermal ux] update cluster1 to freqToSet:1800000 maxToSet:3000000
11-09 00:37:47.643  1046  1126 I libPowerHal: [setClusterFreq] MTKPOWER_HINT_START_ACTIVITY_INNER: sysfs_freq set cpu freq: 1300000 -1 1800000 -1 2000000 -1 
11-09 00:37:47.649  1086  1086 I BufferQueueDebug: [ActivityRecord{6b72a37 u0 host.exp.exponent/.LauncherActivity t829}#14124](this:0xb4000073cf148348,id:-1,api:0,p:-1,c:1086) onDestructor()
11-09 00:37:47.649  1086  1086 I BufferQueueDebug: [c9f8272 host.exp.exponent/host.exp.exponent.LauncherActivity#14127](this:0xb4000073cf31b388,id:-1,api:0,p:-1,c:1086) onDestructor()
11-09 00:37:47.649  1086  1086 I BufferQueueDebug: [host.exp.exponent/host.exp.exponent.LauncherActivity#14128](this:0xb4000073cf32c4e8,id:-1,api:0,p:-1,c:1086) onDestructor()
11-09 00:37:47.649  1086  1086 I BufferQueueDebug: [host.exp.exponent/host.exp.exponent.experience.HomeActivity#14120](this:0xb4000073cf38a478,id:-1,api:0,p:-1,c:1086) onDestructor()
11-09 00:37:47.654  3358  3950 I VersionsUtils:  getVersion mCurrentVersion 20202062
11-09 00:37:47.655  3358  3950 I IslandManager: checkIslandPermission result true granted 1
11-09 00:37:47.655  3358  3950 W IslandManager: cancel islandId 10006 not exist in mIslandIdsSet
11-09 00:37:47.665  1010 29980 W AudioALSACaptureDataProviderNormal: readThread, latency_in_s,0.000001,0.036614,0.000056, totalTime 0.036671 > logTimeout 0.022000 TIMEOUT!!
11-09 00:37:47.668  1069   837 I AudioFlinger: -mAudioHwDevs(primary)->setParameters(): screen_state=on
11-09 00:37:47.668  1069   837 I AudioFlinger: +mAudioHwDevs(bluetooth)->setParameters(): screen_state=on
11-09 00:37:47.668  1069   837 I AudioFlinger: -mAudioHwDevs(bluetooth)->setParameters(): screen_state=on
11-09 00:37:47.669  1069   837 I AudioFlinger: +mAudioHwDevs(usb)->setParameters(): screen_state=on
11-09 00:37:47.669  1069   837 I AudioFlinger: -mAudioHwDevs(usb)->setParameters(): screen_state=on
11-09 00:37:47.669  1069   837 I AudioFlinger: +mAudioHwDevs(r_submix)->setParameters(): screen_state=on
11-09 00:37:47.669  1069   837 I AudioFlinger: -mAudioHwDevs(r_submix)->setParameters(): screen_state=on
11-09 00:37:47.669  1069   837 E TranFlinger: setPareters is is 0
11-09 00:37:47.671  3635  4338 I TranTele/TranPhoneInterfaceManager: TTC - onSignalStrengthsChanged
11-09 00:37:47.693  1789  2803 E TranApkDataController: dmf_tcp_data in 10s tcp_data: uid: 10249, mTcpUpPkts: 4, up_drop_pkts: 0, up_rtt_cnt: 1, up_rtt_sum: 33, tcpState: true, tcp_succ: 1, tcp_fail: 0, tcp_delay_1: 0, tcp_delay_2: 0, tcp_delay_3: 0, tcp_delay_4: 0, mLoss_1: 1, loss_2: 0, loss_3: 0, loss_4: 0, loss_5: 0, loss_6: 0, rtt_1: 1, rtt_2: 0, rtt_3: 0, rtt_4: 0, rtt_5: 0, rtt_6: 0, rtt_7: 0, rtt_8: 0, dns_data: uid: 10249, dns_succ: 1, dns_fail: 0, dns_delay: 43, ip_type: ipv4, txrx_data: uid: 10249, apk_name: com.whatsapp, apk_time: 10, carrier_name: wifi, sim_index: 0, apk_type: 1, flow_up: 1, flow_down: 0, ul_bandwidth_1: 2, ul_bandwidth_2: 0, ul_bandwidth_3: 0, ul_bandwidth_4: 0, ul_bandwidth_5: 0, dl_bandwidth_1: 2, dl_bandwidth_2: 0, dl_bandwidth_3: 0, dl_bandwidth_4: 0, dl_bandwidth_5: 0
11-09 00:37:47.752  1789  1914 E ApplicationHelper: Fail to get PackageManager
11-09 00:37:47.806  1010 29980 W AudioALSACaptureDataProviderNormal: readThread, latency_in_s,0.000001,0.039878,0.000083, totalTime 0.039961 > logTimeout 0.022000 TIMEOUT!!
11-09 00:37:47.808  1046  1126 I mtkpower@impl: [powerd_req] TIMER_MSG_PERF_LOCK_TIMEOUT hdl:175542
11-09 00:37:47.808  1046  1126 I libPowerHal: [PD] MTKPOWER_HINT_EXT_LAUNCH update cmd:2020000 param:0
11-09 00:37:47.809  1046  1126 I libPowerHal: [PD] MTKPOWER_HINT_EXT_LAUNCH update cmd:1408300 param:0
11-09 00:37:47.809  1046  1126 I libPowerHal: [PD] MTKPOWER_HINT_EXT_LAUNCH update cmd:2054400, param:1
11-09 00:37:47.810  1046  1126 I libPowerHal: [PD] MTKPOWER_HINT_EXT_LAUNCH update cmd:1000000 param:-1
11-09 00:37:47.810  1046  1126 I libPowerHal: [PD] MTKPOWER_HINT_EXT_LAUNCH update cmd:808000 param:0
11-09 00:37:47.957  1789  1854 I system_server: Background concurrent mark compact GC freed 11MB AllocSpace bytes, 722(23MB) LOS objects, 19% free, 96MB/120MB, paused 1.366ms,6.257ms total 342.860ms
11-09 00:37:47.963  1789  1856 W System  : A resource failed to call HardwareBuffer.close. 
11-09 00:37:47.964  1789  1856 W System  : A resource failed to call HardwareBuffer.close. 
11-09 00:37:47.965  1789  1856 W System  : A resource failed to call release. 
11-09 00:37:47.965  1789  1856 W System  : A resource failed to call close. 
11-09 00:37:47.965  1789  1856 W System  : A resource failed to call close. 
11-09 00:37:48.096  1046  1126 I mtkpower@impl: [powerd_req] TIMER_MSG_PERF_LOCK_TIMEOUT hdl:175530
11-09 00:37:48.097  1046  1126 I libPowerHal: [setClusterFreq] MTKPOWER_HINT_LAUNCHER_ANIMA: sysfs_freq set cpu freq: -1 -1 -1 -1 -1 -1 
11-09 00:37:48.097  1046  1126 I libPowerHal: [setClusterHardFreq] MTKPOWER_HINT_LAUNCHER_ANIMA: hard userlimit set cpu freq: -1 -1 -1 -1 -1 -1
11-09 00:37:48.098  1046  1126 I libPowerHal: [setClusterFreq] MTKPOWER_HINT_LAUNCHER_ANIMA: sysfs_freq set cpu freq: -1 -1 -1 -1 -1 -1 
11-09 00:37:48.098  1046  1126 I libPowerHal: [unsetGPUFreq] current min:0, max:0; scn_gpu_min:0, scn_gpu_max:-1; scn_gpu_min(HL):-1, scn_gpu_max(HL):-1
11-09 00:37:48.098  1046  1126 I libPowerHal: MTKPOWER_HINT_LAUNCHER_ANIMA: set gpu opp level: 41
11-09 00:37:48.098  1046  1126 I libPowerHal: MTKPOWER_HINT_LAUNCHER_ANIMA: set gpu opp level max: 0
11-09 00:37:48.098  1046  1126 I libPowerHal: [setGPUFreq] Soft min/max = (41, 0); Hard min/max = (41, 0)
11-09 00:37:48.098  1046  1126 I libPowerHal: [setGPUFreq] final min/max = (41, 0)
11-09 00:37:48.098  1046  1126 I libPowerHal: MTKPOWER_HINT_LAUNCHER_ANIMA: set gpu opp level: 41
11-09 00:37:48.098  1046  1126 I libPowerHal: MTKPOWER_HINT_LAUNCHER_ANIMA: set gpu opp level max: 0
11-09 00:37:48.106  1010 29980 W AudioALSACaptureDataProviderNormal: readThread, latency_in_s,0.000001,0.039779,0.000113, totalTime 0.039893 > logTimeout 0.022000 TIMEOUT!!
11-09 00:37:48.112  1005  1288 E OemNetd : transmitAppUidToNetwork uid=(0)
11-09 00:37:48.128  1010 29980 W AudioALSACaptureDataProviderNormal: readThread, latency_in_s,0.000001,0.021821,0.000208, totalTime 0.022029 > logTimeout 0.022000 TIMEOUT!!
11-09 00:37:48.167  1046  1112 I libPerfCtl: xgfGetFPS pid:3358 fps:-1
11-09 00:37:48.168  1046  1112 I AppThermalMode: [perfNotifyThermalState] hdl:0
11-09 00:37:48.168  1046  1112 I AppThermalMode: [findAppThermalIdx] Fail: appThermalModeEnable: 0,currentFPS: -1,fg->pid:17366
11-09 00:37:48.168  1046  1112 I AppThermalMode: [perfNotifyThermalState] appThermalIdx -1:
11-09 00:37:48.168  1046  1112 I libPerfCtl: xgfGetFPS pid:5922 fps:-1
11-09 00:37:48.168  1046  1112 I AppThermalMode: [perfNotifyThermalState] hdl:0
11-09 00:37:48.168  1046  1112 I AppThermalMode: [findAppThermalIdx] Fail: appThermalModeEnable: 0,currentFPS: -1,fg->pid:17366
11-09 00:37:48.168  1046  1112 I AppThermalMode: [perfNotifyThermalState] appThermalIdx -1:
11-09 00:37:48.168  1046  1112 I libPerfCtl: xgfGetFPS pid:17366 fps:-1
11-09 00:37:48.168  1046  1112 I AppThermalMode: [perfNotifyThermalState] hdl:0
11-09 00:37:48.168  1046  1112 I AppThermalMode: [findAppThermalIdx] Fail: appThermalModeEnable: 0,currentFPS: -1,fg->pid:17366
11-09 00:37:48.168  1046  1112 I AppThermalMode: [perfNotifyThermalState] appThermalIdx -1:
11-09 00:37:48.168  1046  1112 I libPerfCtl: xgfGetFPS pid:17672 fps:57
11-09 00:37:48.168  1046  1112 I AppThermalMode: [perfNotifyThermalState] hdl:0
11-09 00:37:48.168  1046  1112 I AppThermalMode: [findAppThermalIdx] Fail: appThermalModeEnable: 0,currentFPS: -1,fg->pid:17366
11-09 00:37:48.168  1046  1112 I AppThermalMode: [perfNotifyThermalState] appThermalIdx -1:
11-09 00:37:48.400 30340 30340 I WifiHAL : Get link layer stats
11-09 00:37:48.400 30340 30340 I WifiHAL : GetLinkStatsCommand::create
11-09 00:37:48.417 30340 30340 I WifiHAL : GetLinkStatsCommand::handleResponse
11-09 00:37:48.417 30340 30340 E WifiHAL : handleResponse: data=0xb4000079bf5741b0, len=1888
11-09 00:37:48.417 30340 30340 I WifiHAL : check_data_sanity: confirmed_size=1888, len=1888
11-09 00:37:48.418 30340 30340 I WifiHAL : handleResponse: iface_stat_ptr=0xb4000079bf5741b0, num_radios=2, radio_stats_ptr=0xb4000079bf5744c8
11-09 00:37:48.418 30340 30340 I WifiHAL : wifi_get_link_stats: result=0
11-09 00:37:48.428  1010 29980 W AudioALSACaptureDataProviderNormal: readThread, latency_in_s,0.000002,0.021983,0.000201, totalTime 0.022186 > logTimeout 0.022000 TIMEOUT!!
11-09 00:37:48.600  1789  4057 I Hiber/fastState: fastUnFreeze reason=delay from activityIdle size=4 uids=[10097, 10161, 10188, 10279] about costTime=17ms
11-09 00:37:48.626  1010 29980 W AudioALSACaptureDataProviderNormal: readThread, latency_in_s,0.000001,0.039989,0.000200, totalTime 0.040189 > logTimeout 0.022000 TIMEOUT!!
11-09 00:37:48.829  1010 29980 W AudioALSACaptureDataProviderNormal: readThread, latency_in_s,0.000002,0.021835,0.000245, totalTime 0.022082 > logTimeout 0.022000 TIMEOUT!!
11-09 00:37:48.886  1010 29980 W AudioALSACaptureDataProviderNormal: readThread, latency_in_s,0.000002,0.037627,0.000147, totalTime 0.037776 > logTimeout 0.022000 TIMEOUT!!
11-09 00:37:48.899  1086  1086 I BufferQueueProducer: [StatusBar#106](this:0xb4000073cf30cfb8,id:-1,api:0,p:-1,c:1086) queueBuffer: fps=0.29 dur=3451.95 max=3451.95 min=3451.95
11-09 00:37:48.901  1020  1256 I hwcomposer: [HWCDisplay] [Display_0 (type:1)] fps:18.372503,dur:1796.16,max:1251.65,min:13.63  
11-09 00:37:48.985  1789  3218 I Hiber/importantScene: default_sms: packageName=com.transsion.smartmessage
11-09 00:37:48.985  1789  3218 I Hiber/appStateMachine: uid:10133, pkg=com.transsion.smartmessage  can't transition from R to F ,importantcase is : default_sms
11-09 00:37:49.068  1010 29980 W AudioALSACaptureDataProviderNormal: readThread, latency_in_s,0.000001,0.022072,0.000224, totalTime 0.022298 > logTimeout 0.022000 TIMEOUT!!
11-09 00:37:49.110  1789  2039 I Griffin/CleanManager: dispatch clean index=12
11-09 00:37:49.168  1046  1112 I libPerfCtl: xgfGetFPS pid:3358 fps:-1
11-09 00:37:49.169  1046  1112 I AppThermalMode: [perfNotifyThermalState] hdl:0
11-09 00:37:49.169  1046  1112 I AppThermalMode: [findAppThermalIdx] Fail: appThermalModeEnable: 0,currentFPS: -1,fg->pid:17366
11-09 00:37:49.169  1046  1112 I AppThermalMode: [perfNotifyThermalState] appThermalIdx -1:
11-09 00:37:49.169  1046  1112 I libPerfCtl: xgfGetFPS pid:5922 fps:-1
11-09 00:37:49.169  1046  1112 I AppThermalMode: [perfNotifyThermalState] hdl:0
11-09 00:37:49.169  1046  1112 I AppThermalMode: [findAppThermalIdx] Fail: appThermalModeEnable: 0,currentFPS: -1,fg->pid:17366
11-09 00:37:49.169  1046  1112 I AppThermalMode: [perfNotifyThermalState] appThermalIdx -1:
11-09 00:37:49.169  1046  1112 I libPerfCtl: xgfGetFPS pid:17366 fps:-1
11-09 00:37:49.169  1046  1112 I AppThermalMode: [perfNotifyThermalState] hdl:0
11-09 00:37:49.169  1046  1112 I AppThermalMode: [findAppThermalIdx] Fail: appThermalModeEnable: 0,currentFPS: -1,fg->pid:17366
11-09 00:37:49.169  1046  1112 I AppThermalMode: [perfNotifyThermalState] appThermalIdx -1:
11-09 00:37:49.170  1046  1112 I libPerfCtl: xgfGetFPS pid:17672 fps:-1
11-09 00:37:49.170  1046  1112 I AppThermalMode: [perfNotifyThermalState] hdl:0
11-09 00:37:49.170  1046  1112 I AppThermalMode: [findAppThermalIdx] Fail: appThermalModeEnable: 0,currentFPS: -1,fg->pid:17366
11-09 00:37:49.170  1046  1112 I AppThermalMode: [perfNotifyThermalState] appThermalIdx -1:
11-09 00:37:49.208  1010 29980 W AudioALSACaptureDataProviderNormal: readThread, latency_in_s,0.000002,0.041244,0.000215, totalTime 0.041462 > logTimeout 0.022000 TIMEOUT!!
11-09 00:37:49.253 17366 17504 E dev.expo.updates: {"timestamp":1762628869252,"message":"Failed to download remote update","code":"UpdateFailedToLoad","level":"error","stacktrace":["okhttp3.internal.http1.Http1ExchangeCodec.readResponseHeaders(SourceFile:160)","okhttp3.internal.connection.Exchange.readResponseHeaders(SourceFile:3)","okhttp3.internal.http.CallServerInterceptor.intercept(SourceFile:171)","okhttp3.internal.http.RealInterceptorChain.proceed(SourceFile:152)","okhttp3.internal.connection.ConnectInterceptor.intercept(SourceFile:33)","okhttp3.internal.http.RealInterceptorChain.proceed(SourceFile:152)","okhttp3.internal.cache.CacheInterceptor.intercept(SourceFile:190)","okhttp3.internal.http.RealInterceptorChain.proceed(SourceFile:152)","okhttp3.internal.http.BridgeInterceptor.intercept(SourceFile:170)","okhttp3.internal.http.RealInterceptorChain.proceed(SourceFile:152)","okhttp3.internal.http.RetryAndFollowUpInterceptor.intercept(SourceFile:35)","okhttp3.internal.http.RealInterceptorChain.proceed(SourceFile:152)","okhttp3.brotli.BrotliInterceptor.intercept(SourceFile:36)","okhttp3.internal.http.RealInterceptorChain.proceed(SourceFile:152)","okhttp3.internal.connection.RealCall.getResponseWithInterceptorChain$okhttp(SourceFile:117)","okhttp3.internal.connection.RealCall.execute(SourceFile:28)","expo.modules.updates.loader.FileDownloader.downloadData(SourceFile:30)","expo.modules.updates.loader.FileDownloader.downloadData$default(SourceFile:6)","expo.modules.updates.loader.FileDownloader.downloadRemoteUpdate(SourceFile:75)","expo.modules.updates.loader.RemoteLoader.loadRemoteUpdate(SourceFile:29)"]}
11-09 00:37:49.253 17366 17504 E dev.expo.updates: {"timestamp":1762628869253,"message":"Load error","code":"UpdateFailedToLoad","level":"error","stacktrace":["expo.modules.updates.loader.FileDownloader.downloadRemoteUpdate(SourceFile:147)","expo.modules.updates.loader.RemoteLoader.loadRemoteUpdate(SourceFile:29)","expo.modules.updates.loader.Loader.load(SourceFile:74)","expo.modules.updates.loader.LoaderTask.launchRemoteUpdateInBackground(SourceFile:202)","expo.modules.updates.loader.LoaderTask.launchRemoteUpdate(SourceFile:58)","expo.modules.updates.loader.LoaderTask.start(SourceFile:255)","Jh.g.B(SourceFile:34)","Jh.g.k(SourceFile:1)","Jh.g$d.invokeSuspend(SourceFile:45)","kotlin.coroutines.jvm.internal.a.resumeWith(SourceFile:12)","fk.c0.run(SourceFile:129)","kk.l$a.run(SourceFile:4)","mk.i.run(SourceFile:3)","mk.a.e0(SourceFile:1)","mk.a$c.b(SourceFile:34)","mk.a$c.m(SourceFile:29)","mk.a$c.run(SourceFile:1)"]}
11-09 00:37:49.254 17366 17504 E dev.expo.updates: {"timestamp":1762628869254,"message":"Failed to download remote update","code":"UpdateFailedToLoad","level":"error","stacktrace":["expo.modules.updates.loader.FileDownloader.downloadRemoteUpdate(SourceFile:147)","expo.modules.updates.loader.RemoteLoader.loadRemoteUpdate(SourceFile:29)","expo.modules.updates.loader.Loader.load(SourceFile:74)","expo.modules.updates.loader.LoaderTask.launchRemoteUpdateInBackground(SourceFile:202)","expo.modules.updates.loader.LoaderTask.launchRemoteUpdate(SourceFile:58)","expo.modules.updates.loader.LoaderTask.start(SourceFile:255)","Jh.g.B(SourceFile:34)","Jh.g.k(SourceFile:1)","Jh.g$d.invokeSuspend(SourceFile:45)","kotlin.coroutines.jvm.internal.a.resumeWith(SourceFile:12)","fk.c0.run(SourceFile:129)","kk.l$a.run(SourceFile:4)","mk.i.run(SourceFile:3)","mk.a.e0(SourceFile:1)","mk.a$c.b(SourceFile:34)","mk.a$c.m(SourceFile:29)","mk.a$c.run(SourceFile:1)"]}
11-09 00:37:49.255 17366 17504 E dev.expo.updates: {"timestamp":1762628869255,"message":"Unexpected error encountered while loading this app","code":"Unknown","level":"error","stacktrace":["expo.modules.updates.loader.FileDownloader.downloadRemoteUpdate(SourceFile:147)","expo.modules.updates.loader.RemoteLoader.loadRemoteUpdate(SourceFile:29)","expo.modules.updates.loader.Loader.load(SourceFile:74)","expo.modules.updates.loader.LoaderTask.launchRemoteUpdateInBackground(SourceFile:202)","expo.modules.updates.loader.LoaderTask.launchRemoteUpdate(SourceFile:58)","expo.modules.updates.loader.LoaderTask.start(SourceFile:255)","Jh.g.B(SourceFile:34)","Jh.g.k(SourceFile:1)","Jh.g$d.invokeSuspend(SourceFile:45)","kotlin.coroutines.jvm.internal.a.resumeWith(SourceFile:12)","fk.c0.run(SourceFile:129)","kk.l$a.run(SourceFile:4)","mk.i.run(SourceFile:3)","mk.a.e0(SourceFile:1)","mk.a$c.b(SourceFile:34)","mk.a$c.m(SourceFile:29)","mk.a$c.run(SourceFile:1)"]}
11-09 00:37:49.256 17366 17504 E dev.expo.updates: {"timestamp":1762628869255,"message":"Failed to launch embedded or launchable update","code":"UpdateFailedToLoad","level":"error","stacktrace":["expo.modules.updates.launcher.DatabaseLauncher.launch(SourceFile:630)","expo.modules.updates.loader.LoaderTask.launchFallbackUpdateFromDisk(SourceFile:313)","expo.modules.updates.loader.LoaderTask.start(SourceFile:147)","Jh.g.B(SourceFile:34)","Jh.g.k(SourceFile:1)","Jh.g$d.invokeSuspend(SourceFile:45)","kotlin.coroutines.jvm.internal.a.resumeWith(SourceFile:12)","fk.c0.run(SourceFile:129)","kk.l$a.run(SourceFile:4)","mk.i.run(SourceFile:3)","mk.a.e0(SourceFile:1)","mk.a$c.b(SourceFile:34)","mk.a$c.m(SourceFile:29)","mk.a$c.run(SourceFile:1)"]}
11-09 00:37:49.261  1789  2591 E ActivityTaskManager: agaresPreload error: activityInfo is null
11-09 00:37:49.262  1789  1991 I mtkpower_client: perf_cus_lock_hint hint:105, dur:150, pid:1789
11-09 00:37:49.263  1789  2591 I ActivityTaskManager: floatWindow: multiWindowId = 0
11-09 00:37:49.264  1789  2591 I ActivityTaskManager: TaskLaunchParamsModifier: pkgName = null, isMultiWindowTaskDisplayArea  = false
11-09 00:37:49.264  1789  1991 I mtkpower_client: perf_cus_lock_hint, ret_hdl:175545
11-09 00:37:49.265  1789  2591 W OptProp : Cannot read opt property android.window.PROPERTY_COMPAT_ALLOW_ORIENTATION_OVERRIDE
11-09 00:37:49.266  1046  1126 I libPowerHal: [setClusterFreq] MTKPOWER_HINT_START_ACTIVITY_INNER: sysfs_freq set cpu freq: 2000000 -1 3000000 -1 3100000 -1 
11-09 00:37:49.266  1046  1126 I libPowerHal: [setClusterHardFreq] MTKPOWER_HINT_START_ACTIVITY_INNER: hard userlimit set cpu freq: -1 -1 -1 -1 -1 -1
11-09 00:37:49.266  1789  2591 W OptProp : Cannot read opt property android.window.PROPERTY_COMPAT_ALLOW_RESIZEABLE_ACTIVITY_OVERRIDES
11-09 00:37:49.266  1046  1126 I libPowerHal: [setClusterFreq] MTKPOWER_HINT_START_ACTIVITY_INNER: sysfs_freq set cpu freq: 2000000 -1 3000000 -1 3100000 -1 
11-09 00:37:49.267  1789  2591 W OptProp : Cannot read opt property android.window.PROPERTY_COMPAT_ALLOW_MIN_ASPECT_RATIO_OVERRIDE
11-09 00:37:49.268  1789  2591 I ActivityTaskManager: TaskLaunchParamsModifier: pkgName = null, isMultiWindowTaskDisplayArea  = false
11-09 00:37:49.268  1789  2591 I ActivityTaskManager: TaskLaunchParamsModifier: pkgName = null
11-09 00:37:49.268  1789  2591 I ActivityTaskManager: TaskLaunchParamsModifier: pkgName = null, isMultiWindowTaskDisplayArea  = false
11-09 00:37:49.269  1789  2591 I ActivityTaskManager: TaskLaunchParamsModifier: pkgName = null
11-09 00:37:49.269  1789  2591 I ActivityTaskManager: needHookReparentToDefaultDisplay: sourceRecord = ActivityRecord{2a79f28 u0 host.exp.exponent/.experience.ExperienceActivity t844},r = ActivityRecord{5be172c u0 host.exp.exponent/.experience.ErrorActivity t-1}, tda = DefaultTaskDisplayArea@42568393
11-09 00:37:49.271  1086  3083 I BufferQueueDebug: [ActivityRecord{5be172c u0 host.exp.exponent/.experience.ErrorActivity t844}#14147](this:0xb4000073cf38a478,id:-1,api:0,p:-1,c:-1) BufferQueue core=(1086:/system/bin/surfaceflinger)
11-09 00:37:49.273  1046  1097 I mtkpower@impl: [setMode] type:5, enabled:1
11-09 00:37:49.273  1789  2591 I PowerHalWrapper: amsBoostNotify pid:17366,activity:host.exp.exponent.experience.ExperienceActivity, package:host.exp.exponent, mProcessCreatePackcom.whatsapp 
11-09 00:37:49.273  1789  2591 I PowerHalWrapper: state: 0 
11-09 00:37:49.273  1789  2591 I ScnModule: [GameDetection] packname: host.exp.exponent, apkSize: 43378703. 
11-09 00:37:49.273  1789  2591 I mtkpower_client: [PowerHal_Wrap_notifyAppState] host.exp.exponent/host.exp.exponent.experience.ExperienceActivity pid=17366 activityId:44539688 state:0
11-09 00:37:49.273  1789  2591 I mtkpower_client: [Legacy][PowerHal_Wrap_notifyAppState] host.exp.exponent/host.exp.exponent.experience.ExperienceActivity pid=17366 state:44539688
11-09 00:37:49.275  1789  2591 I PowerHalWrapper: amsBoostNotify AMS_BOOST_PROCESS_CREATE_BOOST:false 
11-09 00:37:49.275  1789  2591 I PowerHalWrapper: <amsBoostResume> last:host.exp.exponent, next:host.exp.exponenthasATProcess:false 
11-09 00:37:49.275  1789  2591 I PowerHalWrapper:  mIsColdLaunch :false 
11-09 00:37:49.275  1046  1126 I libPowerHal: [perfNotifyAppState] pack:host.exp.exponent, act:host.exp.exponent.experience.ExperienceActivity, state:0, pid:17366, uid:10304, fps:-1
11-09 00:37:49.275  1789  2591 I ActivityTaskManager: START u0 {flg=0x24000000 cmp=host.exp.exponent/.experience.ErrorActivity (has extras)} with LAUNCH_MULTIPLE from uid 10304 (BAL_ALLOW_VISIBLE_WINDOW) result code=0
11-09 00:37:49.275  1789  2591 I ActivityTaskManager: Add pending draw ActivityRecord{5be172c u0 host.exp.exponent/.experience.ErrorActivity t844}
11-09 00:37:49.276  1789  2089 I Hiber/fastState: do fastFreeze reason=cpuboost
11-09 00:37:49.276  1789  2089 I Process : String at 0: 0x788f8f5601 = ProcessCapacityNormal
11-09 00:37:49.276  1789  2089 I Process : String at 0: 0x788f8f5601 = ProcessCapacityNormal
11-09 00:37:49.276  1789  4057 W Hiber/fastState: uid=10133 is default-app
11-09 00:37:49.276  1789  4057 W Hiber/fastState: uid=10304 is resume
11-09 00:37:49.276  1789  4057 W Hiber/fastState: uid=10196 is default-app
11-09 00:37:49.276  1789  2089 E TranCPUBooster: setTranSchedUxTags fail tid: 3413 threadName: wmshell.anim
11-09 00:37:49.276  1789  1991 I mtkpower_client: perf_cus_lock_hint hint:101, dur:1000, pid:1789
11-09 00:37:49.277  5922  7047 I SmartPanelService: activityCheck pkgName: host.exp.exponent, className: host.exp.exponent.experience.ErrorActivity isResume=false isDrawn = false
11-09 00:37:49.277  1789  1991 I mtkpower_client: perf_cus_lock_hint, ret_hdl:175548
11-09 00:37:49.277  1789  2089 E TranCPUBooster: setTranSchedUxTags fail tid: 3411 threadName: ux_exact_wmshell.main
11-09 00:37:49.277  1046  1126 I libPowerHal: [setGPUFreq] MTKPOWER_HINT_LAUNCHER_ANIMA user set gpu freq min:0, max:-1
11-09 00:37:49.277  1046  1126 I libPowerHal: MTKPOWER_HINT_LAUNCHER_ANIMA: set gpu opp level: 0
