11-09 00:50:09.246  1789  1859 I ActivityTaskManager: TaskLaunchParamsModifier: pkgName = null, isMultiWindowTaskDisplayArea  = false
11-09 00:50:09.246  1789  1859 I ActivityTaskManager: TaskLaunchParamsModifier: pkgName = null
11-09 00:50:09.247  1789  1859 I ActivityTaskManager: TaskLaunchParamsModifier: pkgName = null, isMultiWindowTaskDisplayArea  = false
11-09 00:50:09.247  1789  1859 I ActivityTaskManager: TaskLaunchParamsModifier: pkgName = null
11-09 00:50:09.248  1789  1859 I ActivityTaskManager: needHookReparentToDefaultDisplay: sourceRecord = null,r = ActivityRecord{3fb36e8 u0 host.exp.exponent/.LauncherActivity t-1}, tda = DefaultTaskDisplayArea@42568393
11-09 00:50:09.251  1789  1914 E ApplicationHelper: Fail to get PackageManager
11-09 00:50:09.264  1789  1789 E MBrainLocalService: notifyAppSwitch failed
11-09 00:50:09.266  1789  1859 I ActivityTaskManager: START u0 {act=android.intent.action.VIEW dat=exp://127.0.0.1:19000/... flg=0x10000000 cmp=host.exp.exponent/.LauncherActivity} with LAUNCH_SINGLE_TASK from uid 2000 (BAL_ALLOW_PERMISSION) result code=0
11-09 00:50:09.266  1789  1859 I ActivityTaskManager: Add pending draw ActivityRecord{3fb36e8 u0 host.exp.exponent/.LauncherActivity t848}
11-09 00:50:09.271  3358  3411 W ShellEventHandler: onPostRequestStartTransition last token is not null android.os.BinderProxy@fb5ae25, there is a bug here, please check logcat
11-09 00:50:09.275  5922  9321 I ApplicationPackageManager: color1 =0,color2 =0,bgColor =0
11-09 00:50:09.275  5922  9321 I ApplicationPackageManager: dr is not VectorDrawable,so we do nothing !
11-09 00:50:09.300  1789  3496 W JobScheduler.Concurrency: Had fewer than 16 in existence
11-09 00:50:09.300  1789  3496 W JobScheduler.Concurrency: Had fewer than 16 in existence
11-09 00:50:09.301  1789  3496 W JobScheduler.Concurrency: Had fewer than 16 in existence
11-09 00:50:09.304  5922  9321 I ApplicationPackageManager: color1 =0,color2 =0,bgColor =0
11-09 00:50:09.304  5922  9321 I ApplicationPackageManager: dr is not VectorDrawable,so we do nothing !
11-09 00:50:09.309  1789  3121 I TranThermalBacklightCtrl: cur package [host.exp.exponent] is in TemperatureControlWhitelist
11-09 00:50:09.309  1789  1914 E ApplicationHelper: Fail to get PackageManager
11-09 00:50:09.310  1789  3121 I TranThermalBacklightCtrl: mParamAPTempHigh[0]=45.0, mParamAPTempLow[0]=43.0, mParamBrightnessMax[0]=0.79999995, mParamLuxLimit[0]=0.0
11-09 00:50:09.310  1789  3121 I TranThermalBacklightCtrl: mParamAPTempHigh[1]=49.0, mParamAPTempLow[1]=47.0, mParamBrightnessMax[1]=0.7, mParamLuxLimit[1]=0.0
11-09 00:50:09.313  1789  3121 I TranSCSourceConnectManagerImpl: hookDisplayResumedActivityChanged displayId: 0 packageName: host.exp.exponent
11-09 00:50:09.322  1789  1859 I WindowManager: Relayout Window{c5d55c4 u0 host.exp.exponent/host.exp.exponent.experience.HomeActivity}: oldVis=4 newVis=0 focusMayChange = true requestedWidth = 1080 requestedHeight = 2436 outFrames = ClientWindowFrames{frame=[0,0][1080,2436] display=[0,0][1080,2436] parentFrame=[0,0][0,0]} outSurfaceControl = Surface(name=host.exp.exponent/host.exp.exponent.experience.HomeActivity)/@0x43a50d5
11-09 00:50:09.325  1789  1914 E ApplicationHelper: Fail to get PackageManager
11-09 00:50:09.326  1789  1916 I DisplayDeviceRepository: Display device changed: DisplayDeviceInfo{"Built-in Screen": uniqueId="local:0", 1080 x 2436, modeId 3, renderFrameRate 60.0, defaultModeId 1, userPreferredModeId -1, supportedModes [{id=1, width=1080, height=2436, fps=144.00002, vsync=144.00002, synthetic=false, alternativeRefreshRates=[40.0, 60.0, 120.00001], supportedHdrTypes=[2, 3, 4]}, {id=2, width=1080, height=2436, fps=120.00001, vsync=120.00001, synthetic=false, alternativeRefreshRates=[40.0, 60.0, 144.00002], supportedHdrTypes=[2, 3, 4]}, {id=3, width=1080, height=2436, fps=60.0, vsync=60.0, synthetic=false, alternativeRefreshRates=[40.0, 120.00001, 144.00002], supportedHdrTypes=[2, 3, 4]}, {id=4, width=1080, height=2436, fps=40.0, vsync=40.0, synthetic=false, alternativeRefreshRates=[60.0, 120.00001, 144.00002], supportedHdrTypes=[2, 3, 4]}], colorMode 0, supportedColorModes [0, 7, 9], hdrCapabilities HdrCapabilities{mSupportedHdrTypes=[2, 3, 4], mMaxLuminance=500.0, mMaxAverageLuminance=500.0, mMinLuminance=0.0}, allmSupported false, gameContentTypeSupported false, density 480, 394.818 x 392.828 dpi, appVsyncOff 1133334, presDeadline 16600000, cutout DisplayCutout{insets=Rect(0, 108 - 0, 0) waterfall=Insets{left=0, top=0, right=0, bottom=0} boundingRect={Bounds=[Rect(0, 0 - 0, 0), Rect(468, 0 - 612, 108), Rect(0, 0 - 0, 0), Rect(0, 0 - 0, 0)]} cutoutPathParserInfo={CutoutPathParserInfo{displayWidth=1080 displayHeight=2436 physicalDisplayWidth=1080 physicalDisplayHeight=2436 density={3.0} cutoutSpec={M -24,0 L -24,36 L 24,36 L 24,0 Z @dp} rotation={0} scale={1.0} physicalPixelDisplaySizeRatio={1.0}}} sideOverrides={}}, touch INTERNAL, rotation 0, type INTERNAL, address {port=0}, deviceProductInfo null, state ON, committedState ON, frameRateOverride , brightnessMinimum 0.0, brightnessMaximum 1.0, brightnessDefault 0.2, hdrSdrRatio NaN, FLAG_ALLOWED_TO_BE_DEFAULT_DISPLAY, FLAG_ROTATES_WITH_CONTENT, FLAG_SECURE, FLAG_SUPPORTS_PROTECTED_BUFFERS, FLAG_TRUSTED, installOrientation 0, displayShape DisplayShape{ spec=596679847 displayWidth=1080 displayHeight=2436 physicalPixelDisplaySizeRatio=1.0 rotation=0 offsetX=0 offsetY=0 scale=1.0}}
11-09 00:50:09.334  5922  9321 I ApplicationPackageManager: color1 =0,color2 =0,bgColor =0
11-09 00:50:09.334  5922  9321 I ApplicationPackageManager: dr is not VectorDrawable,so we do nothing !
11-09 00:50:09.343  6398  6800 W HeartRateOximetryLiceFactory: HeartRateOximetryLice is not supported
11-09 00:50:09.354  5922  9321 I ApplicationPackageManager: color1 =0,color2 =0,bgColor =0
11-09 00:50:09.354  5922  9321 I ApplicationPackageManager: dr is not VectorDrawable,so we do nothing !
11-09 00:50:09.376  1789  1914 E ApplicationHelper: Fail to get PackageManager
11-09 00:50:09.379  1789  1914 E ApplicationHelper: Fail to get PackageManager
11-09 00:50:09.394  5922  9321 I ApplicationPackageManager: color1 =0,color2 =0,bgColor =0
11-09 00:50:09.394  5922  9321 I ApplicationPackageManager: dr is not VectorDrawable,so we do nothing !
11-09 00:50:09.417  1789  3496 I os.permission: Grant permission: android.permission.INTERACT_ACROSS_USERS to uid: 10193
11-09 00:50:09.418  1789  3511 I os.permission: Grant permission: android.permission.MANAGE_ACTIVITY_TASKS to uid: 10193
11-09 00:50:09.419  5922  9321 I ApplicationPackageManager: color1 =0,color2 =0,bgColor =0
11-09 00:50:09.419  5922  9321 I ApplicationPackageManager: dr is not VectorDrawable,so we do nothing !
11-09 00:50:09.424  1789  3955 I WindowManager:   isAnimating=false  okToAnimate=true  win=Window{3dba0d3 u0 com.transsion.XOSLauncher/com.android.launcher3.uioverrides.QuickstepLauncher}
11-09 00:50:09.425  1789  3955 I WindowManager:   isAnimating=false  okToAnimate=true  win=Window{4364ade u0 ZeroScreen}
11-09 00:50:09.429  1789  3955 W UserManagerService: Requested status bar icon for non-badged user 0
11-09 00:50:09.430  1789  3955 W UserManagerService: Requested status bar icon for non-badged user 0
11-09 00:50:09.458  5922  9321 I ApplicationPackageManager: color1 =0,color2 =0,bgColor =0
11-09 00:50:09.458  5922  9321 I ApplicationPackageManager: dr is not VectorDrawable,so we do nothing !
11-09 00:50:09.459  1789  9433 W AppOps  : setUidMode() called with a mode inconsistent with runtime permission state, this is discouraged and you should revoke the runtime permission instead: uid=10097, switchCode=0, mode=4, permission=android.permission.ACCESS_BACKGROUND_LOCATION
11-09 00:50:09.459  1789  9433 W AppOpService: Ignored setUidMode call for runtime permission app op: uid = 10097, code = COARSE_LOCATION, mode = foreground, callingUid = 1000, oldMode = foreground
11-09 00:50:09.460  1789  9433 W AppOpService: Ignored setUidMode call for runtime permission app op: uid = 10095, code = FINE_LOCATION, mode = foreground, callingUid = 1000, oldMode = foreground
11-09 00:50:09.460  1789  9433 W AppOpService: Ignored setUidMode call for runtime permission app op: uid = 10095, code = COARSE_LOCATION, mode = foreground, callingUid = 1000, oldMode = foreground
11-09 00:50:09.483  1789  3218 I Hiber/appStateMachine: uid:10329, pkg=com.tnstc  can't transition from R to F ,importantcase is : 
11-09 00:50:09.485  5922  9321 I ApplicationPackageManager: color1 =0,color2 =0,bgColor =0
11-09 00:50:09.485  5922  9321 I ApplicationPackageManager: dr is not VectorDrawable,so we do nothing !
11-09 00:50:09.486  1789  9433 W AppOps  : setUidMode() called with a mode inconsistent with runtime permission state, this is discouraged and you should revoke the runtime permission instead: uid=10097, switchCode=0, mode=4, permission=android.permission.ACCESS_BACKGROUND_LOCATION
11-09 00:50:09.486  1789  9433 W AppOpService: Ignored setUidMode call for runtime permission app op: uid = 10097, code = COARSE_LOCATION, mode = foreground, callingUid = 1000, oldMode = foreground
11-09 00:50:09.487  1789  3220 I Hiber/fastState: skip fastFreeze, uid=10249 pkgName=com.whatsapp unFreezeReason=packet cpnInfo=TRANSACTION_-1
11-09 00:50:09.487  1789  3220 I Hiber/stateManager: unfreeze uid: 10249 com.whatsapp pids:[17672]  reason:packet   cpninfo:TRANSACTION_-1 costTime=1ms ,last freeze 5s ago
11-09 00:50:09.487  1789  3218 I Hiber/appStateMachine: uid=10249, pkg=com.whatsapp, transition from Frozen to Running, reason=packet
11-09 00:50:09.487  1789  3218 I Hiber/appStateMachine: uid:10249 exit FrozenState
11-09 00:50:09.489  1789  9433 I os.permission: Grant permission: android.permission.ALLOW_SLIPPERY_TOUCHES to uid: 10193
11-09 00:50:09.489  1789  9433 I os.permission: Grant permission: android.permission.ALLOW_SLIPPERY_TOUCHES to uid: 10193
11-09 00:50:09.490  1789  3219 I Hiber/proxyManager: up_service: 10249
11-09 00:50:09.490  1789  3219 I Hiber/proxyManager: un_job: 10249
11-09 00:50:09.504  5922  9321 I ApplicationPackageManager: color1 =0,color2 =0,bgColor =0
11-09 00:50:09.504  5922  9321 I ApplicationPackageManager: dr is not VectorDrawable,so we do nothing !
11-09 00:50:09.512  1789  1914 E ApplicationHelper: Fail to get PackageManager
11-09 00:50:09.516  1789  1913 I _T_AppBehavior: APP_START_OCCURRED (pid:6398, packageName:host.exp.exponent, transitionType:7, launchedActivityName:host.exp.exponent.experience.HomeActivity, callerPackage:com.android.shell, currentTransitionDelayMs:119, startingWindowDelayMs:108, bindApplicationDelayMs:64, windowsDrawnDelayMs:511,compilationReason:4, compilationFilter:4 )
11-09 00:50:09.518  1789  3955 E ActivityTaskManager: agaresPreload error: activityInfo is null
11-09 00:50:09.518  1789  3955 I ActivityTaskManager: floatWindow: multiWindowId = 0
11-09 00:50:09.518  1789  3955 I ActivityTaskManager: TaskLaunchParamsModifier: pkgName = null, isMultiWindowTaskDisplayArea  = false
11-09 00:50:09.519  1789  3955 W OptProp : Cannot read opt property android.window.PROPERTY_COMPAT_ALLOW_ORIENTATION_OVERRIDE
11-09 00:50:09.519  1789  3955 W OptProp : Cannot read opt property android.window.PROPERTY_COMPAT_ALLOW_RESIZEABLE_ACTIVITY_OVERRIDES
11-09 00:50:09.519  1789  3955 W OptProp : Cannot read opt property android.window.PROPERTY_COMPAT_ALLOW_MIN_ASPECT_RATIO_OVERRIDE
11-09 00:50:09.519  1789  3955 I ActivityTaskManager: TaskLaunchParamsModifier: pkgName = null, isMultiWindowTaskDisplayArea  = false
11-09 00:50:09.519  1789  3955 I ActivityTaskManager: TaskLaunchParamsModifier: pkgName = null
11-09 00:50:09.519  1789  3955 E ActivityTaskManager: AppLaunchTracker getTaskIndex error: task is null.
11-09 00:50:09.519  1789  3955 I ActivityTaskManager: TaskLaunchParamsModifier: pkgName = null, isMultiWindowTaskDisplayArea  = false
11-09 00:50:09.519  1789  3955 I ActivityTaskManager: TaskLaunchParamsModifier: pkgName = null
11-09 00:50:09.520  1789  3955 I ActivityTaskManager: needHookReparentToDefaultDisplay: sourceRecord = ActivityRecord{3fb36e8 u0 host.exp.exponent/.LauncherActivity t848},r = ActivityRecord{cdf4497 u0 host.exp.exponent/.experience.ExperienceActivity t-1}, tda = DefaultTaskDisplayArea@42568393
11-09 00:50:09.522  1789  3955 I ActivityTaskManager: TaskLaunchParamsModifier: pkgName = null, isMultiWindowTaskDisplayArea  = false
11-09 00:50:09.522  1789  3955 I ActivityTaskManager: TaskLaunchParamsModifier: pkgName = null
11-09 00:50:09.523  5922  9321 I ApplicationPackageManager: color1 =0,color2 =0,bgColor =0
11-09 00:50:09.523  5922  9321 I ApplicationPackageManager: dr is not VectorDrawable,so we do nothing !
11-09 00:50:09.524  1789  9433 W AppOpService: Ignored setUidMode call for runtime permission app op: uid = 10123, code = FINE_LOCATION, mode = foreground, callingUid = 1000, oldMode = foreground
11-09 00:50:09.524  1789  9433 W AppOpService: Ignored setUidMode call for runtime permission app op: uid = 10123, code = COARSE_LOCATION, mode = foreground, callingUid = 1000, oldMode = foreground
11-09 00:50:09.531  1789  3955 I MemoryCollector: do beginMemoryPredict 
11-09 00:50:09.532  1789  3955 I ActivityTaskManager: START u0 {flg=0xc080000 cmp=host.exp.exponent/.experience.ExperienceActivity (has extras)} with LAUNCH_MULTIPLE from uid 10308 (BAL_ALLOW_VISIBLE_WINDOW) result code=0
11-09 00:50:09.532  1789  3955 I ActivityTaskManager: Add pending draw ActivityRecord{cdf4497 u0 host.exp.exponent/.experience.ExperienceActivity t849}
11-09 00:50:09.535  1789  5890 I WindowManager:   isAnimating=false  okToAnimate=true  win=Window{cc5a502 u0 Splash Screen host.exp.exponent}
11-09 00:50:09.537  5922  9321 I ApplicationPackageManager: color1 =0,color2 =0,bgColor =0
11-09 00:50:09.537  5922  9321 I ApplicationPackageManager: dr is not VectorDrawable,so we do nothing !
11-09 00:50:09.559  1789  3511 I WindowManager:   onAnimationFinished on win=Window{c5d55c4 u0 host.exp.exponent/host.exp.exponent.experience.HomeActivity}
11-09 00:50:09.570  1789  1914 E ApplicationHelper: Fail to get PackageManager
11-09 00:50:09.578  1789  3983 I TranSCSourceConnectManagerImpl: hookDisplayResumedActivityChanged displayId: 0 packageName: host.exp.exponent
11-09 00:50:09.583  5922  9321 I ApplicationPackageManager: color1 =0,color2 =0,bgColor =0
11-09 00:50:09.583  5922  9321 I ApplicationPackageManager: dr is not VectorDrawable,so we do nothing !
11-09 00:50:09.593  1789  5890 I TranThermalBacklightCtrl: cur package [host.exp.exponent] is in TemperatureControlWhitelist
11-09 00:50:09.593  1789  5890 I TranThermalBacklightCtrl: mParamAPTempHigh[0]=45.0, mParamAPTempLow[0]=43.0, mParamBrightnessMax[0]=0.79999995, mParamLuxLimit[0]=0.0
11-09 00:50:09.593  1789  5890 I TranThermalBacklightCtrl: mParamAPTempHigh[1]=49.0, mParamAPTempLow[1]=47.0, mParamBrightnessMax[1]=0.7, mParamLuxLimit[1]=0.0
11-09 00:50:09.599  5922  9321 I ApplicationPackageManager: color1 =0,color2 =0,bgColor =0
11-09 00:50:09.599  5922  9321 I ApplicationPackageManager: dr is not VectorDrawable,so we do nothing !
11-09 00:50:09.604  1789  1789 E MBrainLocalService: notifyAppSwitch failed
11-09 00:50:09.606  1789  1859 I WindowManager: Relayout Window{e126c20 u0 host.exp.exponent/host.exp.exponent.LauncherActivity}: oldVis=4 newVis=0 focusMayChange = true requestedWidth = 1080 requestedHeight = 2436 outFrames = ClientWindowFrames{frame=[0,0][1080,2436] display=[0,0][1080,2436] parentFrame=[0,0][0,0]} outSurfaceControl = Surface(name=host.exp.exponent/host.exp.exponent.LauncherActivity)/@0x1500b49
11-09 00:50:09.613  1789  1917 I Transition: ignoreThunderbackTransition back= false change= false
11-09 00:50:09.613  1789  1914 E ApplicationHelper: Fail to get PackageManager
11-09 00:50:09.614  1789  1914 E ApplicationHelper: Fail to get PackageManager
11-09 00:50:09.614  1789  1914 E ApplicationHelper: Fail to get PackageManager
11-09 00:50:09.614  1789  1914 E ApplicationHelper: Fail to get PackageManager
11-09 00:50:09.614  1789  1914 E ApplicationHelper: Fail to get PackageManager
11-09 00:50:09.614  1789  1914 E ApplicationHelper: Fail to get PackageManager
11-09 00:50:09.614  1789  1914 E ApplicationHelper: Fail to get PackageManager
11-09 00:50:09.614  1789  1914 E ApplicationHelper: Fail to get PackageManager
11-09 00:50:09.614  1789  1914 E ApplicationHelper: Fail to get PackageManager
11-09 00:50:09.614  1789  1914 E ApplicationHelper: Fail to get PackageManager
11-09 00:50:09.614  1789  1914 E ApplicationHelper: Fail to get PackageManager
11-09 00:50:09.614  1789  1914 E ApplicationHelper: Fail to get PackageManager
11-09 00:50:09.614  1789  1914 E ApplicationHelper: Fail to get PackageManager
11-09 00:50:09.614  1789  1914 E ApplicationHelper: Fail to get PackageManager
11-09 00:50:09.614  1789  1914 E ApplicationHelper: Fail to get PackageManager
11-09 00:50:09.614  1789  1914 E ApplicationHelper: Fail to get PackageManager
11-09 00:50:09.614  1789  1914 E ApplicationHelper: Fail to get PackageManager
11-09 00:50:09.614  1789  1914 E ApplicationHelper: Fail to get PackageManager
11-09 00:50:09.614  1789  1914 E ApplicationHelper: Fail to get PackageManager
11-09 00:50:09.614  1789  1914 E ApplicationHelper: Fail to get PackageManager
11-09 00:50:09.614  1789  1917 I Transition: updateFlagsFromDynamicIslandToWindow pkgName = host.exp.exponent flagsArr[0] = 0
11-09 00:50:09.614  1789  1917 I Transition: updateFlagsFromDynamicIslandToWindow pkgName = host.exp.exponent flagsArr[0] = 0
11-09 00:50:09.626  1789  2766 I TranMultiWindowManagerComponentImpl: hookInputMethodShown inputShown: false, connected:false
11-09 00:50:09.626  1789  2766 I TranSCSourceConnectManagerImpl: hookInputMethodShown inputShown: false
11-09 00:50:09.631  5922  9321 I ApplicationPackageManager: color1 =0,color2 =0,bgColor =0
11-09 00:50:09.631  5922  9321 I ApplicationPackageManager: dr is not VectorDrawable,so we do nothing !
11-09 00:50:09.631  1789  2653 I tranpm/ServicePolicy: isBlockHsB1 true
11-09 00:50:09.632  1789  2653 I tranpm/ServicePolicy: limitBindServiceLocked by hs&job - cold: callingPackage = android, targetPkg = com.ril.ajio
11-09 00:50:09.632  1789  2653 W ActivityManager: Unbind failed: could not find connection for android.app.LoadedApk$ServiceDispatcher$InnerConnection@efc65f1
11-09 00:50:09.633  1789  2653 E JobScheduler.Concurrency: Error executing JobStatus{58af1f9 androidx.work.systemjobscheduler:u0a324/154 @androidx.work.systemjobscheduler@com.ril.ajio/androidx.work.impl.background.systemjob.SystemJobService u=0 s=10324 TIME=-11h33m44s703ms:none NET BATNOTLOW READY}
11-09 00:50:09.635  1789  2653 I tranpm/ServicePolicy: isBlockHsB1 true
11-09 00:50:09.635  1789  2653 I tranpm/ServicePolicy: limitBindServiceLocked by hs&job - cold: callingPackage = android, targetPkg = com.facebook.katana
11-09 00:50:09.635  1789  2653 W ActivityManager: Unbind failed: could not find connection for android.app.LoadedApk$ServiceDispatcher$InnerConnection@1ed05d6
11-09 00:50:09.635  1789  2653 E JobScheduler.Concurrency: Error executing JobStatus{d673b5b #u0a341/2131366263 com.facebook.katana/com.facebook.analytics2.logger.legacy.uploader.LollipopUploadService u=0 s=10341 TIME=-20m48s323ms:-20m48s323ms NET READY}
11-09 00:50:09.636  1789  2653 I tranpm/ServicePolicy: isBlockHsB1 true
11-09 00:50:09.636  1789  2653 I tranpm/ServicePolicy: limitBindServiceLocked by hs&job - cold: callingPackage = android, targetPkg = com.facebook.katana
11-09 00:50:09.637  1789  2653 W ActivityManager: Unbind failed: could not find connection for android.app.LoadedApk$ServiceDispatcher$InnerConnection@336e057
11-09 00:50:09.637  1789  2653 E JobScheduler.Concurrency: Error executing JobStatus{18bad71 androidx.work.systemjobscheduler:u0a341/897 @androidx.work.systemjobscheduler@com.facebook.katana/androidx.work.impl.background.systemjob.SystemJobService u=0 s=10341 TIME=-18m48s675ms:none NET READY}
11-09 00:50:09.642  5922  9321 I ApplicationPackageManager: color1 =0,color2 =0,bgColor =0
11-09 00:50:09.642  5922  9321 I ApplicationPackageManager: dr is not VectorDrawable,so we do nothing !
11-09 00:50:09.652  1789  3955 W UserManagerService: Requested status bar icon for non-badged user 0
11-09 00:50:09.657  1789  5890 I BroadcastQueue: BOOT_COMPLETED_BROADCAST_COMPLETION_LATENCY_REPORTED action:android.intent.action.BOOT_COMPLETED dispatchLatency:28 completeLatency:593 dispatchRealLatency:28 completeRealLatency:593 receiversSize:4 userId:0 userType:android.os.usertype.full.SYSTEM
11-09 00:50:09.658  1789  3955 I TranThermalBacklightCtrl: cur package [host.exp.exponent] is in TemperatureControlWhitelist
11-09 00:50:09.658  1789  3955 I TranThermalBacklightCtrl: mParamAPTempHigh[0]=45.0, mParamAPTempLow[0]=43.0, mParamBrightnessMax[0]=0.79999995, mParamLuxLimit[0]=0.0
11-09 00:50:09.658  1789  3955 I TranThermalBacklightCtrl: mParamAPTempHigh[1]=49.0, mParamAPTempLow[1]=47.0, mParamBrightnessMax[1]=0.7, mParamLuxLimit[1]=0.0
11-09 00:50:09.662  5922  9321 I ApplicationPackageManager: color1 =0,color2 =0,bgColor =0
11-09 00:50:09.662  5922  9321 I ApplicationPackageManager: dr is not VectorDrawable,so we do nothing !
11-09 00:50:09.674  1789  6145 W WindowManager: Changing focus from null to Window{45a8d47 u0 host.exp.exponent/host.exp.exponent.experience.ExperienceActivity} displayId=0 Callers=com.android.server.wm.RootWindowContainer.updateFocusedWindowLocked:528 com.android.server.wm.WindowManagerService.updateFocusedWindowLocked:6844 com.android.server.wm.WindowManagerService.relayoutWindowInner:2851 com.android.server.wm.WindowManagerService.relayoutWindow:2512 
11-09 00:50:09.677  1789  6145 I WindowManager: Relayout Window{45a8d47 u0 host.exp.exponent/host.exp.exponent.experience.ExperienceActivity}: oldVis=4 newVis=0 focusMayChange = true requestedWidth = 1080 requestedHeight = 2436 outFrames = ClientWindowFrames{frame=[0,0][1080,2436] display=[0,0][1080,2436] parentFrame=[0,0][0,0]} outSurfaceControl = Surface(name=host.exp.exponent/host.exp.exponent.experience.ExperienceActivity)/@0x8fb5637
11-09 00:50:09.689  1789  3804 I WindowManager:   isAnimating=false  okToAnimate=true  win=Window{2022a4c u0 Splash Screen host.exp.exponent}
11-09 00:50:09.692  1789  1914 E ApplicationHelper: Fail to get PackageManager
11-09 00:50:09.700  1789  1914 E ApplicationHelper: Fail to get PackageManager
11-09 00:50:09.701  1789  5890 I WindowManager:   onAnimationFinished on win=Window{45a8d47 u0 host.exp.exponent/host.exp.exponent.experience.ExperienceActivity}
11-09 00:50:09.701  5922  9321 I ApplicationPackageManager: color1 =0,color2 =0,bgColor =0
11-09 00:50:09.701  5922  9321 I ApplicationPackageManager: dr is not VectorDrawable,so we do nothing !
11-09 00:50:09.702  1789  1914 E ApplicationHelper: Fail to get PackageManager
11-09 00:50:09.702  1789  1914 E ApplicationHelper: Fail to get PackageManager
11-09 00:50:09.708  1789  1914 E ApplicationHelper: Fail to get PackageManager
11-09 00:50:09.720  1789  1917 I WindowManager:   onAnimationFinished on win=Window{cc5a502 u0 Splash Screen host.exp.exponent}
11-09 00:50:09.737  5922  9321 I ApplicationPackageManager: color1 =0,color2 =0,bgColor =0
11-09 00:50:09.737  5922  9321 I ApplicationPackageManager: dr is not VectorDrawable,so we do nothing !
11-09 00:50:09.771  5922  9321 I ApplicationPackageManager: color1 =0,color2 =0,bgColor =0
11-09 00:50:09.771  5922  9321 I ApplicationPackageManager: dr is not VectorDrawable,so we do nothing !
11-09 00:50:09.774  1789  2766 I TranMultiWindowManagerComponentImpl: hookInputMethodShown inputShown: false, connected:false
11-09 00:50:09.774  1789  2766 I TranSCSourceConnectManagerImpl: hookInputMethodShown inputShown: false
11-09 00:50:09.776  1789  2766 I input_debug: package: host.exp.exponent mNeedShowSafeInput: false inputType: 0 methodMap: true isKeyguardShowing: false enable: 0 isSplitScreen: false
11-09 00:50:09.781  1789  1859 I Hiber/fastState: do fastUnfreeze reason=delay from activityIdle delay=719
11-09 00:50:09.783  1789  3804 I Hiber/fastState: do fastUnfreeze reason=delay from activityIdle delay=717
11-09 00:50:09.784  1789  1914 E ApplicationHelper: Fail to get PackageManager
11-09 00:50:09.784  5922  9321 I ApplicationPackageManager: color1 =0,color2 =0,bgColor =0
11-09 00:50:09.784  5922  9321 I ApplicationPackageManager: dr is not VectorDrawable,so we do nothing !
11-09 00:50:09.816  1789  1914 E ApplicationHelper: Fail to get PackageManager
11-09 00:50:09.817  5922  9321 I ApplicationPackageManager: color1 =0,color2 =0,bgColor =0
11-09 00:50:09.817  5922  9321 I ApplicationPackageManager: dr is not VectorDrawable,so we do nothing !
11-09 00:50:09.820  1789  1914 E ApplicationHelper: Fail to get PackageManager
11-09 00:50:09.835  5922  9321 I ApplicationPackageManager: color1 =0,color2 =0,bgColor =0
11-09 00:50:09.836  5922  9321 I ApplicationPackageManager: dr is not VectorDrawable,so we do nothing !
11-09 00:50:09.845  5922  9321 I ApplicationPackageManager: color1 =0,color2 =0,bgColor =0
11-09 00:50:09.845  5922  9321 I ApplicationPackageManager: dr is not VectorDrawable,so we do nothing !
11-09 00:50:09.859  5922  9321 I ApplicationPackageManager: color1 =0,color2 =0,bgColor =0
11-09 00:50:09.859  5922  9321 I ApplicationPackageManager: dr is not VectorDrawable,so we do nothing !
11-09 00:50:09.860  1789  1917 I WindowManager:   onAnimationFinished on win=Window{2022a4c u0 Splash Screen host.exp.exponent}
11-09 00:50:09.876  5922  9321 I ApplicationPackageManager: color1 =0,color2 =0,bgColor =0
11-09 00:50:09.876  5922  9321 I ApplicationPackageManager: dr is not VectorDrawable,so we do nothing !
11-09 00:50:09.886  5922  9321 I ApplicationPackageManager: color1 =0,color2 =0,bgColor =0
11-09 00:50:09.886  5922  9321 I ApplicationPackageManager: dr is not VectorDrawable,so we do nothing !
11-09 00:50:09.907  5922  9321 I ApplicationPackageManager: color1 =0,color2 =0,bgColor =0
11-09 00:50:09.907  5922  9321 I ApplicationPackageManager: dr is not VectorDrawable,so we do nothing !
11-09 00:50:09.922  5922  9321 I ApplicationPackageManager: color1 =0,color2 =0,bgColor =0
11-09 00:50:09.922  5922  9321 I ApplicationPackageManager: dr is not VectorDrawable,so we do nothing !
11-09 00:50:09.929  5922  9321 I ApplicationPackageManager: color1 =0,color2 =0,bgColor =0
11-09 00:50:09.929  5922  9321 I ApplicationPackageManager: dr is not VectorDrawable,so we do nothing !
11-09 00:50:09.941  5922  9321 I ApplicationPackageManager: color1 =0,color2 =0,bgColor =0
11-09 00:50:09.941  5922  9321 I ApplicationPackageManager: dr is not VectorDrawable,so we do nothing !
11-09 00:50:09.942  1789  6145 I WindowManager:   isAnimating=false  okToAnimate=true  win=Window{c5d55c4 u0 host.exp.exponent/host.exp.exponent.experience.HomeActivity}
11-09 00:50:09.943  1789  1914 E ApplicationHelper: Fail to get PackageManager
11-09 00:50:09.946  1789  1789 E MBrainLocalService: notifyAppSwitch failed
11-09 00:50:09.950  1789  1859 W UserManagerService: Requested status bar icon for non-badged user 0
11-09 00:50:09.950  1789  1914 E ApplicationHelper: Fail to get PackageManager
11-09 00:50:09.951  1789  3804 W UserManagerService: Requested status bar icon for non-badged user 0
11-09 00:50:09.951  1789  3804 W UserManagerService: Requested status bar icon for non-badged user 0
11-09 00:50:09.952  5922  9321 I ApplicationPackageManager: color1 =0,color2 =0,bgColor =0
11-09 00:50:09.952  5922  9321 I ApplicationPackageManager: dr is not VectorDrawable,so we do nothing !
11-09 00:50:09.959  1789  1916 I DisplayDeviceRepository: Display device changed: DisplayDeviceInfo{"Built-in Screen": uniqueId="local:0", 1080 x 2436, modeId 3, renderFrameRate 60.0, defaultModeId 1, userPreferredModeId -1, supportedModes [{id=1, width=1080, height=2436, fps=144.00002, vsync=144.00002, synthetic=false, alternativeRefreshRates=[40.0, 60.0, 120.00001], supportedHdrTypes=[2, 3, 4]}, {id=2, width=1080, height=2436, fps=120.00001, vsync=120.00001, synthetic=false, alternativeRefreshRates=[40.0, 60.0, 144.00002], supportedHdrTypes=[2, 3, 4]}, {id=3, width=1080, height=2436, fps=60.0, vsync=60.0, synthetic=false, alternativeRefreshRates=[40.0, 120.00001, 144.00002], supportedHdrTypes=[2, 3, 4]}, {id=4, width=1080, height=2436, fps=40.0, vsync=40.0, synthetic=false, alternativeRefreshRates=[60.0, 120.00001, 144.00002], supportedHdrTypes=[2, 3, 4]}], colorMode 0, supportedColorModes [0, 7, 9], hdrCapabilities HdrCapabilities{mSupportedHdrTypes=[2, 3, 4], mMaxLuminance=500.0, mMaxAverageLuminance=500.0, mMinLuminance=0.0}, allmSupported false, gameContentTypeSupported false, density 480, 394.818 x 392.828 dpi, appVsyncOff 1133334, presDeadline 16600000, cutout DisplayCutout{insets=Rect(0, 108 - 0, 0) waterfall=Insets{left=0, top=0, right=0, bottom=0} boundingRect={Bounds=[Rect(0, 0 - 0, 0), Rect(468, 0 - 612, 108), Rect(0, 0 - 0, 0), Rect(0, 0 - 0, 0)]} cutoutPathParserInfo={CutoutPathParserInfo{displayWidth=1080 displayHeight=2436 physicalDisplayWidth=1080 physicalDisplayHeight=2436 density={3.0} cutoutSpec={M -24,0 L -24,36 L 24,36 L 24,0 Z @dp} rotation={0} scale={1.0} physicalPixelDisplaySizeRatio={1.0}}} sideOverrides={}}, touch INTERNAL, rotation 0, type INTERNAL, address {port=0}, deviceProductInfo null, state ON, committedState ON, frameRateOverride {uid=1000 frameRateHz=120.00001} {uid=10157 frameRateHz=120.00001} {uid=10308 frameRateHz=120.00001} , brightnessMinimum 0.0, brightnessMaximum 1.0, brightnessDefault 0.2, hdrSdrRatio NaN, FLAG_ALLOWED_TO_BE_DEFAULT_DISPLAY, FLAG_ROTATES_WITH_CONTENT, FLAG_SECURE, FLAG_SUPPORTS_PROTECTED_BUFFERS, FLAG_TRUSTED, installOrientation 0, displayShape DisplayShape{ spec=596679847 displayWidth=1080 displayHeight=2436 physicalPixelDisplaySizeRatio=1.0 rotation=0 offsetX=0 offsetY=0 scale=1.0}}
11-09 00:50:09.968  5922  9321 I ApplicationPackageManager: color1 =0,color2 =0,bgColor =0
11-09 00:50:09.968  5922  9321 I ApplicationPackageManager: dr is not VectorDrawable,so we do nothing !
11-09 00:50:09.969  1789  1916 I DisplayDeviceRepository: Display device changed: DisplayDeviceInfo{"Built-in Screen": uniqueId="local:0", 1080 x 2436, modeId 3, renderFrameRate 60.0, defaultModeId 1, userPreferredModeId -1, supportedModes [{id=1, width=1080, height=2436, fps=144.00002, vsync=144.00002, synthetic=false, alternativeRefreshRates=[40.0, 60.0, 120.00001], supportedHdrTypes=[2, 3, 4]}, {id=2, width=1080, height=2436, fps=120.00001, vsync=120.00001, synthetic=false, alternativeRefreshRates=[40.0, 60.0, 144.00002], supportedHdrTypes=[2, 3, 4]}, {id=3, width=1080, height=2436, fps=60.0, vsync=60.0, synthetic=false, alternativeRefreshRates=[40.0, 120.00001, 144.00002], supportedHdrTypes=[2, 3, 4]}, {id=4, width=1080, height=2436, fps=40.0, vsync=40.0, synthetic=false, alternativeRefreshRates=[60.0, 120.00001, 144.00002], supportedHdrTypes=[2, 3, 4]}], colorMode 0, supportedColorModes [0, 7, 9], hdrCapabilities HdrCapabilities{mSupportedHdrTypes=[2, 3, 4], mMaxLuminance=500.0, mMaxAverageLuminance=500.0, mMinLuminance=0.0}, allmSupported false, gameContentTypeSupported false, density 480, 394.818 x 392.828 dpi, appVsyncOff 1133334, presDeadline 16600000, cutout DisplayCutout{insets=Rect(0, 108 - 0, 0) waterfall=Insets{left=0, top=0, right=0, bottom=0} boundingRect={Bounds=[Rect(0, 0 - 0, 0), Rect(468, 0 - 612, 108), Rect(0, 0 - 0, 0), Rect(0, 0 - 0, 0)]} cutoutPathParserInfo={CutoutPathParserInfo{displayWidth=1080 displayHeight=2436 physicalDisplayWidth=1080 physicalDisplayHeight=2436 density={3.0} cutoutSpec={M -24,0 L -24,36 L 24,36 L 24,0 Z @dp} rotation={0} scale={1.0} physicalPixelDisplaySizeRatio={1.0}}} sideOverrides={}}, touch INTERNAL, rotation 0, type INTERNAL, address {port=0}, deviceProductInfo null, state ON, committedState ON, frameRateOverride , brightnessMinimum 0.0, brightnessMaximum 1.0, brightnessDefault 0.2, hdrSdrRatio NaN, FLAG_ALLOWED_TO_BE_DEFAULT_DISPLAY, FLAG_ROTATES_WITH_CONTENT, FLAG_SECURE, FLAG_SUPPORTS_PROTECTED_BUFFERS, FLAG_TRUSTED, installOrientation 0, displayShape DisplayShape{ spec=596679847 displayWidth=1080 displayHeight=2436 physicalPixelDisplaySizeRatio=1.0 rotation=0 offsetX=0 offsetY=0 scale=1.0}}
11-09 00:50:09.978  1789  1916 I DisplayDeviceRepository: Display device changed render timings: "Built-in Screen", renderFrameRate=120.00001, presentationDeadlineNanos=13300000, appVsyncOffsetNanos=1099999
11-09 00:50:09.988  1789  1916 I DisplayDeviceRepository: Display device changed: DisplayDeviceInfo{"Built-in Screen": uniqueId="local:0", 1080 x 2436, modeId 2, renderFrameRate 120.00001, defaultModeId 1, userPreferredModeId -1, supportedModes [{id=1, width=1080, height=2436, fps=144.00002, vsync=144.00002, synthetic=false, alternativeRefreshRates=[40.0, 60.0, 120.00001], supportedHdrTypes=[2, 3, 4]}, {id=2, width=1080, height=2436, fps=120.00001, vsync=120.00001, synthetic=false, alternativeRefreshRates=[40.0, 60.0, 144.00002], supportedHdrTypes=[2, 3, 4]}, {id=3, width=1080, height=2436, fps=60.0, vsync=60.0, synthetic=false, alternativeRefreshRates=[40.0, 120.00001, 144.00002], supportedHdrTypes=[2, 3, 4]}, {id=4, width=1080, height=2436, fps=40.0, vsync=40.0, synthetic=false, alternativeRefreshRates=[60.0, 120.00001, 144.00002], supportedHdrTypes=[2, 3, 4]}], colorMode 0, supportedColorModes [0, 7, 9], hdrCapabilities HdrCapabilities{mSupportedHdrTypes=[2, 3, 4], mMaxLuminance=500.0, mMaxAverageLuminance=500.0, mMinLuminance=0.0}, allmSupported false, gameContentTypeSupported false, density 480, 394.818 x 392.828 dpi, appVsyncOff 1099999, presDeadline 13300000, cutout DisplayCutout{insets=Rect(0, 108 - 0, 0) waterfall=Insets{left=0, top=0, right=0, bottom=0} boundingRect={Bounds=[Rect(0, 0 - 0, 0), Rect(468, 0 - 612, 108), Rect(0, 0 - 0, 0), Rect(0, 0 - 0, 0)]} cutoutPathParserInfo={CutoutPathParserInfo{displayWidth=1080 displayHeight=2436 physicalDisplayWidth=1080 physicalDisplayHeight=2436 density={3.0} cutoutSpec={M -24,0 L -24,36 L 24,36 L 24,0 Z @dp} rotation={0} scale={1.0} physicalPixelDisplaySizeRatio={1.0}}} sideOverrides={}}, touch INTERNAL, rotation 0, type INTERNAL, address {port=0}, deviceProductInfo null, state ON, committedState ON, frameRateOverride {uid=1000 frameRateHz=60.000004} {uid=10157 frameRateHz=60.000004} {uid=10308 frameRateHz=60.000004} , brightnessMinimum 0.0, brightnessMaximum 1.0, brightnessDefault 0.2, hdrSdrRatio NaN, FLAG_ALLOWED_TO_BE_DEFAULT_DISPLAY, FLAG_ROTATES_WITH_CONTENT, FLAG_SECURE, FLAG_SUPPORTS_PROTECTED_BUFFERS, FLAG_TRUSTED, installOrientation 0, displayShape DisplayShape{ spec=596679847 displayWidth=1080 displayHeight=2436 physicalPixelDisplaySizeRatio=1.0 rotation=0 offsetX=0 offsetY=0 scale=1.0}}
11-09 00:50:09.995  5922  9321 I ApplicationPackageManager: color1 =0,color2 =0,bgColor =0
11-09 00:50:09.995  5922  9321 I ApplicationPackageManager: dr is not VectorDrawable,so we do nothing !
11-09 00:50:10.005  1789  1916 I DisplayDeviceRepository: Display device changed render timings: "Built-in Screen", renderFrameRate=60.000004, presentationDeadlineNanos=16600000, appVsyncOffsetNanos=1133334
11-09 00:50:10.012  5922  9321 I ApplicationPackageManager: color1 =0,color2 =0,bgColor =0
11-09 00:50:10.013  5922  9321 I ApplicationPackageManager: dr is not VectorDrawable,so we do nothing !
11-09 00:50:10.030  5922  9321 I ApplicationPackageManager: color1 =0,color2 =0,bgColor =0
11-09 00:50:10.030  5922  9321 I ApplicationPackageManager: dr is not VectorDrawable,so we do nothing !
11-09 00:50:10.040  5922  9321 I ApplicationPackageManager: color1 =0,color2 =0,bgColor =0
11-09 00:50:10.040  5922  9321 I ApplicationPackageManager: dr is not VectorDrawable,so we do nothing !
11-09 00:50:10.090  1789  1914 E ApplicationHelper: Fail to get PackageManager
11-09 00:50:10.106  1789  2146 I AppsFilter: interaction: PackageSetting{72b3a58 com.android.microdroid.empty_payload/10231} -> PackageSetting{ded1968 host.exp.exponent/10308} BLOCKED
11-09 00:50:10.126  1789  1980 W MagnificationConnectionManager: requestConnection duplicated request: connect=false, mConnectionState=DISCONNECTED
11-09 00:50:10.153  1789  3983 W AppOpService: Ignored setUidMode call for runtime permission app op: uid = 10133, code = RECEIVE_WAP_PUSH, mode = allow, callingUid = 1001, oldMode = allow
11-09 00:50:10.153  1789  2054 I ActivityManager: Start proc 6913:com.google.android.webview:webview_service/u0a129 for service {com.google.android.webview/org.chromium.android_webview.services.VariationsSeedServer}
11-09 00:50:10.157  1789  3983 W AppOpService: Ignored setUidMode call for runtime permission app op: uid = 10133, code = READ_CELL_BROADCASTS, mode = allow, callingUid = 1001, oldMode = allow
11-09 00:50:10.169  5922  9321 I ApplicationPackageManager: color1 =0,color2 =0,bgColor =0
11-09 00:50:10.169  5922  9321 I ApplicationPackageManager: dr is not VectorDrawable,so we do nothing !
11-09 00:50:10.174  1789  3983 W AppOpService: Ignored setUidMode call for runtime permission app op: uid = 1001, code = READ_SMS, mode = allow, callingUid = 1001, oldMode = allow
11-09 00:50:10.176  1789  3496 W AppOpService: Ignored setUidMode call for runtime permission app op: uid = 1001, code = RECEIVE_SMS, mode = allow, callingUid = 1001, oldMode = allow
11-09 00:50:10.176  1789  3496 W AppOpService: Ignored setUidMode call for runtime permission app op: uid = 1001, code = RECEIVE_WAP_PUSH, mode = allow, callingUid = 1001, oldMode = allow
11-09 00:50:10.177  1789  3496 W AppOpService: Ignored setUidMode call for runtime permission app op: uid = 1001, code = SEND_SMS, mode = allow, callingUid = 1001, oldMode = allow
11-09 00:50:10.177  1789  3496 W AppOpService: Ignored setUidMode call for runtime permission app op: uid = 1001, code = READ_CELL_BROADCASTS, mode = allow, callingUid = 1001, oldMode = allow
11-09 00:50:10.180  1789  1914 E ApplicationHelper: Fail to get PackageManager
11-09 00:50:10.189  5922  9321 I ApplicationPackageManager: color1 =0,color2 =0,bgColor =0
11-09 00:50:10.189  5922  9321 I ApplicationPackageManager: dr is not VectorDrawable,so we do nothing !
11-09 00:50:10.202  5922  9321 I ApplicationPackageManager: color1 =0,color2 =0,bgColor =0
11-09 00:50:10.202  5922  9321 I ApplicationPackageManager: dr is not VectorDrawable,so we do nothing !
11-09 00:50:10.208  1789  1914 E ApplicationHelper: Fail to get PackageManager
11-09 00:50:10.216  1789  1914 E ApplicationHelper: Fail to get PackageManager
11-09 00:50:10.217  5922  9321 I ApplicationPackageManager: color1 =0,color2 =0,bgColor =0
11-09 00:50:10.217  5922  9321 I ApplicationPackageManager: dr is not VectorDrawable,so we do nothing !
11-09 00:50:10.219  1789  1914 E ApplicationHelper: Fail to get PackageManager
11-09 00:50:10.220  1789  1914 E ApplicationHelper: Fail to get PackageManager
11-09 00:50:10.222  5922  9321 I ApplicationPackageManager: color1 =0,color2 =0,bgColor =0
11-09 00:50:10.222  5922  9321 I ApplicationPackageManager: dr is not VectorDrawable,so we do nothing !
11-09 00:50:10.235  5922  9321 I ApplicationPackageManager: color1 =0,color2 =0,bgColor =0
11-09 00:50:10.235  5922  9321 I ApplicationPackageManager: dr is not VectorDrawable,so we do nothing !
11-09 00:50:10.244  5922  9321 I ApplicationPackageManager: color1 =0,color2 =0,bgColor =0
11-09 00:50:10.244  5922  9321 I ApplicationPackageManager: dr is not VectorDrawable,so we do nothing !
11-09 00:50:10.250  5922  9321 I ApplicationPackageManager: color1 =0,color2 =0,bgColor =0
11-09 00:50:10.250  5922  9321 I ApplicationPackageManager: dr is not VectorDrawable,so we do nothing !
11-09 00:50:10.261  5922  9321 I ApplicationPackageManager: color1 =0,color2 =0,bgColor =0
11-09 00:50:10.262  5922  9321 I ApplicationPackageManager: dr is not VectorDrawable,so we do nothing !
11-09 00:50:10.289  5922  9321 I ApplicationPackageManager: color1 =0,color2 =0,bgColor =0
11-09 00:50:10.289  5922  9321 I ApplicationPackageManager: dr is not VectorDrawable,so we do nothing !
11-09 00:50:10.302  5922  9321 I ApplicationPackageManager: color1 =0,color2 =0,bgColor =0
11-09 00:50:10.302  5922  9321 I ApplicationPackageManager: dr is not VectorDrawable,so we do nothing !
11-09 00:50:10.311  5922  9321 I ApplicationPackageManager: color1 =0,color2 =0,bgColor =0
11-09 00:50:10.311  5922  9321 I ApplicationPackageManager: dr is not VectorDrawable,so we do nothing !
11-09 00:50:10.325  5922  9321 I ApplicationPackageManager: color1 =0,color2 =0,bgColor =0
11-09 00:50:10.325  5922  9321 I ApplicationPackageManager: dr is not VectorDrawable,so we do nothing !
11-09 00:50:10.338  5922  9321 I ApplicationPackageManager: color1 =0,color2 =0,bgColor =0
11-09 00:50:10.338  5922  9321 I ApplicationPackageManager: dr is not VectorDrawable,so we do nothing !
11-09 00:50:10.354  5922  9321 I ApplicationPackageManager: color1 =0,color2 =0,bgColor =0
11-09 00:50:10.354  5922  9321 I ApplicationPackageManager: dr is not VectorDrawable,so we do nothing !
11-09 00:50:10.376  5922  9321 I ApplicationPackageManager: color1 =0,color2 =0,bgColor =0
11-09 00:50:10.376  5922  9321 I ApplicationPackageManager: dr is not VectorDrawable,so we do nothing !
11-09 00:50:10.389  5922  9321 I ApplicationPackageManager: color1 =0,color2 =0,bgColor =0
11-09 00:50:10.389  5922  9321 I ApplicationPackageManager: dr is not VectorDrawable,so we do nothing !
11-09 00:50:10.396  5922  9321 I ApplicationPackageManager: color1 =0,color2 =0,bgColor =0
11-09 00:50:10.396  5922  9321 I ApplicationPackageManager: dr is not VectorDrawable,so we do nothing !
11-09 00:50:10.411  5922  9321 I ApplicationPackageManager: color1 =0,color2 =0,bgColor =0
11-09 00:50:10.411  5922  9321 I ApplicationPackageManager: dr is not VectorDrawable,so we do nothing !
11-09 00:50:10.505  1789  4057 I Hiber/fastState: fastUnFreeze reason=delay from activityIdle size=5 uids=[10161, 10188, 10217, 10279, 10329] about costTime=4ms
11-09 00:50:10.572  1789  1914 E ApplicationHelper: Fail to get PackageManager
11-09 00:50:10.574  1789  3220 I Hiber/hiber: unfreeze syncBinder (type=1,callerPid=14422,callerUid=10188,targetPid=4433,targetUid=10269), rpcName: SYNC_BINDER, code: -1
11-09 00:50:10.574  1789  3220 I Hiber/stateManager: unfreeze uid: 10269 com.transsion.aiwallpaper pids:[4433]  reason:syncBinder   cpninfo:TRANSACTION_-1 costTime=1ms ,last freeze 102s ago
11-09 00:50:10.575  1789  3218 I Hiber/appStateMachine: uid=10269, pkg=com.transsion.aiwallpaper, transition from Frozen to Running, reason=syncBinder
11-09 00:50:10.575  1789  3218 I Hiber/appStateMachine: uid:10269 exit FrozenState
11-09 00:50:10.575  1789  3219 I Hiber/proxyManager: up_service: 10269
11-09 00:50:10.575  1789  3219 I Hiber/proxyManager: un_job: 10269
11-09 00:50:10.603  1789  3511 I ActivityManager: Process ProcessRecord{92aa686 0:com.google.android.gms.ui/u0a111} already pending start
11-09 00:50:10.609  1789  2054 I ActivityManager: Start proc 6976:com.google.android.gms.ui/u0a111 for content provider {com.google.android.gms/com.google.android.gms.accountsettings.content.SettingsSearchContentProvider}
11-09 00:50:10.617  1789  3511 I tranpm/ProviderPolicy: isBlockHs2 false
11-09 00:50:10.624  1789  2054 I ActivityManager: Start proc 6995:com.android.traceur/u0a86 for content provider {com.android.traceur/com.android.traceur.SearchProvider}
11-09 00:50:10.633  1789  1914 E ApplicationHelper: Fail to get PackageManager
11-09 00:50:10.636  1789  2054 I ActivityManager: Start proc 7027:com.google.android.apps.safetyhub/u0a110 for content provider {com.google.android.apps.safetyhub/com.google.android.apps.safetyhub.platformsettings.search.EmergencySearchIndexablesProvider}
11-09 00:50:10.644  1789  1914 E ApplicationHelper: Fail to get PackageManager
11-09 00:50:10.660  1789  1914 E ApplicationHelper: Fail to get PackageManager
11-09 00:50:10.662  1789  3496 I ActivityTaskManager: isControllerAMonkey mController = null,mControllerIsAMonkey = true, mTrueTime = 2025-11-09 00:50:09.026, mFalseTime = null
11-09 00:50:10.671  1789  3218 I Hiber/appStateMachine: uid:10110 enter RunningState
11-09 00:50:10.683  1789  1914 E ApplicationHelper: Fail to get PackageManager
11-09 00:50:10.691  1789  3511 I ActivityTaskManager: isControllerAMonkey mController = null,mControllerIsAMonkey = true, mTrueTime = 2025-11-09 00:50:09.026, mFalseTime = null
11-09 00:50:10.708  1789  3496 I ActivityTaskManager: isControllerAMonkey mController = null,mControllerIsAMonkey = true, mTrueTime = 2025-11-09 00:50:09.026, mFalseTime = null
11-09 00:50:10.713  1789  3496 I tranpm/ProviderPolicy: isBlockHs2 false
11-09 00:50:10.715  1789  3496 I tranpm/ProviderPolicy: isBlockHs2 false
11-09 00:50:10.721  1789  2054 I ActivityManager: Start proc 7059:com.google.android.apps.wellbeing/u0a112 for content provider {com.google.android.apps.wellbeing/com.google.android.apps.wellbeing.searchindexables.impl.WellbeingSearchIndexablesProvider}
11-09 00:50:10.725  1789  3496 I ActivityTaskManager: isControllerAMonkey mController = null,mControllerIsAMonkey = true, mTrueTime = 2025-11-09 00:50:09.026, mFalseTime = null
11-09 00:50:10.736  1789  2054 I ActivityManager: Start proc 7067:com.google.android.marvin.talkback/u0a136 for content provider {com.google.android.marvin.talkback/com.google.android.accessibility.talkback.preference.search.TalkBackSearchIndexablesProvider}
11-09 00:50:10.754  1789  2591 I ActivityTaskManager: isControllerAMonkey mController = null,mControllerIsAMonkey = true, mTrueTime = 2025-11-09 00:50:09.026, mFalseTime = null
11-09 00:50:10.755  1789  2054 I ActivityManager: Start proc 7077:com.google.android.healthconnect.controller/u0a215 for content provider {com.google.android.healthconnect.controller/com.android.healthconnect.controller.searchindexables.HealthConnectSearchIndexablesProvider}
11-09 00:50:10.757  1789  3511 I ActivityTaskManager: isControllerAMonkey mController = null,mControllerIsAMonkey = true, mTrueTime = 2025-11-09 00:50:09.026, mFalseTime = null
11-09 00:50:10.764  1789  2590 I ActivityTaskManager: isControllerAMonkey mController = null,mControllerIsAMonkey = true, mTrueTime = 2025-11-09 00:50:09.026, mFalseTime = null
11-09 00:50:10.774  1789  2591 I ActivityTaskManager: isControllerAMonkey mController = null,mControllerIsAMonkey = true, mTrueTime = 2025-11-09 00:50:09.026, mFalseTime = null
11-09 00:50:10.776  1789  1914 E ApplicationHelper: Fail to get PackageManager
11-09 00:50:10.778  1789  1914 E ApplicationHelper: Fail to get PackageManager
11-09 00:50:10.781  1789  1914 E ApplicationHelper: Fail to get PackageManager
11-09 00:50:10.783  1789  3496 I ActivityTaskManager: isControllerAMonkey mController = null,mControllerIsAMonkey = true, mTrueTime = 2025-11-09 00:50:09.026, mFalseTime = null
11-09 00:50:10.788  1789  1914 E ApplicationHelper: Fail to get PackageManager
11-09 00:50:10.795  1789  3496 I ActivityTaskManager: isControllerAMonkey mController = null,mControllerIsAMonkey = true, mTrueTime = 2025-11-09 00:50:09.026, mFalseTime = null
11-09 00:50:10.835  1789  6145 I ActivityTaskManager: isControllerAMonkey mController = null,mControllerIsAMonkey = true, mTrueTime = 2025-11-09 00:50:09.026, mFalseTime = null
11-09 00:50:10.837  1789  6145 I ActivityTaskManager: isControllerAMonkey mController = null,mControllerIsAMonkey = true, mTrueTime = 2025-11-09 00:50:09.026, mFalseTime = null
11-09 00:50:10.837  1789  3511 I ActivityTaskManager: isControllerAMonkey mController = null,mControllerIsAMonkey = true, mTrueTime = 2025-11-09 00:50:09.026, mFalseTime = null
11-09 00:50:10.841  1789  1914 E ApplicationHelper: Fail to get PackageManager
11-09 00:50:10.846  1789  1914 E ApplicationHelper: Fail to get PackageManager
11-09 00:50:10.847  1789  1914 E ApplicationHelper: Fail to get PackageManager
11-09 00:50:10.853  1789  6145 I tranpm/ProviderPolicy: isBlockHs2 false
11-09 00:50:10.865  1789  2054 I ActivityManager: Start proc 7190:com.google.android.cellbroadcastreceiver/u0a209 for content provider {com.google.android.cellbroadcastreceiver/com.android.cellbroadcastreceiver.CellBroadcastSearchIndexableProvider}
11-09 00:50:10.886  1789  2054 I ActivityManager: Start proc 7201:com.google.android.projection.gearhead:projection/u0a95 for content provider {com.google.android.projection.gearhead/com.google.android.projection.gearhead.companion.settings.SettingsSearchProvider}
11-09 00:50:10.899  1789  3496 I os.permission: Grant permission: android.permission.ACCESS_SHORTCUTS to uid: 10193
11-09 00:50:10.899  1789  6145 I ActivityTaskManager: isControllerAMonkey mController = null,mControllerIsAMonkey = true, mTrueTime = 2025-11-09 00:50:09.026, mFalseTime = null
11-09 00:50:10.901  1789  3955 I ActivityTaskManager: isControllerAMonkey mController = null,mControllerIsAMonkey = true, mTrueTime = 2025-11-09 00:50:09.026, mFalseTime = null
11-09 00:50:10.903  1789  3955 I ActivityTaskManager: isControllerAMonkey mController = null,mControllerIsAMonkey = true, mTrueTime = 2025-11-09 00:50:09.026, mFalseTime = null
11-09 00:50:10.909  1789  3955 I ActivityTaskManager: isControllerAMonkey mController = null,mControllerIsAMonkey = true, mTrueTime = 2025-11-09 00:50:09.026, mFalseTime = null
11-09 00:50:10.910  1789  3942 I ActivityTaskManager: isControllerAMonkey mController = null,mControllerIsAMonkey = true, mTrueTime = 2025-11-09 00:50:09.026, mFalseTime = null
11-09 00:50:10.913  1789  3811 I ActivityTaskManager: isControllerAMonkey mController = null,mControllerIsAMonkey = true, mTrueTime = 2025-11-09 00:50:09.026, mFalseTime = null
11-09 00:50:10.918  1789  3811 I ActivityTaskManager: isControllerAMonkey mController = null,mControllerIsAMonkey = true, mTrueTime = 2025-11-09 00:50:09.026, mFalseTime = null
11-09 00:50:10.920  1789  2590 I ActivityTaskManager: isControllerAMonkey mController = null,mControllerIsAMonkey = true, mTrueTime = 2025-11-09 00:50:09.026, mFalseTime = null
11-09 00:50:10.920  1789  1859 I ActivityTaskManager: isControllerAMonkey mController = null,mControllerIsAMonkey = true, mTrueTime = 2025-11-09 00:50:09.026, mFalseTime = null
