11-09 00:49:58.477  1789  1916 I DisplayDeviceRepository: Display device changed: DisplayDeviceInfo{"Built-in Screen": uniqueId="local:0", 1080 x 2436, modeId 3, renderFrameRate 60.000004, defaultModeId 1, userPreferredModeId -1, supportedModes [{id=1, width=1080, height=2436, fps=144.00002, vsync=144.00002, synthetic=false, alternativeRefreshRates=[40.0, 60.0, 120.00001], supportedHdrTypes=[2, 3, 4]}, {id=2, width=1080, height=2436, fps=120.00001, vsync=120.00001, synthetic=false, alternativeRefreshRates=[40.0, 60.0, 144.00002], supportedHdrTypes=[2, 3, 4]}, {id=3, width=1080, height=2436, fps=60.0, vsync=60.0, synthetic=false, alternativeRefreshRates=[40.0, 120.00001, 144.00002], supportedHdrTypes=[2, 3, 4]}, {id=4, width=1080, height=2436, fps=40.0, vsync=40.0, synthetic=false, alternativeRefreshRates=[60.0, 120.00001, 144.00002], supportedHdrTypes=[2, 3, 4]}], colorMode 0, supportedColorModes [0, 7, 9], hdrCapabilities HdrCapabilities{mSupportedHdrTypes=[2, 3, 4], mMaxLuminance=500.0, mMaxAverageLuminance=500.0, mMinLuminance=0.0}, allmSupported false, gameContentTypeSupported false, density 480, 394.818 x 392.828 dpi, appVsyncOff 1133334, presDeadline 16600000, cutout DisplayCutout{insets=Rect(0, 108 - 0, 0) waterfall=Insets{left=0, top=0, right=0, bottom=0} boundingRect={Bounds=[Rect(0, 0 - 0, 0), Rect(468, 0 - 612, 108), Rect(0, 0 - 0, 0), Rect(0, 0 - 0, 0)]} cutoutPathParserInfo={CutoutPathParserInfo{displayWidth=1080 displayHeight=2436 physicalDisplayWidth=1080 physicalDisplayHeight=2436 density={3.0} cutoutSpec={M -24,0 L -24,36 L 24,36 L 24,0 Z @dp} rotation={0} scale={1.0} physicalPixelDisplaySizeRatio={1.0}}} sideOverrides={}}, touch INTERNAL, rotation 0, type INTERNAL, address {port=0}, deviceProductInfo null, state ON, committedState ON, frameRateOverride {uid=1000 frameRateHz=60.000004} {uid=10157 frameRateHz=120.00001} {uid=10193 frameRateHz=120.00001} , brightnessMinimum 0.0, brightnessMaximum 1.0, brightnessDefault 0.2, hdrSdrRatio NaN, FLAG_ALLOWED_TO_BE_DEFAULT_DISPLAY, FLAG_ROTATES_WITH_CONTENT, FLAG_SECURE, FLAG_SUPPORTS_PROTECTED_BUFFERS, FLAG_TRUSTED, installOrientation 0, displayShape DisplayShape{ spec=596679847 displayWidth=1080 displayHeight=2436 physicalPixelDisplaySizeRatio=1.0 rotation=0 offsetX=0 offsetY=0 scale=1.0}}
11-09 00:49:58.477  1789  3218 I Hiber/appStateMachine: uid:10329 enter RunningState
11-09 00:49:58.495  1789  1916 I DisplayDeviceRepository: Display device changed render timings: "Built-in Screen", renderFrameRate=120.00001, presentationDeadlineNanos=13300000, appVsyncOffsetNanos=1099999
11-09 00:49:58.552  1789  1914 E ApplicationHelper: Fail to get PackageManager
11-09 00:49:58.578  1789  1914 E ApplicationHelper: Fail to get PackageManager
11-09 00:49:58.578  1789  1914 E ApplicationHelper: Fail to get PackageManager
11-09 00:49:59.398  1789  3220 I Hiber/stateManager: unfreeze uid: 10249 com.whatsapp pids:[17672, 17672]  reason:packet   cpninfo:TRANSACTION_-1 costTime=1ms ,last freeze 3s ago
11-09 00:49:59.398  1789  3218 I Hiber/appStateMachine: uid=10249, pkg=com.whatsapp, transition from Frozen to Running, reason=packet
11-09 00:49:59.398  1789  3218 I Hiber/appStateMachine: uid:10249 exit FrozenState
11-09 00:49:59.398  1789  3219 I Hiber/proxyManager: up_service: 10249
11-09 00:49:59.398  1789  3219 I Hiber/proxyManager: un_job: 10249
11-09 00:49:59.638   712  6068 I keystore2: system/security/keystore2/watchdog/src/lib.rs:319 - Watchdog thread idle -> terminating. Have a great day.
11-09 00:49:59.969  1789  2105 I ActivityTaskManager: agaresFW preload processName=com.google.android.apps.docs for ComponentInfo{com.google.android.apps.docs/com.google.android.apps.docs.app.NewMainProxyActivity}
11-09 00:49:59.970  1789  3173 I tranpm/NormalReclaimer: doReclaim gap: 21722
11-09 00:49:59.971  1789  1916 W ActivityManager: startProcessLocked, app = ProcessRecord{477a3ca 0:com.google.android.apps.docs/u0a242}
11-09 00:49:59.972  1789  3173 I tranpm/AppPurner:  kill info -- AppPruner: Reclaimed 0KB while requirement is 21722KB effective:false
11-09 00:49:59.972  1789  3173 I tranpm/NormalReclaimer: prunerReclaimSizeKb=0
11-09 00:49:59.973  1789  2054 I ActivityManager: Start proc 4916:com.google.android.apps.docs/u0a242 for activity {com.google.android.apps.docs/com.google.android.apps.docs.app.NewMainProxyActivity}
11-09 00:49:59.986  1789  3173 I tranpm/CommonReclaim-recentReclaim: Final candidate bg apps size 1 while expect size 17,isCritical:false
11-09 00:49:59.996  1789  1914 E ApplicationHelper: Fail to get PackageManager
11-09 00:49:59.996  1789  3218 I Hiber/appStateMachine: uid:10242 enter RunningState
11-09 00:49:59.998  1789  3173 I tranpm/CommonReclaim-ProcessReclaimer: Kill process: com.linkedin.android, pid: 29255, adj: 965, Rss: 87920, taskId:-1 , frozen:true ,rssAnon:57392 kB ,rssFile:59880 kB ,rssShmem:1176 kB ,vmSwap[swapRss]:68056 kB
11-09 00:49:59.998  1789  3173 I tranpm/CommonReclaim-ProcessReclaimer: reclaimSize： 87920 reuqireMemorySize: 21722 reclaim enough !
11-09 00:49:59.998  1789  3173 I tranpm/CommonReclaim-ProcessReclaimer: kill info -- processReclaim:  request: 21722 releaseSize: 87920 killTaskCount: 1 exemptCount： 16 effective: true
11-09 00:50:00.000  1789  2707 I AlarmManager: going to acquire wakelock now
11-09 00:50:00.000  1789  2707 I AlarmManager: going to acquire wakelock now
11-09 00:50:00.026  1789  3956 I os.permission: Grant permission: android.permission.ACCESS_SHORTCUTS to uid: 10193
11-09 00:50:00.106  1789  6145 I ActivityManager: Process com.linkedin.android (pid 29255) has died: cch+65 CEM 
11-09 00:50:00.106  1789  6145 I ActivityManager: need getLruProcesses
11-09 00:50:00.108  1789  4056 I Hiber/stateManager: unfreeze uid: 10029 com.linkedin.android pids:[29255]  reason:MSG_UID_GONE   cpninfo: costTime=1ms ,last freeze 145s ago
11-09 00:50:00.108  1789  3218 I Hiber/appStateMachine: uid=10029, pkg=com.linkedin.android, transition from Frozen to Running, reason=MSG_UID_GONE
11-09 00:50:00.108  1789  3218 I Hiber/appStateMachine: uid:10029 exit FrozenState
11-09 00:50:00.108  1789  3218 I Hiber/appStateMachine: uid:10029 exit RunningState
11-09 00:50:00.109  1789  3219 I Hiber/proxyManager: up_service: 10029
11-09 00:50:00.109  1789  3219 I Hiber/proxyManager: un_job: 10029
11-09 00:50:00.141  1789  1914 E ApplicationHelper: Fail to get PackageManager
11-09 00:50:00.176  1789  1914 E ApplicationHelper: Fail to get PackageManager
11-09 00:50:00.177  1789  1914 E ApplicationHelper: Fail to get PackageManager
11-09 00:50:00.229  1789  1914 E ApplicationHelper: Fail to get PackageManager
11-09 00:50:00.230  1789  1914 E ApplicationHelper: Fail to get PackageManager
11-09 00:50:01.000  1789  1789 I AlarmManager: going to release wakelock now
11-09 00:50:01.004  1789  1789 I AlarmManager: going to release wakelock now
11-09 00:50:01.104  1789  1914 E ApplicationHelper: Fail to get PackageManager
11-09 00:50:01.105  1789  1914 E ApplicationHelper: Fail to get PackageManager
11-09 00:50:01.105  1789  1914 E ApplicationHelper: Fail to get PackageManager
11-09 00:50:01.105  1789  1914 E ApplicationHelper: Fail to get PackageManager
11-09 00:50:01.236  1789  3811 I WindowManager: Relayout Window{5516d91 u0 TrEdgeBackGestureHandler0}: oldVis=8 newVis=0 focusMayChange = true requestedWidth = 210 requestedHeight = 465 outFrames = ClientWindowFrames{frame=[870,1075][1080,1540] display=[0,0][1080,2436] parentFrame=[0,0][0,0]} outSurfaceControl = Surface(name=TrEdgeBackGestureHandler0)/@0xbcd65b8
11-09 00:50:01.241  1789  1917 I WindowManager:   isAnimating=false  okToAnimate=true  win=Window{5516d91 u0 TrEdgeBackGestureHandler0}
11-09 00:50:01.261  1789  1914 I WindowManager: onSwipeFromRight mBlockTransientStatusBar:false
11-09 00:50:01.300  1789  3811 W VibratorManagerService: Vibration end for EndInfo{status=RUNNING, endedBy=null}
11-09 00:50:01.321  1789  1914 E ApplicationHelper: Fail to get PackageManager
11-09 00:50:01.322  1789  1914 E ApplicationHelper: Fail to get PackageManager
11-09 00:50:01.340  1789  6145 I os.permission: Grant permission: android.permission.MANAGE_ACTIVITY_TASKS to uid: 10193
11-09 00:50:01.426  1789  6145 I WindowManager:   isAnimating=false  okToAnimate=true  win=Window{5516d91 u0 TrEdgeBackGestureHandler0}
11-09 00:50:01.918  1789  1914 E ApplicationHelper: Fail to get PackageManager
11-09 00:50:01.937  1789  1914 E ApplicationHelper: Fail to get PackageManager
11-09 00:50:01.937  1789  1789 I TransportConnection: BackupTransportService#6: Notifying [BMS.restoreAtInstall] transport = BackupTransportClient
11-09 00:50:01.943  1789  1914 E ApplicationHelper: Fail to get PackageManager
11-09 00:50:01.943  1789  2146 I AppsFilter: interaction: PackageSetting{780fc76 com.android.microdroid.empty_payload/10231} -> PackageSetting{b19ccdf com.google.android.apps.docs/10242} BLOCKED
11-09 00:50:01.944  1789  1914 E ApplicationHelper: Fail to get PackageManager
11-09 00:50:01.966  1789  3843 W AppOpService: Ignored setUidMode call for runtime permission app op: uid = 10133, code = RECEIVE_WAP_PUSH, mode = allow, callingUid = 1001, oldMode = allow
11-09 00:50:01.967  1789  1914 E ApplicationHelper: Fail to get PackageManager
11-09 00:50:01.969  1789  3843 W AppOpService: Ignored setUidMode call for runtime permission app op: uid = 10133, code = READ_CELL_BROADCASTS, mode = allow, callingUid = 1001, oldMode = allow
11-09 00:50:01.972  1789  1914 E ApplicationHelper: Fail to get PackageManager
11-09 00:50:01.972  1789  1914 E ApplicationHelper: Fail to get PackageManager
11-09 00:50:01.974  1789  9433 W AppOps  : setUidMode() called with a mode inconsistent with runtime permission state, this is discouraged and you should revoke the runtime permission instead: uid=10097, switchCode=0, mode=4, permission=android.permission.ACCESS_BACKGROUND_LOCATION
11-09 00:50:01.974  1789  9433 W AppOpService: Ignored setUidMode call for runtime permission app op: uid = 10097, code = COARSE_LOCATION, mode = foreground, callingUid = 1000, oldMode = foreground
11-09 00:50:01.975  1789  3956 W AppOpService: Ignored setUidMode call for runtime permission app op: uid = 1001, code = READ_SMS, mode = allow, callingUid = 1001, oldMode = allow
11-09 00:50:01.975  1789  9433 W AppOpService: Ignored setUidMode call for runtime permission app op: uid = 10095, code = FINE_LOCATION, mode = foreground, callingUid = 1000, oldMode = foreground
11-09 00:50:01.976  1789  9433 W AppOpService: Ignored setUidMode call for runtime permission app op: uid = 10095, code = COARSE_LOCATION, mode = foreground, callingUid = 1000, oldMode = foreground
11-09 00:50:01.977  1789  3956 W AppOpService: Ignored setUidMode call for runtime permission app op: uid = 1001, code = RECEIVE_SMS, mode = allow, callingUid = 1001, oldMode = allow
11-09 00:50:01.977  1789  3956 W AppOpService: Ignored setUidMode call for runtime permission app op: uid = 1001, code = RECEIVE_WAP_PUSH, mode = allow, callingUid = 1001, oldMode = allow
11-09 00:50:01.978  1789  3956 W AppOpService: Ignored setUidMode call for runtime permission app op: uid = 1001, code = SEND_SMS, mode = allow, callingUid = 1001, oldMode = allow
11-09 00:50:01.978  1789  3956 W AppOpService: Ignored setUidMode call for runtime permission app op: uid = 1001, code = READ_CELL_BROADCASTS, mode = allow, callingUid = 1001, oldMode = allow
11-09 00:50:01.983  1789  9433 W AppOps  : setUidMode() called with a mode inconsistent with runtime permission state, this is discouraged and you should revoke the runtime permission instead: uid=10097, switchCode=0, mode=4, permission=android.permission.ACCESS_BACKGROUND_LOCATION
11-09 00:50:01.983  1789  9433 W AppOpService: Ignored setUidMode call for runtime permission app op: uid = 10097, code = COARSE_LOCATION, mode = foreground, callingUid = 1000, oldMode = foreground
11-09 00:50:01.986  1789  9433 I os.permission: Grant permission: android.permission.ALLOW_SLIPPERY_TOUCHES to uid: 10193
11-09 00:50:01.987  1789  9433 I os.permission: Grant permission: android.permission.ALLOW_SLIPPERY_TOUCHES to uid: 10193
11-09 00:50:01.989  1789  1914 E ApplicationHelper: Fail to get PackageManager
11-09 00:50:01.989  1789  1914 E ApplicationHelper: Fail to get PackageManager
11-09 00:50:01.993  1789  1914 E ApplicationHelper: Fail to get PackageManager
11-09 00:50:01.996  1789  1914 E ApplicationHelper: Fail to get PackageManager
11-09 00:50:02.045  1789  3804 I os.permission: Grant permission: android.permission.BIND_APPWIDGET to uid: 10193
11-09 00:50:02.047  1789  9433 W AppOpService: Ignored setUidMode call for runtime permission app op: uid = 10123, code = FINE_LOCATION, mode = foreground, callingUid = 1000, oldMode = foreground
11-09 00:50:02.047  1789  9433 W AppOpService: Ignored setUidMode call for runtime permission app op: uid = 10123, code = COARSE_LOCATION, mode = foreground, callingUid = 1000, oldMode = foreground
11-09 00:50:02.065  1789  1980 W MagnificationConnectionManager: requestConnection duplicated request: connect=false, mConnectionState=DISCONNECTED
11-09 00:50:02.150  1789  1913 I os.permission: Grant permission: android.permission.ACCESS_SHORTCUTS to uid: 10193
11-09 00:50:02.150  1789  1913 I os.permission: Grant permission: android.permission.ACCESS_SHORTCUTS to uid: 10193
11-09 00:50:02.187  1789  3804 I os.permission: Grant permission: android.permission.BIND_APPWIDGET to uid: 10193
11-09 00:50:02.188  1789  3804 I os.permission: Grant permission: android.permission.BIND_APPWIDGET to uid: 10193
11-09 00:50:02.188  1789  3804 I os.permission: Grant permission: android.permission.BIND_APPWIDGET to uid: 10193
11-09 00:50:02.189  1789  3804 I os.permission: Grant permission: android.permission.BIND_APPWIDGET to uid: 10193
11-09 00:50:02.362  1789  1914 E ApplicationHelper: Fail to get PackageManager
11-09 00:50:02.363  1789  1914 E ApplicationHelper: Fail to get PackageManager
11-09 00:50:02.380   712   730 I keystore2: system/security/keystore2/src/security_level.rs:231 - create_operation start
11-09 00:50:02.380   712   730 I keystore2: system/security/keystore2/src/security_level.rs:233 - caller_pid=29918
11-09 00:50:02.380   712   730 I keystore2: system/security/keystore2/src/security_level.rs:234 - caller_uid=10111
11-09 00:50:02.380   712   730 I keystore2: system/security/keystore2/src/security_level.rs:235 - forced=false
11-09 00:50:02.380   712   730 I keystore2: system/security/keystore2/src/security_level.rs:236 - key.domain=r#KEY_ID
11-09 00:50:02.380   712   730 I keystore2: system/security/keystore2/src/security_level.rs:237 - key.alias=None
11-09 00:50:02.380   712   730 I keystore2: system/security/keystore2/src/security_level.rs:273 - with_try_import start
11-09 00:50:02.381   712   730 I keystore2: system/security/keystore2/src/security_level.rs:295 - with_try_import end
11-09 00:50:02.381   712   730 I keystore2: system/security/keystore2/src/security_level.rs:329 - authorize_create start
11-09 00:50:02.381   712   730 I keystore2: system/security/keystore2/src/security_level.rs:340 - authorize_create end
11-09 00:50:02.381   712   730 I keystore2: system/security/keystore2/src/security_level.rs:341 - unwrap_key_if_required start
11-09 00:50:02.381   712   730 I keystore2: system/security/keystore2/src/security_level.rs:349 - unwrap_key_if_required end
11-09 00:50:02.381   712   730 I keystore2: system/security/keystore2/src/security_level.rs:350 - upgrade_keyblob_if_required_with start
11-09 00:50:02.382   712   730 I keystore2: system/security/keystore2/src/security_level.rs:391 - upgrade_keyblob_if_required_with end
11-09 00:50:02.383   712   730 I keystore2: system/security/keystore2/src/enforcements.rs:249 - finalize_create_authorization self.state=NoAuthRequired
11-09 00:50:02.383   712   730 I keystore2: system/security/keystore2/src/security_level.rs:397 - operation_db.create_operation start
11-09 00:50:02.383   712   730 I keystore2: system/security/keystore2/src/security_level.rs:415 - operation_db.create_operation end
11-09 00:50:02.412  3344  3749 I ApplicationPackageManager: color1 =0,color2 =0,bgColor =0
11-09 00:50:02.412  3344  3749 I ApplicationPackageManager: dr is not VectorDrawable,so we do nothing !
11-09 00:50:02.450  1789  1914 E ApplicationHelper: Fail to get PackageManager
11-09 00:50:02.456  1789  1914 E ApplicationHelper: Fail to get PackageManager
11-09 00:50:03.479  1789  3218 I Hiber/importantScene: isTrafficActive uid:10329 speed :0
11-09 00:50:03.479  1789  3218 I Hiber/appStateMachine: uid:10329 enter FrozenState
11-09 00:50:03.479  1789  3218 I Hiber/stateManager: freeze uid: 10329 com.tnstc costTime=1ms ,last unfreeze 2354s ago
11-09 00:50:03.479  1789  3219 I Hiber/hiber: msg for start proxy frozen state
11-09 00:50:03.479  1789  3219 I Hiber/proxyManager: p_service: 10329
11-09 00:50:03.480  1789  3219 I Hiber/proxyManager: p_job: 10329 pkgName=com.tnstc which=2
11-09 00:50:03.480  1789  1914 E ApplicationHelper: Fail to get PackageManager
11-09 00:50:03.480  1789  3219 I Hiber/hiber: proxy alarm (uid=10329, pkgName=com.tnstc)
11-09 00:50:03.480  1789  3219 I Hiber/proxyManager: p_alarm: uid=10329, pkgName=com.tnstc
11-09 00:50:04.399  1789  3218 I Hiber/importantScene: isTrafficActive uid:10249 speed :0
11-09 00:50:04.399  1789  3218 I Hiber/appStateMachine: uid:10249 enter FrozenState
11-09 00:50:04.400  1789  3218 I Hiber/stateManager: freeze uid: 10249 com.whatsapp costTime=0ms ,last unfreeze 5s ago
11-09 00:50:04.400  1789  3218 I Hiber/restrictionPolicy: uid:10249  pkgName:com.whatsapp isAllowedNet
11-09 00:50:04.400  1789  3219 I Hiber/hiber: msg for start proxy frozen state
11-09 00:50:04.400  1789  3221 I Hiber/nativeServiceClient: watch app network uid=10249, persistent=0
11-09 00:50:04.400  1789  3219 I Hiber/proxyManager: p_service: 10249
11-09 00:50:04.400  1789  3219 I Hiber/proxyManager: p_job: 10249 pkgName=com.whatsapp which=2
11-09 00:50:04.400  1789  1914 E ApplicationHelper: Fail to get PackageManager
11-09 00:50:04.404  1789  3219 I Hiber/hiber: proxy alarm (uid=10249, pkgName=com.whatsapp)
11-09 00:50:04.404  1789  3219 I Hiber/proxyManager: p_alarm: uid=10249, pkgName=com.whatsapp
11-09 00:50:04.480  1789  3221 I Hiber/nativeServiceClient: check binder uid=10329
11-09 00:50:04.481  1789  3220 I Hiber/stateManager: unfreeze uid: 10329 com.tnstc pids:[3991]  reason:transBinder   cpninfo:TRANSACTION_1 costTime=0ms ,last freeze 1s ago
11-09 00:50:04.481  1789  3218 I Hiber/appStateMachine: uid=10329, pkg=com.tnstc, transition from Frozen to Running, reason=transBinder
11-09 00:50:04.481  1789  3218 I Hiber/appStateMachine: uid:10329 exit FrozenState
11-09 00:50:04.481  1789  3219 I Hiber/proxyManager: up_service: 10329
11-09 00:50:04.481  1789  3219 I Hiber/proxyManager: un_job: 10329
11-09 00:50:04.507  1789  1916 I DisplayDeviceRepository: Display device changed: DisplayDeviceInfo{"Built-in Screen": uniqueId="local:0", 1080 x 2436, modeId 2, renderFrameRate 120.00001, defaultModeId 1, userPreferredModeId -1, supportedModes [{id=1, width=1080, height=2436, fps=144.00002, vsync=144.00002, synthetic=false, alternativeRefreshRates=[40.0, 60.0, 120.00001], supportedHdrTypes=[2, 3, 4]}, {id=2, width=1080, height=2436, fps=120.00001, vsync=120.00001, synthetic=false, alternativeRefreshRates=[40.0, 60.0, 144.00002], supportedHdrTypes=[2, 3, 4]}, {id=3, width=1080, height=2436, fps=60.0, vsync=60.0, synthetic=false, alternativeRefreshRates=[40.0, 120.00001, 144.00002], supportedHdrTypes=[2, 3, 4]}, {id=4, width=1080, height=2436, fps=40.0, vsync=40.0, synthetic=false, alternativeRefreshRates=[60.0, 120.00001, 144.00002], supportedHdrTypes=[2, 3, 4]}], colorMode 0, supportedColorModes [0, 7, 9], hdrCapabilities HdrCapabilities{mSupportedHdrTypes=[2, 3, 4], mMaxLuminance=500.0, mMaxAverageLuminance=500.0, mMinLuminance=0.0}, allmSupported false, gameContentTypeSupported false, density 480, 394.818 x 392.828 dpi, appVsyncOff 1099999, presDeadline 13300000, cutout DisplayCutout{insets=Rect(0, 108 - 0, 0) waterfall=Insets{left=0, top=0, right=0, bottom=0} boundingRect={Bounds=[Rect(0, 0 - 0, 0), Rect(468, 0 - 612, 108), Rect(0, 0 - 0, 0), Rect(0, 0 - 0, 0)]} cutoutPathParserInfo={CutoutPathParserInfo{displayWidth=1080 displayHeight=2436 physicalDisplayWidth=1080 physicalDisplayHeight=2436 density={3.0} cutoutSpec={M -24,0 L -24,36 L 24,36 L 24,0 Z @dp} rotation={0} scale={1.0} physicalPixelDisplaySizeRatio={1.0}}} sideOverrides={}}, touch INTERNAL, rotation 0, type INTERNAL, address {port=0}, deviceProductInfo null, state ON, committedState ON, frameRateOverride {uid=1000 frameRateHz=60.000004} {uid=10157 frameRateHz=60.000004} {uid=10193 frameRateHz=60.000004} , brightnessMinimum 0.0, brightnessMaximum 1.0, brightnessDefault 0.2, hdrSdrRatio NaN, FLAG_ALLOWED_TO_BE_DEFAULT_DISPLAY, FLAG_ROTATES_WITH_CONTENT, FLAG_SECURE, FLAG_SUPPORTS_PROTECTED_BUFFERS, FLAG_TRUSTED, installOrientation 0, displayShape DisplayShape{ spec=596679847 displayWidth=1080 displayHeight=2436 physicalPixelDisplaySizeRatio=1.0 rotation=0 offsetX=0 offsetY=0 scale=1.0}}
11-09 00:50:04.998  1789  3218 I Hiber/importantScene: isTrafficActive uid:10242 speed :0
11-09 00:50:04.998  1789  3218 I Hiber/appStateMachine: uid:10242 enter FrozenState
11-09 00:50:04.998  1789  3218 I Hiber/stateManager: freeze uid: 10242 com.google.android.apps.docs costTime=1ms ,last unfreeze 2644s ago
11-09 00:50:04.998  1789  3219 I Hiber/hiber: msg for start proxy frozen state
11-09 00:50:04.998  1789  3219 I Hiber/proxyManager: p_service: 10242
11-09 00:50:04.998  1789  3219 I Hiber/proxyManager: p_job: 10242 pkgName=com.google.android.apps.docs which=2
11-09 00:50:04.999  1789  3219 I Hiber/hiber: proxy alarm (uid=10242, pkgName=com.google.android.apps.docs)
11-09 00:50:04.999  1789  3219 I Hiber/proxyManager: p_alarm: uid=10242, pkgName=com.google.android.apps.docs
11-09 00:50:04.999  1789  1914 E ApplicationHelper: Fail to get PackageManager
11-09 00:50:05.401  1789  3221 I Hiber/nativeServiceClient: check binder uid=10249
11-09 00:50:05.874  1340  1340 W wificond: Failed to get NL80211_ATTR_MAX_NUM_AKM_SUITES
11-09 00:50:05.876  1340  1340 W wificond: Failed to get NL80211_ATTR_MAX_NUM_AKM_SUITES
11-09 00:50:05.877  1340  1340 W wificond: Failed to get NL80211_ATTR_MAX_NUM_AKM_SUITES
11-09 00:50:05.879  1340  1340 W wificond: Failed to get NL80211_ATTR_MAX_NUM_AKM_SUITES
11-09 00:50:05.999  1789  3221 I Hiber/nativeServiceClient: check binder uid=10242
11-09 00:50:07.020  1789  1914 E ApplicationHelper: Fail to get PackageManager
11-09 00:50:07.021  1789  1914 E ApplicationHelper: Fail to get PackageManager
11-09 00:50:08.000  1789  4056 I Hiber/hiber: begin socketDestroy, mUid: 10242
11-09 00:50:08.002  1789  4056 I Hiber/hiber: clearDnsCache again!!!
11-09 00:50:08.367  1789  1914 E ApplicationHelper: Fail to get PackageManager
11-09 00:50:08.368  1789  1914 E ApplicationHelper: Fail to get PackageManager
11-09 00:50:08.383  1789  1914 E ApplicationHelper: Fail to get PackageManager
11-09 00:50:08.383  1789  1914 E ApplicationHelper: Fail to get PackageManager
11-09 00:50:08.385  1789  5452 I BackupManagerService: Next restore package: RestoreDescription{host.exp.exponent : STREAM}
11-09 00:50:08.385  1789  5452 I BackupManagerService: Package host.exp.exponent: Source version 393 > installed version 191
11-09 00:50:08.387  1789  5452 I BackupManagerService: Restore complete.
11-09 00:50:08.388  1789  5452 E TransportConnection: BackupTransportService#6: Can't mark as disposed if still bound
11-09 00:50:08.388  1789  1914 E ApplicationHelper: Fail to get PackageManager
11-09 00:50:08.389  1789  1914 E ApplicationHelper: Fail to get PackageManager
11-09 00:50:08.389  1789  2146 I AppsFilter: interaction: PackageSetting{780fc76 com.android.microdroid.empty_payload/10231} -> PackageSetting{84a2f76 host.exp.exponent/10308} BLOCKED
11-09 00:50:08.389  1789  2146 I PackageManager: Installation Boost Off
11-09 00:50:08.397  1789  1980 W ContextImpl: Calling a method in the system process without a qualified user: android.app.ContextImpl.sendBroadcast:1293 com.transsion.appservices.tabe.TranTabeComponentImpl.a:342 com.transsion.appservices.tabe.TranTabeComponentImpl.a:8 com.transsion.appservices.tabe.TranTabeComponentImpl$c.handleMessage:70 android.os.Handler.dispatchMessage:107 
11-09 00:50:08.398  1789  2146 E TranStabilityRecoveryImpl: enter isVersionSupport.
11-09 00:50:08.398  1789  2146 E TranStabilityRecoveryImpl: enter isProjectEnable.
11-09 00:50:08.409  1789  2844 E AppOps  : attributionTag VCN not declared in manifest of android
11-09 00:50:08.418  1789  3217 I Hiber/config: pkgName: host.exp.exponent uid: 10308 add to third app list
11-09 00:50:08.425  1789  3843 I PackageParsing: do not custom: com.android.settings.wallpaper.WallpaperSuggestionActivity
11-09 00:50:08.425  1789  3843 I PackageParsing: do not custom: com.android.settings.TextReadingForSetupWizardActivity
11-09 00:50:08.426  1789  3804 W AppOpService: Ignored setUidMode call for runtime permission app op: uid = 10133, code = RECEIVE_WAP_PUSH, mode = allow, callingUid = 1001, oldMode = allow
11-09 00:50:08.426  1789  3956 W AppOpService: Ignored setUidMode call for runtime permission app op: uid = 10133, code = READ_CELL_BROADCASTS, mode = allow, callingUid = 1001, oldMode = allow
11-09 00:50:08.426  1789  1914 E ApplicationHelper: Fail to get PackageManager
11-09 00:50:08.426  1789  1914 E ApplicationHelper: Fail to get PackageManager
11-09 00:50:08.426  1789  1914 E ApplicationHelper: Fail to get PackageManager
11-09 00:50:08.429  1789  1913 W PackageManager: Failed registering loading progress callback. Package is fully loaded.
11-09 00:50:08.430  1789  1789 E ApplicationHelper: Fail to get PackageManager
11-09 00:50:08.430  1789  1789 E AppStateIntentReceiver: notifyChange failed
11-09 00:50:08.463  1789  1914 E ApplicationHelper: Fail to get PackageManager
11-09 00:50:08.495  1789  1789 W Aurora_ : AgaresManagerImpl=onEvent, agares scene modular is not support
11-09 00:50:08.499  1789  3511 W AppOpService: Ignored setUidMode call for runtime permission app op: uid = 1001, code = READ_SMS, mode = allow, callingUid = 1001, oldMode = allow
11-09 00:50:08.501  1789  1859 W AppOpService: Ignored setUidMode call for runtime permission app op: uid = 1001, code = RECEIVE_SMS, mode = allow, callingUid = 1001, oldMode = allow
11-09 00:50:08.502  1789  1859 W AppOpService: Ignored setUidMode call for runtime permission app op: uid = 1001, code = RECEIVE_WAP_PUSH, mode = allow, callingUid = 1001, oldMode = allow
11-09 00:50:08.502  1789  3121 W AppOpService: Ignored setUidMode call for runtime permission app op: uid = 1001, code = SEND_SMS, mode = allow, callingUid = 1001, oldMode = allow
11-09 00:50:08.502  1789  3121 W AppOpService: Ignored setUidMode call for runtime permission app op: uid = 1001, code = READ_CELL_BROADCASTS, mode = allow, callingUid = 1001, oldMode = allow
11-09 00:50:08.506  1789  3829 I PackageParsing: do not custom: com.android.settings.wallpaper.WallpaperSuggestionActivity
11-09 00:50:08.506  1789  3829 I PackageParsing: do not custom: com.android.settings.TextReadingForSetupWizardActivity
11-09 00:50:08.512  1789  1914 E ApplicationHelper: Fail to get PackageManager
11-09 00:50:08.514  1789  5874 W PermissionService: updatePermissionFlags: Permission android.permission.WRITE_CONTACTS isn't requested by package host.exp.exponent
11-09 00:50:08.515  1789  1914 E ApplicationHelper: Fail to get PackageManager
11-09 00:50:08.526  5922  9338 I ApplicationPackageManager: color1 =0,color2 =0,bgColor =0
11-09 00:50:08.527  5922  9338 I ApplicationPackageManager: dr is not VectorDrawable,so we do nothing !
11-09 00:50:08.529  3344  3749 I ApplicationPackageManager: color1 =0,color2 =0,bgColor =0
11-09 00:50:08.529  3344  3749 I ApplicationPackageManager: dr is not VectorDrawable,so we do nothing !
11-09 00:50:08.539  1789  1916 I DisplayDeviceRepository: Display device changed render timings: "Built-in Screen", renderFrameRate=60.000004, presentationDeadlineNanos=16600000, appVsyncOffsetNanos=1133334
11-09 00:50:08.566  1789  1789 I AppsFilter: interaction: PackageSetting{72b3a58 com.android.microdroid.empty_payload/10231} -> PackageSetting{13ed7b1 host.exp.exponent/10308} BLOCKED
11-09 00:50:08.603  1789  3811 W AppOpService: Ignored setUidMode call for runtime permission app op: uid = 10133, code = RECEIVE_WAP_PUSH, mode = allow, callingUid = 1001, oldMode = allow
11-09 00:50:08.606  1789  3829 W AppOpService: Ignored setUidMode call for runtime permission app op: uid = 10133, code = READ_CELL_BROADCASTS, mode = allow, callingUid = 1001, oldMode = allow
11-09 00:50:08.613  1789  3121 W AppOpService: Ignored setUidMode call for runtime permission app op: uid = 1001, code = READ_SMS, mode = allow, callingUid = 1001, oldMode = allow
11-09 00:50:08.613  1789  3121 W AppOpService: Ignored setUidMode call for runtime permission app op: uid = 1001, code = RECEIVE_SMS, mode = allow, callingUid = 1001, oldMode = allow
11-09 00:50:08.614  1789  3121 W AppOpService: Ignored setUidMode call for runtime permission app op: uid = 1001, code = RECEIVE_WAP_PUSH, mode = allow, callingUid = 1001, oldMode = allow
11-09 00:50:08.614  1789  3983 W AppOpService: Ignored setUidMode call for runtime permission app op: uid = 1001, code = SEND_SMS, mode = allow, callingUid = 1001, oldMode = allow
11-09 00:50:08.614  1789  3983 W AppOpService: Ignored setUidMode call for runtime permission app op: uid = 1001, code = READ_CELL_BROADCASTS, mode = allow, callingUid = 1001, oldMode = allow
11-09 00:50:08.615  1789  1980 W MagnificationConnectionManager: requestConnection duplicated request: connect=false, mConnectionState=DISCONNECTED
11-09 00:50:08.616  1789  1980 W TextServicesManagerService: no available spell checker services found
11-09 00:50:08.623  1789  1980 W MagnificationConnectionManager: requestConnection duplicated request: connect=false, mConnectionState=DISCONNECTED
11-09 00:50:08.624  1789  1980 W TextServicesManagerService: no available spell checker services found
11-09 00:50:08.754  5922  9321 I ApplicationPackageManager: color1 =0,color2 =0,bgColor =0
11-09 00:50:08.754  5922  9321 I ApplicationPackageManager: dr is not VectorDrawable,so we do nothing !
11-09 00:50:08.770  5922  9321 I ApplicationPackageManager: color1 =0,color2 =0,bgColor =0
11-09 00:50:08.770  5922  9321 I ApplicationPackageManager: dr is not VectorDrawable,so we do nothing !
11-09 00:50:08.787  5922  9321 I ApplicationPackageManager: color1 =0,color2 =0,bgColor =0
11-09 00:50:08.787  5922  9321 I ApplicationPackageManager: dr is not VectorDrawable,so we do nothing !
11-09 00:50:08.816  5922  9321 I ApplicationPackageManager: color1 =0,color2 =0,bgColor =0
11-09 00:50:08.816  5922  9321 I ApplicationPackageManager: dr is not VectorDrawable,so we do nothing !
11-09 00:50:08.832  5922  9321 I ApplicationPackageManager: color1 =0,color2 =0,bgColor =0
11-09 00:50:08.832  5922  9321 I ApplicationPackageManager: dr is not VectorDrawable,so we do nothing !
11-09 00:50:08.844  5922  9321 I ApplicationPackageManager: color1 =0,color2 =0,bgColor =0
11-09 00:50:08.844  5922  9321 I ApplicationPackageManager: dr is not VectorDrawable,so we do nothing !
11-09 00:50:08.860  5922  9321 I ApplicationPackageManager: color1 =0,color2 =0,bgColor =0
11-09 00:50:08.860  5922  9321 I ApplicationPackageManager: dr is not VectorDrawable,so we do nothing !
11-09 00:50:08.882  5922  9321 I ApplicationPackageManager: color1 =0,color2 =0,bgColor =0
11-09 00:50:08.882  5922  9321 I ApplicationPackageManager: dr is not VectorDrawable,so we do nothing !
11-09 00:50:08.890  5922  9321 I ApplicationPackageManager: color1 =0,color2 =0,bgColor =0
11-09 00:50:08.890  5922  9321 I ApplicationPackageManager: dr is not VectorDrawable,so we do nothing !
11-09 00:50:08.916  1789  1914 E ApplicationHelper: Fail to get PackageManager
11-09 00:50:08.916  1789  1914 E ApplicationHelper: Fail to get PackageManager
11-09 00:50:08.921  1789  1914 E ApplicationHelper: Fail to get PackageManager
11-09 00:50:08.921  5922  9321 I ApplicationPackageManager: color1 =0,color2 =0,bgColor =0
11-09 00:50:08.921  5922  9321 I ApplicationPackageManager: dr is not VectorDrawable,so we do nothing !
11-09 00:50:08.923  1789  2053 I tranpm/BroadcastPolicy: isBlockHs1 true
11-09 00:50:08.923  1789  2053 I tranpm/BroadcastPolicy: limitScheduleReceiverColdLocked by hs: callingPackage = null, targetPkg = com.google.android.apps.nbu.files action = android.intent.action.PACKAGE_CHANGED
11-09 00:50:08.924  1789  1914 E ApplicationHelper: Fail to get PackageManager
11-09 00:50:08.925  1789  1914 E ApplicationHelper: Fail to get PackageManager
11-09 00:50:08.934  1789  1914 E ApplicationHelper: Fail to get PackageManager
11-09 00:50:08.950  5922  9321 I ApplicationPackageManager: color1 =0,color2 =0,bgColor =0
11-09 00:50:08.950  5922  9321 I ApplicationPackageManager: dr is not VectorDrawable,so we do nothing !
11-09 00:50:08.955  1789  1914 E ApplicationHelper: Fail to get PackageManager
11-09 00:50:08.961  1789  1914 E ApplicationHelper: Fail to get PackageManager
11-09 00:50:08.964  1789  1914 E ApplicationHelper: Fail to get PackageManager
11-09 00:50:08.968  5922  9321 I ApplicationPackageManager: color1 =0,color2 =0,bgColor =0
11-09 00:50:08.968  5922  9321 I ApplicationPackageManager: dr is not VectorDrawable,so we do nothing !
11-09 00:50:08.971  1789  1914 E ApplicationHelper: Fail to get PackageManager
11-09 00:50:08.978  1789  1914 E ApplicationHelper: Fail to get PackageManager
11-09 00:50:08.979  1789  1914 E ApplicationHelper: Fail to get PackageManager
11-09 00:50:08.984  1789  3121 W ActivityManager: registerReceiverWithFeature: no app for null
11-09 00:50:08.991  1789  1914 E ApplicationHelper: Fail to get PackageManager
11-09 00:50:08.995  5922  9321 I ApplicationPackageManager: color1 =0,color2 =0,bgColor =0
11-09 00:50:08.995  5922  9321 I ApplicationPackageManager: dr is not VectorDrawable,so we do nothing !
11-09 00:50:08.999  1789  3983 E ActivityTaskManager: agaresPreload error: activityInfo is null
11-09 00:50:09.000  1789  3983 I Hiber/fastState: do fastFreeze reason=appStart
11-09 00:50:09.000  1789  4057 W Hiber/fastState: uid=10133 is default-app
11-09 00:50:09.000  1789  4057 W Hiber/fastState: uid=10196 is default-app
11-09 00:50:09.000  1789  3221 I Hiber/nativeServiceClient: check binder uid=10097
11-09 00:50:09.001  1789  4057 I Hiber/fastState: fastFreeze reason=appStart size=6 uids=[10097, 10161, 10188, 10217, 10279, 10329] about costTime=1ms
11-09 00:50:09.001  1789  3220 I Hiber/fastState: skip fastFreeze, uid=10097 pkgName=com.google.android.as unFreezeReason=transBinder cpnInfo=TRANSACTION_1
11-09 00:50:09.001  1789  3221 I Hiber/nativeServiceClient: check binder uid=10161
11-09 00:50:09.001  1789  3220 I Hiber/stateManager: unfreeze uid: 10097 com.google.android.as  reason:transBinder   cpninfo:TRANSACTION_1 costTime=0ms ,last freeze invalid
11-09 00:50:09.001  1789  3221 I Hiber/nativeServiceClient: check binder uid=10188
11-09 00:50:09.001  1789  3221 I Hiber/nativeServiceClient: check binder uid=10217
11-09 00:50:09.002  1789  3221 I Hiber/nativeServiceClient: check binder uid=10279
11-09 00:50:09.002  1789  3221 I Hiber/nativeServiceClient: check binder uid=10329
11-09 00:50:09.002  1789  3983 I ActivityTaskManager: floatWindow: multiWindowId = 0
11-09 00:50:09.002  1789  3983 W ActivityTaskManager: callingPackage for (uid=2000, pid=6688) has no WPC
11-09 00:50:09.003  1789  3983 I ActivityTaskManager: TaskLaunchParamsModifier: pkgName = null, isMultiWindowTaskDisplayArea  = false
11-09 00:50:09.004  1789  3983 W OptProp : Cannot read opt property android.window.PROPERTY_COMPAT_ALLOW_ORIENTATION_OVERRIDE
11-09 00:50:09.004  1789  1914 E ApplicationHelper: Fail to get PackageManager
11-09 00:50:09.005  1789  1914 E ApplicationHelper: Fail to get PackageManager
11-09 00:50:09.006  1789  3983 W OptProp : Cannot read opt property android.window.PROPERTY_COMPAT_ALLOW_RESIZEABLE_ACTIVITY_OVERRIDES
11-09 00:50:09.006  1789  3983 W OptProp : Cannot read opt property android.window.PROPERTY_COMPAT_ALLOW_MIN_ASPECT_RATIO_OVERRIDE
11-09 00:50:09.007  1789  3983 I ActivityTaskManager: TaskLaunchParamsModifier: pkgName = null, isMultiWindowTaskDisplayArea  = false
11-09 00:50:09.007  1789  3983 I ActivityTaskManager: TaskLaunchParamsModifier: pkgName = null
11-09 00:50:09.008  1789  3983 E ActivityTaskManager: AppLaunchTracker getTaskIndex error: task is null.
11-09 00:50:09.008  1789  3983 I ActivityTaskManager: TaskLaunchParamsModifier: pkgName = null, isMultiWindowTaskDisplayArea  = false
11-09 00:50:09.008  1789  3983 I ActivityTaskManager: TaskLaunchParamsModifier: pkgName = null
11-09 00:50:09.008  1789  3983 I ActivityTaskManager: needHookReparentToDefaultDisplay: sourceRecord = null,r = ActivityRecord{203a5b5 u0 host.exp.exponent/.experience.HomeActivity t-1}, tda = null
11-09 00:50:09.009  5922  9321 I ApplicationPackageManager: color1 =0,color2 =0,bgColor =0
11-09 00:50:09.009  5922  9321 I ApplicationPackageManager: dr is not VectorDrawable,so we do nothing !
11-09 00:50:09.009  1789  1914 E ApplicationHelper: Fail to get PackageManager
11-09 00:50:09.010  1789  3983 I ActivityTaskManager: TaskLaunchParamsModifier: pkgName = null, isMultiWindowTaskDisplayArea  = false
11-09 00:50:09.010  1789  3983 I ActivityTaskManager: TaskLaunchParamsModifier: pkgName = null
11-09 00:50:09.016  1789  1914 E ApplicationHelper: Fail to get PackageManager
11-09 00:50:09.017  1789  3983 I MemoryCollector: do beginMemoryPredict 
11-09 00:50:09.017  1789  1914 E ApplicationHelper: Fail to get PackageManager
11-09 00:50:09.019  1789  3983 I ActivityTaskManager: START u0 {act=android.intent.action.MAIN cat=[android.intent.category.LAUNCHER] flg=0x10200000 cmp=host.exp.exponent/.experience.HomeActivity} with LAUNCH_SINGLE_TASK from uid 2000 (BAL_ALLOW_PERMISSION) result code=0
11-09 00:50:09.019  1789  3983 I ActivityTaskManager: Add pending draw ActivityRecord{203a5b5 u0 host.exp.exponent/.experience.HomeActivity t848}
11-09 00:50:09.022  1789  3829 I AppsFilter: interaction: PackageSetting{72b3a58 com.android.microdroid.empty_payload/10231} -> PackageSetting{2f22281 host.exp.exponent/10308} BLOCKED
11-09 00:50:09.022  1789  3956 I os.permission: Grant permission: android.permission.MANAGE_ACTIVITY_TASKS to uid: 10193
11-09 00:50:09.025  1789  1916 I ActivityManager: Process ProcessRecord{68a4914 0:host.exp.exponent/u0a308} already pending start
11-09 00:50:09.025  1789  1916 I ActivityManager: Process ProcessRecord{68a4914 0:host.exp.exponent/u0a308} already pending start
11-09 00:50:09.037  1789  1916 I DisplayDeviceRepository: Display device changed: DisplayDeviceInfo{"Built-in Screen": uniqueId="local:0", 1080 x 2436, modeId 3, renderFrameRate 60.000004, defaultModeId 1, userPreferredModeId -1, supportedModes [{id=1, width=1080, height=2436, fps=144.00002, vsync=144.00002, synthetic=false, alternativeRefreshRates=[40.0, 60.0, 120.00001], supportedHdrTypes=[2, 3, 4]}, {id=2, width=1080, height=2436, fps=120.00001, vsync=120.00001, synthetic=false, alternativeRefreshRates=[40.0, 60.0, 144.00002], supportedHdrTypes=[2, 3, 4]}, {id=3, width=1080, height=2436, fps=60.0, vsync=60.0, synthetic=false, alternativeRefreshRates=[40.0, 120.00001, 144.00002], supportedHdrTypes=[2, 3, 4]}, {id=4, width=1080, height=2436, fps=40.0, vsync=40.0, synthetic=false, alternativeRefreshRates=[60.0, 120.00001, 144.00002], supportedHdrTypes=[2, 3, 4]}], colorMode 0, supportedColorModes [0, 7, 9], hdrCapabilities HdrCapabilities{mSupportedHdrTypes=[2, 3, 4], mMaxLuminance=500.0, mMaxAverageLuminance=500.0, mMinLuminance=0.0}, allmSupported false, gameContentTypeSupported false, density 480, 394.818 x 392.828 dpi, appVsyncOff 1133334, presDeadline 16600000, cutout DisplayCutout{insets=Rect(0, 108 - 0, 0) waterfall=Insets{left=0, top=0, right=0, bottom=0} boundingRect={Bounds=[Rect(0, 0 - 0, 0), Rect(468, 0 - 612, 108), Rect(0, 0 - 0, 0), Rect(0, 0 - 0, 0)]} cutoutPathParserInfo={CutoutPathParserInfo{displayWidth=1080 displayHeight=2436 physicalDisplayWidth=1080 physicalDisplayHeight=2436 density={3.0} cutoutSpec={M -24,0 L -24,36 L 24,36 L 24,0 Z @dp} rotation={0} scale={1.0} physicalPixelDisplaySizeRatio={1.0}}} sideOverrides={}}, touch INTERNAL, rotation 0, type INTERNAL, address {port=0}, deviceProductInfo null, state ON, committedState ON, frameRateOverride , brightnessMinimum 0.0, brightnessMaximum 1.0, brightnessDefault 0.2, hdrSdrRatio NaN, FLAG_ALLOWED_TO_BE_DEFAULT_DISPLAY, FLAG_ROTATES_WITH_CONTENT, FLAG_SECURE, FLAG_SUPPORTS_PROTECTED_BUFFERS, FLAG_TRUSTED, installOrientation 0, displayShape DisplayShape{ spec=596679847 displayWidth=1080 displayHeight=2436 physicalPixelDisplaySizeRatio=1.0 rotation=0 offsetX=0 offsetY=0 scale=1.0}}
11-09 00:50:09.042  1789  2054 I ActivityManager: Start proc 6398:host.exp.exponent/u0a308 for next-top-activity {host.exp.exponent/host.exp.exponent.experience.HomeActivity}
11-09 00:50:09.049  1995  2129 I ApplicationPackageManager: color1 =0,color2 =0,bgColor =0
11-09 00:50:09.049  1995  2129 I ApplicationPackageManager: dr is not VectorDrawable,so we do nothing !
11-09 00:50:09.053  1789  1914 E ApplicationHelper: Fail to get PackageManager
11-09 00:50:09.053  1789  1914 E ApplicationHelper: Fail to get PackageManager
11-09 00:50:09.053  1789  1914 E ApplicationHelper: Fail to get PackageManager
11-09 00:50:09.053  1789  1914 E ApplicationHelper: Fail to get PackageManager
11-09 00:50:09.053  1789  1914 E ApplicationHelper: Fail to get PackageManager
11-09 00:50:09.053  1789  1914 E ApplicationHelper: Fail to get PackageManager
11-09 00:50:09.053  1789  1914 E ApplicationHelper: Fail to get PackageManager
11-09 00:50:09.053  1789  1914 E ApplicationHelper: Fail to get PackageManager
11-09 00:50:09.053  1789  1914 E ApplicationHelper: Fail to get PackageManager
11-09 00:50:09.053  1789  1914 E ApplicationHelper: Fail to get PackageManager
11-09 00:50:09.053  1789  1914 E ApplicationHelper: Fail to get PackageManager
11-09 00:50:09.053  1789  1914 E ApplicationHelper: Fail to get PackageManager
11-09 00:50:09.053  1789  1914 E ApplicationHelper: Fail to get PackageManager
11-09 00:50:09.053  1789  1914 E ApplicationHelper: Fail to get PackageManager
11-09 00:50:09.053  1789  1914 E ApplicationHelper: Fail to get PackageManager
11-09 00:50:09.054  1789  1914 E ApplicationHelper: Fail to get PackageManager
11-09 00:50:09.054  1789  1914 E ApplicationHelper: Fail to get PackageManager
11-09 00:50:09.054  1789  1914 E ApplicationHelper: Fail to get PackageManager
11-09 00:50:09.065  1789  1914 E ApplicationHelper: Fail to get PackageManager
11-09 00:50:09.072  5922  9321 I ApplicationPackageManager: color1 =0,color2 =0,bgColor =0
11-09 00:50:09.072  5922  9321 I ApplicationPackageManager: dr is not VectorDrawable,so we do nothing !
11-09 00:50:09.076  1789  2591 I os.permission: Grant permission: android.permission.BROADCAST_CLOSE_SYSTEM_DIALOGS to uid: 10193
11-09 00:50:09.081  1789  1914 E ApplicationHelper: Fail to get PackageManager
11-09 00:50:09.085  1789  6145 W WindowManager: Changing focus from Window{3dba0d3 u0 com.transsion.XOSLauncher/com.android.launcher3.uioverrides.QuickstepLauncher} to null displayId=0 Callers=com.android.server.wm.RootWindowContainer.updateFocusedWindowLocked:528 com.android.server.wm.WindowManagerService.updateFocusedWindowLocked:6844 com.android.server.wm.WindowManagerService.relayoutWindowInner:2851 com.android.server.wm.WindowManagerService.relayoutWindow:2512 
11-09 00:50:09.087  5922  9321 I ApplicationPackageManager: color1 =0,color2 =0,bgColor =0
11-09 00:50:09.087  5922  9321 I ApplicationPackageManager: dr is not VectorDrawable,so we do nothing !
11-09 00:50:09.102  1789  2653 I tranpm/ServicePolicy: isBlockHsB1 true
11-09 00:50:09.102  1789  2653 I tranpm/ServicePolicy: limitBindServiceLocked by hs&job - cold: callingPackage = android, targetPkg = com.ril.ajio
11-09 00:50:09.105  1789  1914 E ApplicationHelper: Fail to get PackageManager
11-09 00:50:09.106  1789  1914 E ApplicationHelper: Fail to get PackageManager
11-09 00:50:09.106  1789  1914 E ApplicationHelper: Fail to get PackageManager
11-09 00:50:09.106  1789  1914 E ApplicationHelper: Fail to get PackageManager
11-09 00:50:09.110  1789  1914 E ApplicationHelper: Fail to get PackageManager
11-09 00:50:09.113  1789  1917 I Transition: ignoreThunderbackTransition back= false change= false
11-09 00:50:09.113  1789  1917 I Transition: keep target for wallpaper animation 
11-09 00:50:09.113  1789  2653 W ActivityManager: Unbind failed: could not find connection for android.app.LoadedApk$ServiceDispatcher$InnerConnection@b4aabeb
11-09 00:50:09.114  1789  2653 E JobScheduler.Concurrency: Error executing JobStatus{58af1f9 androidx.work.systemjobscheduler:u0a324/154 @androidx.work.systemjobscheduler@com.ril.ajio/androidx.work.impl.background.systemjob.SystemJobService u=0 s=10324 TIME=-11h33m44s185ms:none NET BATNOTLOW READY}
11-09 00:50:09.116  1789  1917 I Transition: updateFlagsFromDynamicIslandToWindow pkgName = host.exp.exponent flagsArr[0] = 0
11-09 00:50:09.116  1789  1917 I Transition: updateFlagsFromDynamicIslandToWindow pkgName = com.transsion.XOSLauncher flagsArr[0] = 0
11-09 00:50:09.117  1789  1917 I Transition: updateFlagsFromDynamicIslandToWindow pkgName = null flagsArr[0] = 0
11-09 00:50:09.117  1789  1980 I Griffin/MemoryMonitorManager: ProcessRecord= ProcessRecord{ebed97 3990:com.transsion.carlcare/u0a194} pss= 49 threshold= 3072
11-09 00:50:09.124  5922  9321 I ApplicationPackageManager: color1 =0,color2 =0,bgColor =0
11-09 00:50:09.124  5922  9321 I ApplicationPackageManager: dr is not VectorDrawable,so we do nothing !
11-09 00:50:09.124  1789  3121 I os.permission: Grant permission: android.permission.INTERACT_ACROSS_USERS to uid: 10193
11-09 00:50:09.125  1789  2653 I tranpm/ServicePolicy: isBlockHsB1 true
11-09 00:50:09.125  1789  2653 I tranpm/ServicePolicy: limitBindServiceLocked by hs&job - cold: callingPackage = android, targetPkg = com.facebook.katana
11-09 00:50:09.129  1789  2653 W ActivityManager: Unbind failed: could not find connection for android.app.LoadedApk$ServiceDispatcher$InnerConnection@fa4c07f
11-09 00:50:09.129  1789  2591 I os.permission: Grant permission: android.permission.MANAGE_ACTIVITY_TASKS to uid: 10193
11-09 00:50:09.129  1789  2653 E JobScheduler.Concurrency: Error executing JobStatus{d673b5b #u0a341/2131366263 com.facebook.katana/com.facebook.analytics2.logger.legacy.uploader.LollipopUploadService u=0 s=10341 TIME=-20m47s817ms:-20m47s817ms NET READY}
11-09 00:50:09.132  1789  2653 I tranpm/ServicePolicy: isBlockHsB1 true
11-09 00:50:09.132  1789  1980 I Griffin/MemoryMonitorManager: ProcessRecord= ProcessRecord{9bc3650 6586:com.transsion.smartpanel:game/1000} pss= 34 threshold= 3072
11-09 00:50:09.132  1789  2653 I tranpm/ServicePolicy: limitBindServiceLocked by hs&job - cold: callingPackage = android, targetPkg = com.facebook.katana
11-09 00:50:09.144  1789  1914 E ApplicationHelper: Fail to get PackageManager
11-09 00:50:09.148  5922  9321 I ApplicationPackageManager: color1 =0,color2 =0,bgColor =0
11-09 00:50:09.148  5922  9321 E PmsExtIcon: updateIconColor f1target is null
11-09 00:50:09.148  5922  9321 E PmsExtIcon: updateIconColor bgtarget is null
11-09 00:50:09.148  1789  3955 W UserManagerService: Requested status bar icon for non-badged user 0
11-09 00:50:09.149  1789  1914 E ApplicationHelper: Fail to get PackageManager
11-09 00:50:09.153  1789  2653 W ActivityManager: Unbind failed: could not find connection for android.app.LoadedApk$ServiceDispatcher$InnerConnection@9ca5214
11-09 00:50:09.159  1789  2653 E JobScheduler.Concurrency: Error executing JobStatus{18bad71 androidx.work.systemjobscheduler:u0a341/897 @androidx.work.systemjobscheduler@com.facebook.katana/androidx.work.impl.background.systemjob.SystemJobService u=0 s=10341 TIME=-18m48s197ms:none NET READY}
11-09 00:50:09.182  1789  1914 E ApplicationHelper: Fail to get PackageManager
11-09 00:50:09.183  1789  1914 E ApplicationHelper: Fail to get PackageManager
11-09 00:50:09.185  1789  1980 I Griffin/MemoryMonitorManager: ProcessRecord= ProcessRecord{a6a9a8a 6135:com.transsion.smartpanel:turbo/1000} pss= 13 threshold= 3072
11-09 00:50:09.198  5922  9321 I ApplicationPackageManager: color1 =0,color2 =0,bgColor =0
11-09 00:50:09.198  5922  9321 I ApplicationPackageManager: dr is not VectorDrawable,so we do nothing !
11-09 00:50:09.210  1789  3511 I TranSCSourceConnectManagerImpl: hookDisplayResumedActivityChanged displayId: 0 packageName: host.exp.exponent
11-09 00:50:09.214  1789  1789 E MBrainLocalService: notifyAppSwitch failed
11-09 00:50:09.217  1789  5019 I TranTp/TranTpSwitchManagerImpl: Set [host.exp.exponent] is tp rate as default.
11-09 00:50:09.221  5922  9321 I ApplicationPackageManager: color1 =0,color2 =0,bgColor =0
11-09 00:50:09.224  5922  9321 I ApplicationPackageManager: dr is not VectorDrawable,so we do nothing !
11-09 00:50:09.240  1789  1859 E ActivityTaskManager: agaresPreload error: activityInfo is null
11-09 00:50:09.241  1789  1859 I ActivityTaskManager: floatWindow: multiWindowId = 0
11-09 00:50:09.241  1789  1859 W ActivityTaskManager: callingPackage for (uid=2000, pid=6790) has no WPC
11-09 00:50:09.241  1789  1859 I ActivityTaskManager: TaskLaunchParamsModifier: pkgName = null, isMultiWindowTaskDisplayArea  = false
11-09 00:50:09.242  1789  1859 W OptProp : Cannot read opt property android.window.PROPERTY_COMPAT_ALLOW_ORIENTATION_OVERRIDE
11-09 00:50:09.244  1789  1859 W OptProp : Cannot read opt property android.window.PROPERTY_COMPAT_ALLOW_RESIZEABLE_ACTIVITY_OVERRIDES
11-09 00:50:09.244  1789  1859 W OptProp : Cannot read opt property android.window.PROPERTY_COMPAT_ALLOW_MIN_ASPECT_RATIO_OVERRIDE
