--------- beginning of system
11-09 00:37:45.644  1789  1789 W NetworkTypeHelper: Failed to call buildTemplateCarrierMetered, java.lang.reflect.InvocationTargetException
--------- beginning of main
11-09 00:37:45.905  4698 11277 I NearbySharing: Network state changed: NetworkState(isRestricted=false, isOnline=true, isCongested=false, isMetered=false, isWifiConnected=true)
11-09 00:37:46.167  1046  1112 I libPerfCtl: xgfGetFPS pid:3358 fps:-1
11-09 00:37:46.167  1046  1112 I AppThermalMode: [perfNotifyThermalState] hdl:0
11-09 00:37:46.167  1046  1112 I AppThermalMode: [findAppThermalIdx] Fail: appThermalModeEnable: 0,currentFPS: -1,fg->pid:17672
11-09 00:37:46.167  1046  1112 I AppThermalMode: [perfNotifyThermalState] appThermalIdx -1:
11-09 00:37:46.436 31676 31676 I app_process: MMAP_TRYLOCK is supported in uffd errno:2 addr:0x79c7648000 size:4096
11-09 00:37:46.456 31676 31676 I AndroidRuntime: Using default boot image
11-09 00:37:46.456 31676 31676 I AndroidRuntime: Leaving lock profiling enabled
11-09 00:37:46.479 31676 31676 I app_process: Using CollectorTypeCMC GC.
11-09 00:37:46.741  1005 31678 I resolv  : GetAddrInfoHandler::run: {133 983173 133 983173 1000 0}
11-09 00:37:46.744  1005 31679 I resolv  : res_nmkquery: (QUERY, IN, A)
11-09 00:37:46.744  1005 31679 I resolv  : resolv_cache_lookup: FOUND IN CACHE entry=0xb400007ae0013fd0
11-09 00:37:46.744  1005 31679 I resolv  : doQuery: rcode=0, ancount=1, return value=63
11-09 00:37:46.894 31676 31676 W libc    : Access denied finding property "ro.vendor.tgpa_resolution_tuner"
11-09 00:37:46.895 31676 31676 W libc    : Access denied finding property "ro.vendor.mtk.hbt_binfmt_misc_support"
11-09 00:37:46.896 31676 31676 W libc    : Access denied finding property "ro.vendor.mtk.hbt_dyn_type"
11-09 00:37:46.896 31676 31676 W libc    : Access denied finding property "persist.vendor.mtk.hbt_dyn_type"
11-09 00:37:46.922 31676 31676 W Monkey  : args: [-p, host.exp.exponent, -c, android.intent.category.LAUNCHER, 1]
11-09 00:37:46.922 31676 31676 W Monkey  :  arg: "-p"
11-09 00:37:46.922 31676 31676 W Monkey  :  arg: "host.exp.exponent"
11-09 00:37:46.922 31676 31676 W Monkey  :  arg: "-c"
11-09 00:37:46.922 31676 31676 W Monkey  :  arg: "android.intent.category.LAUNCHER"
11-09 00:37:46.922 31676 31676 W Monkey  :  arg: "1"
11-09 00:37:46.922 31676 31676 W Monkey  : data="host.exp.exponent"
11-09 00:37:46.922 31676 31676 W Monkey  : data="android.intent.category.LAUNCHER"
11-09 00:37:47.057  1789  5874 W ActivityManager: registerReceiverWithFeature: no app for null
11-09 00:37:47.080  1789  5874 E ActivityTaskManager: agaresPreload error: activityInfo is null
11-09 00:37:47.081  1789  5874 I Hiber/fastState: do fastFreeze reason=appStart
11-09 00:37:47.081  1789  5874 I ActivityTaskManager: floatWindow: multiWindowId = 0
11-09 00:37:47.081  1789  1991 I mtkpower_client: perf_cus_lock_hint hint:105, dur:150, pid:1789
11-09 00:37:47.081  1789  5874 W ActivityTaskManager: callingPackage for (uid=2000, pid=31676) has no WPC
11-09 00:37:47.082  1789  4057 W Hiber/fastState: uid=10249 is resume
11-09 00:37:47.082  1789  4057 W Hiber/fastState: uid=10133 is default-app
11-09 00:37:47.082  1789  4057 W Hiber/fastState: uid=10304 is pending
11-09 00:37:47.082  1789  4057 W Hiber/fastState: uid=10196 is default-app
11-09 00:37:47.082  1789  5874 I ActivityTaskManager: TaskLaunchParamsModifier: pkgName = null, isMultiWindowTaskDisplayArea  = false
11-09 00:37:47.083  1789  1991 I mtkpower_client: perf_cus_lock_hint, ret_hdl:175527
11-09 00:37:47.084  1789  5874 W OptProp : Cannot read opt property android.window.PROPERTY_COMPAT_ALLOW_ORIENTATION_OVERRIDE
11-09 00:37:47.084  1046  1126 I libPowerHal: [setClusterFreq] MTKPOWER_HINT_START_ACTIVITY_INNER: sysfs_freq set cpu freq: 2000000 -1 3000000 -1 3100000 -1 
11-09 00:37:47.084  1789  5874 W OptProp : Cannot read opt property android.window.PROPERTY_COMPAT_ALLOW_RESIZEABLE_ACTIVITY_OVERRIDES
11-09 00:37:47.085  1789  5874 W OptProp : Cannot read opt property android.window.PROPERTY_COMPAT_ALLOW_MIN_ASPECT_RATIO_OVERRIDE
11-09 00:37:47.085  1789  5874 I ActivityTaskManager: TaskLaunchParamsModifier: pkgName = null, isMultiWindowTaskDisplayArea  = false
11-09 00:37:47.085  1789  5874 I ActivityTaskManager: TaskLaunchParamsModifier: pkgName = null
11-09 00:37:47.086  1789  3221 I Hiber/nativeServiceClient: check binder uid=10097
11-09 00:37:47.086  1789  5874 I ActivityTaskManager: TaskLaunchParamsModifier: pkgName = null, isMultiWindowTaskDisplayArea  = false
11-09 00:37:47.086  1789  5874 I ActivityTaskManager: TaskLaunchParamsModifier: pkgName = null
11-09 00:37:47.086  1789  5874 I ActivityTaskManager: needHookReparentToDefaultDisplay: sourceRecord = null,r = ActivityRecord{db4026d u0 host.exp.exponent/.experience.HomeActivity t-1}, tda = null
11-09 00:37:47.086  1020  1624 I hwcomposer: [DRMDEV] (0) failed to waitNextVsync: -1  
11-09 00:37:47.087  1046  1097 I mtkpower@impl: [setMode] type:5, enabled:1
11-09 00:37:47.088  1789  3221 I Hiber/nativeServiceClient: check binder uid=10161
11-09 00:37:47.088  1086  3083 I BufferQueueDebug: [TranStartingSurface#14114](this:0xb4000073cf3c6148,id:-1,api:0,p:-1,c:-1) BufferQueue core=(1086:/system/bin/surfaceflinger)
11-09 00:37:47.089  1789  3221 I Hiber/nativeServiceClient: check binder uid=10188
11-09 00:37:47.090  1789  4057 I Hiber/fastState: fastFreeze reason=appStart size=4 uids=[10097, 10161, 10188, 10279] about costTime=8ms
11-09 00:37:47.090  1789  3221 I Hiber/nativeServiceClient: check binder uid=10279
11-09 00:37:47.090  1789  5874 I PowerHalWrapper: amsBoostNotify pid:17672,activity:com.whatsapp.home.ui.HomeActivity, package:com.whatsapp, mProcessCreatePackcom.whatsapp 
11-09 00:37:47.090  1789  5874 I PowerHalWrapper: state: 0 
11-09 00:37:47.090  1789  5874 I ScnModule: [GameDetection] packname: com.whatsapp, apkSize: 95768057. 
11-09 00:37:47.090  1789  5874 I mtkpower_client: [PowerHal_Wrap_notifyAppState] com.whatsapp/com.whatsapp.home.ui.HomeActivity pid=17672 activityId:157625621 state:0
11-09 00:37:47.090  1789  5874 I mtkpower_client: [Legacy][PowerHal_Wrap_notifyAppState] com.whatsapp/com.whatsapp.home.ui.HomeActivity pid=17672 state:157625621
11-09 00:37:47.091  1046  1126 I libPowerHal: [perfNotifyAppState] pack:com.whatsapp, act:com.whatsapp.home.ui.HomeActivity, state:0, pid:17672, uid:10249, fps:-1
11-09 00:37:47.091  1046  1126 I libPowerHal: [PD] scn:371 pack:com.whatsapp
11-09 00:37:47.091  1046  1126 I libPowerHal: [load_thm_api] idx:4, start:0
11-09 00:37:47.091  1046  1126 I libPowerHal: [load_thm_api] load_thm_api 1 new_idx:4,g_thermal_idx:4 start:0
11-09 00:37:47.091  1046  1126 I libPowerHal: [load_thm_api] load_thm_api new_idx:4, g_thermal_idx:-1 start:0
11-09 00:37:47.091  1789  5874 I PowerHalWrapper: amsBoostNotify AMS_BOOST_PROCESS_CREATE_BOOST:false 
11-09 00:37:47.092  1789  5874 I MemoryCollector: do beginMemoryPredict 
11-09 00:37:47.092  1789  5874 I PowerHalWrapper: <amsBoostResume> last:com.whatsapp, next:host.exp.exponenthasATProcess:true 
11-09 00:37:47.092  1046  1126 I libPowerHal: [save_policy_prop] property_set vendor.thermal.manager.data.tp.ref0=0 
11-09 00:37:47.092  1046  1126 I libPowerHal: [PD] com.whatsapp update ONESHOT cmd:3000000 param:4
11-09 00:37:47.092  1789  2105 W KswapdLittleCoreFeature: [setAffinity] Pid:143 mask:63
11-09 00:37:47.092  1286  1286 I thermal_core: Get from client apply thermal.conf
11-09 00:37:47.092  1286  1319 I thermal_core: cmd=apply arg1=thermal.conf
11-09 00:37:47.093  1286  1319 E thermal_core: encrypted_policy 0
11-09 00:37:47.093  1286  1319 I thermal_core: g_catm.sensor_name: ap_ntc
11-09 00:37:47.093  1046  1126 I libPowerHal: [setClusterHardFreq] MTKPOWER_HINT_PACK_SWITCH: hard userlimit set cpu freq: -1 -1 -1 -1 -1 -1
11-09 00:37:47.093  1046  1126 I libPowerHal: [thermal ux] update cluster0 to freqToSet:2000000 maxToSet:2000000
11-09 00:37:47.093  1286  1319 I thermal_core: overheat_warning sensor_name ap_ntc
11-09 00:37:47.093  1046  1126 I libPowerHal: [thermal ux] update cluster1 to freqToSet:3000000 maxToSet:3000000
11-09 00:37:47.093  1046  1126 I libPowerHal: [thermal ux] update cluster2 to freqToSet:3100000 maxToSet:3100000
11-09 00:37:47.093  1026  1042 W android.hardware.thermal@2.0-service.mtk: parseMsg: Get from client TYPE=thermal_hal_update NAME=SKIN THRESHOLD=50
11-09 00:37:47.093  1046  1126 I libPowerHal: [setClusterFreq] MTKPOWER_HINT_PACK_SWITCH: sysfs_freq set cpu freq: 2000000 -1 3000000 -1 3100000 -1 
11-09 00:37:47.093  1026  1042 I android.hardware.thermal@2.0-service.mtk: thermal update  name: SKIN hotThrottlingThresholds: 50
11-09 00:37:47.093  1026  1042 W android.hardware.thermal@2.0-service.mtk: parseMsg: Get from client TYPE=thermal_hal_update NAME=SKIN CRITICAL=59
11-09 00:37:47.094  1026  1042 I android.hardware.thermal@2.0-service.mtk: thermal update  name: SKIN hotThrottlingThresholds: 59
11-09 00:37:47.094  1026  1042 W android.hardware.thermal@2.0-service.mtk: parseMsg: Get from client TYPE=thermal_hal_update NAME=SKIN EMERGENCY=61
11-09 00:37:47.094  1026  1042 I android.hardware.thermal@2.0-service.mtk: thermal update  name: SKIN hotThrottlingThresholds: 61
11-09 00:37:47.094  1286  1319 I thermal_core: cmd=apply arg1=thermal.conf done
11-09 00:37:47.094  1026  1042 W android.hardware.thermal@2.0-service.mtk: parseMsg: Get from client TYPE=thermal_hal_update NAME=SKIN SHUTDOWN=83
11-09 00:37:47.094  1026  1042 I android.hardware.thermal@2.0-service.mtk: thermal update  name: SKIN hotThrottlingThresholds: 83
11-09 00:37:47.094  1026  1042 I android.hardware.thermal@2.0-service.mtk: Wait to accept a connection
11-09 00:37:47.094  1789  2089 E TranCPUBooster: boostscene6 get uas mask= 31
11-09 00:37:47.094  1789  5874 I ActivityTaskManager: START u0 {act=android.intent.action.MAIN cat=[android.intent.category.LAUNCHER] flg=0x10200000 cmp=host.exp.exponent/.experience.HomeActivity} with LAUNCH_SINGLE_TASK from uid 2000 (BAL_ALLOW_PERMISSION) result code=2
11-09 00:37:47.094  1789  5874 I ActivityTaskManager: Add pending draw ActivityRecord{70085d8 u0 host.exp.exponent/.experience.HomeActivity t829}
11-09 00:37:47.094  1789  1991 I mtkpower_client: perf_cus_lock_hint hint:101, dur:1000, pid:1789
11-09 00:37:47.094  1789  1991 I mtkpower_client: perf_cus_lock_hint, ret_hdl:175530
11-09 00:37:47.094  1789  2089 I Process : String at 0: 0x788f8f5601 = ProcessCapacityNormal
11-09 00:37:47.095  1046  1126 I libPowerHal: [setGPUFreq] MTKPOWER_HINT_LAUNCHER_ANIMA user set gpu freq min:0, max:-1
11-09 00:37:47.095  1046  1126 I libPowerHal: MTKPOWER_HINT_LAUNCHER_ANIMA: set gpu opp level: 0
11-09 00:37:47.095  1046  1126 I libPowerHal: MTKPOWER_HINT_LAUNCHER_ANIMA: set gpu opp level max: 0
11-09 00:37:47.095 31676 31676 I Monkey  : Events injected: 1
11-09 00:37:47.095  1046  1126 I libPowerHal: [setGPUFreq] Soft min/max = (0, 0); Hard min/max = (41, 0)
11-09 00:37:47.095  1046  1126 I libPowerHal: [setGPUFreq] final min/max = (0, 0)
11-09 00:37:47.095  1046  1126 I libPowerHal: MTKPOWER_HINT_LAUNCHER_ANIMA: set gpu opp level: 0
11-09 00:37:47.095  1789  2089 E TranCPUBooster: Failed to setThreadAffinity:
11-09 00:37:47.095  1789  2089 E TranCPUBooster: java.lang.IllegalArgumentException: Invalid argument: 423
11-09 00:37:47.095  1046  1126 I libPowerHal: MTKPOWER_HINT_LAUNCHER_ANIMA: set gpu opp level max: 0
11-09 00:37:47.097  3358  3411 W ShellEventHandler: onPostRequestStartTransition last token is not null android.os.BinderProxy@9f8ff08, there is a bug here, please check logcat
11-09 00:37:47.098  3344  3344 I TopTaskTracker: onTaskMovedToFront: (moved taskInfo to front) taskId=829, baseIntent=Intent { act=android.intent.action.MAIN cat=[android.intent.category.LAUNCHER] flg=0x10200000 pkg=host.exp.exponent cmp=host.exp.exponent/.experience.HomeActivity }
11-09 00:37:47.100  1020  1624 I hwcomposer: [DRMDEV] (0) failed to waitNextVsync: -1  
11-09 00:37:47.101  1086  3083 I BufferQueueDebug: [5ffc9ab SnapshotStartingWindow for taskId=829#14115](this:0xb4000073cf3af4c8,id:-1,api:0,p:-1,c:-1) BufferQueue core=(1086:/system/bin/surfaceflinger)
11-09 00:37:47.104  1789  3218 I Hiber/appStateMachine: uid:10304 exit RunningState
11-09 00:37:47.104  1789  3218 I Hiber/appStateMachine: uid:10249 enter RunningState
11-09 00:37:47.104  1789  2590 W WindowManager: Changing focus from Window{9524032 u0 com.whatsapp/com.whatsapp.home.ui.HomeActivity} to null displayId=0 Callers=com.android.server.wm.RootWindowContainer.updateFocusedWindowLocked:528 com.android.server.wm.WindowManagerService.updateFocusedWindowLocked:6844 com.android.server.wm.ActivityTaskManagerService.setLastResumedActivityUncheckLocked:5662 com.android.server.wm.ActivityTaskSupervisor.updateTopResumedActivityIfNeeded:2509 
11-09 00:37:47.104  1789  2590 I TranSCSourceConnectManagerImpl: hookDisplayResumedActivityChanged displayId: 0 packageName: host.exp.exponent
11-09 00:37:47.104  1789  2590 I PowerHalWrapper: amsBoostNotify pid:17366,activity:host.exp.exponent.experience.HomeActivity, package:host.exp.exponent, mProcessCreatePackcom.whatsapp 
11-09 00:37:47.104  1789  2590 I PowerHalWrapper: state: 1 
11-09 00:37:47.104  1086  1086 I BpBinder: onLastStrongRef automatically unlinking death recipients: 
11-09 00:37:47.105  1789  2590 I ScnModule: [GameDetection] packname: host.exp.exponent, apkSize: 43378703. 
11-09 00:37:47.105  1789  2590 I mtkpower_client: [PowerHal_Wrap_notifyAppState] host.exp.exponent/host.exp.exponent.experience.HomeActivity pid=17366 activityId:117474776 state:1
11-09 00:37:47.105  1789  2590 I mtkpower_client: [Legacy][PowerHal_Wrap_notifyAppState] host.exp.exponent/host.exp.exponent.experience.HomeActivity pid=17366 state:117474776
11-09 00:37:47.105  1020  1256 I hwcomposer: [HWCDisplay] [Display_0 (type:1)] fps:0.604465,dur:1654.36,max:1654.36,min:1654.36  
11-09 00:37:47.105  1789  1916 I DisplayDeviceRepository: Display device changed: DisplayDeviceInfo{"Built-in Screen": uniqueId="local:0", 1080 x 2436, modeId 3, renderFrameRate 60.000004, defaultModeId 1, userPreferredModeId -1, supportedModes [{id=1, width=1080, height=2436, fps=144.00002, vsync=144.00002, synthetic=false, alternativeRefreshRates=[40.0, 60.0, 120.00001], supportedHdrTypes=[2, 3, 4]}, {id=2, width=1080, height=2436, fps=120.00001, vsync=120.00001, synthetic=false, alternativeRefreshRates=[40.0, 60.0, 144.00002], supportedHdrTypes=[2, 3, 4]}, {id=3, width=1080, height=2436, fps=60.0, vsync=60.0, synthetic=false, alternativeRefreshRates=[40.0, 120.00001, 144.00002], supportedHdrTypes=[2, 3, 4]}, {id=4, width=1080, height=2436, fps=40.0, vsync=40.0, synthetic=false, alternativeRefreshRates=[60.0, 120.00001, 144.00002], supportedHdrTypes=[2, 3, 4]}], colorMode 0, supportedColorModes [0, 7, 9], hdrCapabilities HdrCapabilities{mSupportedHdrTypes=[2, 3, 4], mMaxLuminance=500.0, mMaxAverageLuminance=500.0, mMinLuminance=0.0}, allmSupported false, gameContentTypeSupported false, density 480, 394.818 x 392.828 dpi, appVsyncOff 1133334, presDeadline 16600000, cutout DisplayCutout{insets=Rect(0, 108 - 0, 0) waterfall=Insets{left=0, top=0, right=0, bottom=0} boundingRect={Bounds=[Rect(0, 0 - 0, 0), Rect(468, 0 - 612, 108), Rect(0, 0 - 0, 0), Rect(0, 0 - 0, 0)]} cutoutPathParserInfo={CutoutPathParserInfo{displayWidth=1080 displayHeight=2436 physicalDisplayWidth=1080 physicalDisplayHeight=2436 density={3.0} cutoutSpec={M -24,0 L -24,36 L 24,36 L 24,0 Z @dp} rotation={0} scale={1.0} physicalPixelDisplaySizeRatio={1.0}}} sideOverrides={}}, touch INTERNAL, rotation 0, type INTERNAL, address {port=0}, deviceProductInfo null, state ON, committedState ON, frameRateOverride , brightnessMinimum 0.0, brightnessMaximum 1.0, brightnessDefault 0.2, hdrSdrRatio NaN, FLAG_ALLOWED_TO_BE_DEFAULT_DISPLAY, FLAG_ROTATES_WITH_CONTENT, FLAG_SECURE, FLAG_SUPPORTS_PROTECTED_BUFFERS, FLAG_TRUSTED, installOrientation 0, displayShape DisplayShape{ spec=596679847 displayWidth=1080 displayHeight=2436 physicalPixelDisplaySizeRatio=1.0 rotation=0 offsetX=0 offsetY=0 scale=1.0}}
11-09 00:37:47.106  1789  2590 I PowerHalWrapper: amsBoostNotify AMS_BOOST_PROCESS_CREATE_BOOST:false 
11-09 00:37:47.106  1789  2590 I System.out: [scale_ufs_gear] pakname is not antutu: host.exp.exponent, file is not exist: false
11-09 00:37:47.107  1789  1914 E ApplicationHelper: Fail to get PackageManager
11-09 00:37:47.107  1789  5019 I TranTp/TranTpSwitchManagerImpl: Set [host.exp.exponent] is tp rate as default.
11-09 00:37:47.107  1789  5019 W System.err: java.io.FileNotFoundException: /proc/report_rate_switch: open failed: ENOENT (No such file or directory)
11-09 00:37:47.107  1789  5019 W System.err: 	at libcore.io.IoBridge.open(IoBridge.java:574)
11-09 00:37:47.107  1789  5019 W System.err: 	at java.io.FileOutputStream.<init>(FileOutputStream.java:259)
11-09 00:37:47.107  1789  5019 W System.err: 	at java.io.FileOutputStream.<init>(FileOutputStream.java:147)
11-09 00:37:47.107  1789  5019 W System.err: 	at com.transsion.server.tpswitch.TranTpSwitchManagerImpl.sendCommand(TranTpSwitchManagerImpl.java:311)
11-09 00:37:47.107  1789  5019 W System.err: 	at com.transsion.server.tpswitch.TranTpSwitchManagerImpl.setDefaultTpRate(TranTpSwitchManagerImpl.java:267)
11-09 00:37:47.107  1789  5019 W System.err: 	at com.transsion.server.tpswitch.TranTpSwitchManagerImpl.setTpRate(TranTpSwitchManagerImpl.java:293)
11-09 00:37:47.107  1789  5019 W System.err: 	at com.transsion.server.tpswitch.TranTpSwitchManagerImpl.-$$Nest$msetTpRate(TranTpSwitchManagerImpl.java:0)
11-09 00:37:47.107  1789  5019 W System.err: 	at com.transsion.server.tpswitch.TranTpSwitchManagerImpl$1.onAppLaunch(TranTpSwitchManagerImpl.java:93)
11-09 00:37:47.107  1789  5019 W System.err: 	at com.transsion.griffin.core.HookerImpl$b.run(SourceFile:1)
11-09 00:37:47.107  1789  5019 W System.err: 	at android.os.Handler.handleCallback(Handler.java:959)
11-09 00:37:47.107  1789  5019 W System.err: 	at android.os.Handler.dispatchMessage(Handler.java:100)
11-09 00:37:47.107  1789  5019 W System.err: 	at android.os.Looper.loopOnce(Looper.java:311)
11-09 00:37:47.107  1789  5019 W System.err: 	at android.os.Looper.loop(Looper.java:408)
11-09 00:37:47.107  1789  5019 W System.err: 	at android.os.HandlerThread.run(HandlerThread.java:85)
11-09 00:37:47.107  1046  1126 I libPowerHal: [perfNotifyAppState] pack:host.exp.exponent, act:host.exp.exponent.experience.HomeActivity, state:1, pid:17366, uid:10304, fps:-1
11-09 00:37:47.107  1046  1126 I libPowerHal: [perfNotifyAppState] foreground:host.exp.exponent, pid:17366, uid:10304
11-09 00:37:47.107  1789  5019 W System.err: Caused by: android.system.ErrnoException: open failed: ENOENT (No such file or directory)
11-09 00:37:47.107  1789  5019 W System.err: 	at libcore.io.Linux.open(Native Method)
11-09 00:37:47.107  1789  5019 W System.err: 	at libcore.io.ForwardingOs.open(ForwardingOs.java:568)
11-09 00:37:47.107  1789  5019 W System.err: 	at libcore.io.BlockGuardOs.open(BlockGuardOs.java:274)
11-09 00:37:47.107  1789  5019 W System.err: 	at libcore.io.IoBridge.open(IoBridge.java:560)
11-09 00:37:47.107  1789  5019 W System.err: 	... 13 more
11-09 00:37:47.108  1046  1126 I UxUtility: notifyForegroundApp pack:host.exp.exponent, uid:10304
11-09 00:37:47.108  1046  1126 I TouchUtility: notifyAppState error = NULL
11-09 00:37:47.108  1789  2590 I TranSCSourceConnectManagerImpl: hookDisplayResumedActivityChanged displayId: 0 packageName: host.exp.exponent
11-09 00:37:47.108  1046  1096 I mtkpower@impl: [notifyAppState] pc:0, com.whatsapp => host.exp.exponent
11-09 00:37:47.108  5614  6260 I SimpleEventAdapt: onActivityEvent get com.whatsapp, com.whatsapp.home.ui.HomeActivity,false
11-09 00:37:47.108  5614  6260 I SimpleEventAdapt: notifyEvent2  activity_event
11-09 00:37:47.108  5614  6260 I SimpleEventAdapt: notifyEvent  1
11-09 00:37:47.108  5614  6260 I SimpleEventAdapt: onActivityEvent get host.exp.exponent, host.exp.exponent.experience.HomeActivity,true
11-09 00:37:47.108  5614  6260 I SimpleEventAdapt: notifyEvent2  activity_event
11-09 00:37:47.108  5614  6260 I SimpleEventAdapt: notifyEvent  1
11-09 00:37:47.108  5614  6260 I SimpleEventAdapt: onAppForegroundEvent get com.whatsapp, false
11-09 00:37:47.108  5614  6260 I SimpleEventAdapt: notifyEvent2  app_foreground
11-09 00:37:47.108  5614  6260 I SimpleEventAdapt: notifyEvent  1
11-09 00:37:47.108  5614  6260 I SimpleEventAdapt: onAppForegroundEvent get host.exp.exponent, true
11-09 00:37:47.108  5614  6260 I SimpleEventAdapt: notifyEvent2  app_foreground
11-09 00:37:47.108  5614  6260 I SimpleEventAdapt: notifyEvent  1
11-09 00:37:47.109  5614  6260 I SimpleEventAdapt: onAppStartEvent get host.exp.exponent,start true
11-09 00:37:47.109  5614 31614 I CacheManager:  save new data to cache activity_event
11-09 00:37:47.109  5614 31614 I bsc     : notifyDataChange in activity_event, 1
11-09 00:37:47.109  5614 31614 I DataServiceImplV2: StandardDataService notifyDataChange  in 
11-09 00:37:47.109  5614 31614 I CacheManager:  save new data to cache activity_event
11-09 00:37:47.109  5614 31614 I bsc     : notifyDataChange in activity_event, 1
11-09 00:37:47.109  5614 31614 I DataServiceImplV2: StandardDataService notifyDataChange  in 
11-09 00:37:47.109  5614 31615 I DataServiceImplV2: StandardDataService notifyDataChange  curServiceName StandardDataService type:activity_event
11-09 00:37:47.109  5614 31614 I CacheManager:  save new data to cache app_foreground
11-09 00:37:47.109  5614 31614 I bsc     : notifyDataChange in app_foreground, 1
11-09 00:37:47.109  5614 31615 I Kolun_AI: SystemEventSubscribe: onPublishData {"type":"activity_event","time":1762628867109,"data":"{\"className\":\"com.whatsapp.home.ui.HomeActivity\",\"isResumed\":false,\"packageName\":\"com.whatsapp\"}","provider":"dc","dc_version":2030370000,"data_version":1,"user_id":0}
11-09 00:37:47.109  5614 31615 I Kolun_AI: SystemEventSubscribe: publisher.getMatcher() activity_event
11-09 00:37:47.109  5614 31614 I DataServiceImplV2: StandardDataService notifyDataChange  in 
11-09 00:37:47.109  5614 31615 I ApiInvoke1.7.1: SubscribeManager: publishData success host DataCenter#StandardDataService matcher activity_event
11-09 00:37:47.109  5614 31614 I CacheManager:  save new data to cache app_foreground
11-09 00:37:47.109  5614 31615 W ApiInvoke1.7.1: SubscribeBusServerImpl: onSafePublishData start ==>> publisher Publisher{channel='DataCenter', apiName='StandardDataService', label='activity_event'}
11-09 00:37:47.109  5614 31614 I bsc     : notifyDataChange in app_foreground, 1
11-09 00:37:47.109  5614 31614 I DataServiceImplV2: StandardDataService notifyDataChange  in 
11-09 00:37:47.109  5614 31615 W ApiInvoke1.7.1: SubscribeBusServerImpl: onSafePublishData, post publish data form DataCenter to {"pid": "5614","process": "com.transsion.kolun.aiservice","packageName": "com.transsion.kolun.aiservice","channels": ["APPService","AiEngine","GlobalGuideChannel","DataCenter"],"version": "1.7.1"} pid 5614 isPublishLocal true isInvalidPublisher false
11-09 00:37:47.109  5614 31615 W ApiInvoke1.7.1: ApiRequest: do publishData to remote activity_event
11-09 00:37:47.109  5614 31615 I DataServiceImplV2: StandardDataService notifyDataChange  curServiceName StandardDataService type:activity_event
11-09 00:37:47.109  5614 31615 I Kolun_AI: SystemEventSubscribe: onPublishData {"type":"activity_event","time":1762628867109,"data":"{\"className\":\"host.exp.exponent.experience.HomeActivity\",\"isResumed\":true,\"packageName\":\"host.exp.exponent\"}","provider":"dc","dc_version":2030370000,"data_version":1,"user_id":0}
11-09 00:37:47.109  5614 31615 I Kolun_AI: SystemEventSubscribe: publisher.getMatcher() activity_event
11-09 00:37:47.109  5614 31615 I ApiInvoke1.7.1: SubscribeManager: publishData success host DataCenter#StandardDataService matcher activity_event
11-09 00:37:47.105  5922  6752 I SmartPanelService: onTaskFocusChanged taskId: 843  focused: false
11-09 00:37:47.109  1789  2590 I DreamAnimation:  hookAppTransitSuccess called,  mState=7 and doUnlockAnimation=0
11-09 00:37:47.109  5614 31615 W ApiInvoke1.7.1: SubscribeBusServerImpl: onSafePublishData start ==>> publisher Publisher{channel='DataCenter', apiName='StandardDataService', label='activity_event'}
11-09 00:37:47.109  5922  6752 I SmartPanelService: onTaskFocusChanged taskId: 829  focused: true
11-09 00:37:47.109  5614 31615 W ApiInvoke1.7.1: SubscribeBusServerImpl: onSafePublishData, post publish data form DataCenter to {"pid": "5614","process": "com.transsion.kolun.aiservice","packageName": "com.transsion.kolun.aiservice","channels": ["APPService","AiEngine","GlobalGuideChannel","DataCenter"],"version": "1.7.1"} pid 5614 isPublishLocal true isInvalidPublisher false
11-09 00:37:47.109  5614 31615 W ApiInvoke1.7.1: ApiRequest: do publishData to remote activity_event
11-09 00:37:47.109  5614 31615 I DataServiceImplV2: StandardDataService notifyDataChange  curServiceName StandardDataService type:app_foreground
11-09 00:37:47.109  1789  2590 I Transition: ignoreThunderbackTransition back= false change= false
11-09 00:37:47.109  5614 31615 I Kolun_AI: SystemEventSubscribe: onPublishData {"type":"app_foreground","time":1762628867109,"data":"{\"isForeground\":false,\"packageName\":\"com.whatsapp\"}","provider":"dc","dc_version":2030370000,"data_version":1,"user_id":0}
11-09 00:37:47.109  5614 31615 I Kolun_AI: SystemEventSubscribe: publisher.getMatcher() app_foreground
11-09 00:37:47.110  5614 31615 I Kolun_AI: SystemEventSubscribeheh:SimpleEventBus post event AppForegroundEvent{mPackageName='com.whatsapp', mIsForeground=false} 1762628867109
11-09 00:37:47.110  5922  7047 I SmartPanelService: activityCheck pkgName: host.exp.exponent, className: host.exp.exponent.experience.HomeActivity isResume=true isDrawn = false
11-09 00:37:47.110  5614 31615 I ApiInvoke1.7.1: SubscribeManager: publishData success host DataCenter#StandardDataService matcher app_foreground
11-09 00:37:47.110  5922  7047 I MultiWindowUtils: pkg in multi window
11-09 00:37:47.110  5614 31615 W ApiInvoke1.7.1: SubscribeBusServerImpl: onSafePublishData start ==>> publisher Publisher{channel='DataCenter', apiName='StandardDataService', label='app_foreground'}
11-09 00:37:47.110  1086  3083 I BufferQueueDebug: [Transition Root: Task=829#14116](this:0xb4000073cf33a8b8,id:-1,api:0,p:-1,c:-1) BufferQueue core=(1086:/system/bin/surfaceflinger)
11-09 00:37:47.110 17366 17366 W SoLoader: SoLoader already initialized
11-09 00:37:47.110  1789  2590 I Transition: updateFlagsFromDynamicIslandToWindow pkgName = host.exp.exponent flagsArr[0] = 0
11-09 00:37:47.110 17366 17366 W unknown:BridgelessReact: ReactHost{0}.onHostResume(activity)
11-09 00:37:47.110 17366 17366 W unknown:BridgelessReact: ReactContext.onHostResume()
11-09 00:37:47.110  5614 31615 W ApiInvoke1.7.1: SubscribeBusServerImpl: onSafePublishData, post publish data form DataCenter to {"pid": "5614","process": "com.transsion.kolun.aiservice","packageName": "com.transsion.kolun.aiservice","channels": ["APPService","AiEngine","GlobalGuideChannel","DataCenter"],"version": "1.7.1"} pid 5614 isPublishLocal true isInvalidPublisher false
11-09 00:37:47.110  5614 31615 W ApiInvoke1.7.1: ApiRequest: do publishData to remote app_foreground
11-09 00:37:47.110  5614  5820 I Kolun_AI: SceneIdentify:onBusEvent AppForegroundEvent   com.whatsapp, false, SceneIdentify
11-09 00:37:47.110  5614 31615 I DataServiceImplV2: StandardDataService notifyDataChange  curServiceName StandardDataService type:app_foreground
11-09 00:37:47.110  5614  5820 I Kolun_AI: PreventAccidentalTouchScene:mIsSceneIn: false
11-09 00:37:47.110  5614  5820 I Kolun_AI: SceneIdentify:checkShortVideo com.whatsapp false 
11-09 00:37:47.110  5614  5820 I Kolun_AI: SceneIdentify:isShortVideoPkg false
11-09 00:37:47.110  5614  5820 I Kolun_AI: SceneIdentify:checkGameOut  com.whatsapp, 
11-09 00:37:47.110  5614  5820 I Kolun_AI: SceneIdentify:checkSocialOut  com.whatsapp, com.whatsapp
11-09 00:37:47.110  5614 31615 I Kolun_AI: SystemEventSubscribe: onPublishData {"type":"app_foreground","time":1762628867109,"data":"{\"isForeground\":true,\"packageName\":\"host.exp.exponent\"}","provider":"dc","dc_version":2030370000,"data_version":1,"user_id":0}
11-09 00:37:47.110  5614  5820 I Kolun_AI: SceneIdentify:sendSceneOut reason social, from com.whatsapp
11-09 00:37:47.110  1789  2590 I Transition: updateFlagsFromDynamicIslandToWindow pkgName = com.whatsapp flagsArr[0] = 0
11-09 00:37:47.110  5614  5820 I Kolun_AI: TipsSceneService:onSceneEvent enable false
11-09 00:37:47.111  5614  5820 E CommonDataParser: getParser failed Attempt to invoke virtual method 'java.lang.reflect.Constructor java.lang.Class.getConstructor(java.lang.Class[])' on a null object reference
11-09 00:37:47.111  5614  5820 W DC_ADS  : saveAdvanceDataWithIndex :alg_trans_scene_event, parser com.transsion.kolun.aidatacenter.collect.parser.CommonDataParser$DefParser@e4feb41 index social
11-09 00:37:47.111  5614  5820 I CacheManager:  save new data to cache alg_trans_scene_event
11-09 00:37:47.111  5614  5820 I Kolun_AI: AIEngineUtils:saveAdvanceData, success true resultCode 0 errorMsg success type alg_trans_scene_event data {"state":1,"reason":"social","from":"com.whatsapp","size":-1}
11-09 00:37:47.111  5614  5820 I Kolun_AI: AppPredictManager:onBusEvent com.whatsapp false
11-09 00:37:47.111  5614  5820 I Kolun_AI: AIM_AppRecManager:new appEvent AppEvent{pkg=com.whatsapp startTime=2025-11-09 00:37:20.874 duration=26237}
11-09 00:37:47.111  5614  5820 I Kolun_AI: AIM_AppServiceManager:updateLastOneHourApps: 45 com.whatsapp
11-09 00:37:47.111  5614 31615 I Kolun_AI: SystemEventSubscribe: publisher.getMatcher() app_foreground
11-09 00:37:47.111  5614 31615 I ApiInvoke1.7.1: SubscribeManager: publishData success host DataCenter#StandardDataService matcher app_foreground
11-09 00:37:47.111  5614 31615 W ApiInvoke1.7.1: SubscribeBusServerImpl: onSafePublishData start ==>> publisher Publisher{channel='DataCenter', apiName='StandardDataService', label='app_foreground'}
11-09 00:37:47.111  5614 31615 W ApiInvoke1.7.1: SubscribeBusServerImpl: onSafePublishData, post publish data form DataCenter to {"pid": "5614","process": "com.transsion.kolun.aiservice","packageName": "com.transsion.kolun.aiservice","channels": ["APPService","AiEngine","GlobalGuideChannel","DataCenter"],"version": "1.7.1"} pid 5614 isPublishLocal true isInvalidPublisher false
11-09 00:37:47.111  5614 31615 W ApiInvoke1.7.1: ApiRequest: do publishData to remote app_foreground
11-09 00:37:47.112  5614 31614 I DC_ADS  : saveAdvanceData notifyDataChange :alg_trans_scene_event, collector alg_trans_scene_event
11-09 00:37:47.112  5614 31614 I bsc     : notifyDataChange in alg_trans_scene_event, 1
11-09 00:37:47.112  5614 31614 I DataServiceImplV2: AdvancedDataService notifyDataChange  in 
11-09 00:37:47.112  5614 31617 I DataServiceImplV2: AdvancedDataService notifyDataChange  curServiceName AdvancedDataService type:alg_trans_scene_event
11-09 00:37:47.112  5614 31617 I ApiInvoke1.7.1: SubscribeManager: publishData success host DataCenter#AdvancedDataService matcher alg_trans_scene_event
11-09 00:37:47.112  5614 31617 W ApiInvoke1.7.1: SubscribeBusServerImpl: onSafePublishData start ==>> publisher Publisher{channel='DataCenter', apiName='AdvancedDataService', label='alg_trans_scene_event'}
11-09 00:37:47.112  5614 31617 W ApiInvoke1.7.1: SubscribeBusServerImpl: onSafePublishData, post publish data form DataCenter to {"pid": "3635","process": "com.android.phone","packageName": "com.android.phone","channels": ["com.android.phone"],"version": "1.5.100"} pid 5614 isPublishLocal false isInvalidPublisher false
11-09 00:37:47.113  5614 31617 W ApiInvoke1.7.1: ApiRequest: do publishData to remote alg_trans_scene_event
11-09 00:37:47.114  1789  1789 E MBrainLocalService: notifyAppSwitch failed
11-09 00:37:47.114  1789  1914 E ApplicationHelper: Fail to get PackageManager
11-09 00:37:47.115  3635  4491 I ApiInvoke1.5.100: SubscribeManager: copy subscriber size = 1
11-09 00:37:47.115  3635  4491 I ApiInvoke1.5.100: SubscribeManager: publishData success host DataCenter#AdvancedDataService matcher alg_trans_scene_event
11-09 00:37:47.115  1005 31692 I resolv  : GetAddrInfoHandler::run: {133 133 133 983173 10304 0}
11-09 00:37:47.116  1005 31693 I resolv  : res_nmkquery: (QUERY, IN, A)
11-09 00:37:47.116  1086  3083 I BufferQueueDebug: [Surface(name=2c79265 StatusBar)/@0x2760ade - animation-leash of insets_animation#14117](this:0xb4000073cf334d98,id:-1,api:0,p:-1,c:-1) BufferQueue core=(1086:/system/bin/surfaceflinger)
11-09 00:37:47.117  1005  1288 I netd    : tetherGetStats() -> {[]} <0.57ms>
11-09 00:37:47.117  1086  3083 I BufferQueueDebug: [Surface(name=952f920 NavigationBar0)/@0x20b96bd - animation-leash of insets_animation#14118](this:0xb4000073cf2f6338,id:-1,api:0,p:-1,c:-1) BufferQueue core=(1086:/system/bin/surfaceflinger)
11-09 00:37:47.118  1789  2653 W JobScheduler.Concurrency: Had fewer than 16 in existence
11-09 00:37:47.118  1789  2653 W JobScheduler.Concurrency: Had fewer than 16 in existence
11-09 00:37:47.118  1789  2653 W JobScheduler.Concurrency: Had fewer than 16 in existence
11-09 00:37:47.119  1086  3083 I BufferQueueDebug: [110fd31 ActivityRecordInputSink host.exp.exponent/.experience.HomeActivity#14119](this:0xb4000073cf2e2448,id:-1,api:0,p:-1,c:-1) BufferQueue core=(1086:/system/bin/surfaceflinger)
11-09 00:37:47.119  1789  1914 E ApplicationHelper: Fail to get PackageManager
11-09 00:37:47.121  1789  2653 I tranpm/ServicePolicy: isBlockHsB1 true
11-09 00:37:47.122  1789  2653 I tranpm/ServicePolicy: limitBindServiceLocked by hs&job - cold: callingPackage = android, targetPkg = com.ril.ajio
11-09 00:37:47.122  1086  3083 I SurfaceFlinger: onHandleDestroyed: name=Surface(name=2c79265 StatusBar)/@0x2760ade - animation-leash of insets_animation#14109, layerId=14109, parentId=0
11-09 00:37:47.122  1086  3083 I SurfaceFlinger: onHandleDestroyed: name=Surface(name=952f920 NavigationBar0)/@0x20b96bd - animation-leash of insets_animation#14110, layerId=14110, parentId=0
11-09 00:37:47.123  1789  2653 W ActivityManager: Unbind failed: could not find connection for android.app.LoadedApk$ServiceDispatcher$InnerConnection@21c827c
11-09 00:37:47.123  1086  3083 I BufferQueueDebug: [host.exp.exponent/host.exp.exponent.experience.HomeActivity#14120](this:0xb4000073cf38a478,id:-1,api:0,p:-1,c:-1) BufferQueue core=(1086:/system/bin/surfaceflinger)
11-09 00:37:47.123  1789  2653 E JobScheduler.Concurrency: Error executing JobStatus{58af1f9 androidx.work.systemjobscheduler:u0a324/154 @androidx.work.systemjobscheduler@com.ril.ajio/androidx.work.impl.background.systemjob.SystemJobService u=0 s=10324 TIME=-11h21m22s193ms:none NET BATNOTLOW READY}
11-09 00:37:47.124  1789  3955 W WindowManager: Changing focus from null to Window{ff23b34 u0 host.exp.exponent/host.exp.exponent.experience.HomeActivity} displayId=0 Callers=com.android.server.wm.RootWindowContainer.updateFocusedWindowLocked:528 com.android.server.wm.WindowManagerService.updateFocusedWindowLocked:6844 com.android.server.wm.WindowManagerService.relayoutWindowInner:2851 com.android.server.wm.WindowManagerService.relayoutWindow:2512 
11-09 00:37:47.124  1789  3955 I WindowManager: Relayout Window{ff23b34 u0 host.exp.exponent/host.exp.exponent.experience.HomeActivity}: oldVis=8 newVis=0 focusMayChange = true requestedWidth = 1080 requestedHeight = 2436 outFrames = ClientWindowFrames{frame=[0,0][1080,2436] display=[0,0][1080,2436] parentFrame=[0,0][0,0]} outSurfaceControl = Surface(name=host.exp.exponent/host.exp.exponent.experience.HomeActivity)/@0x284335a
11-09 00:37:47.125  1086  3083 I BufferQueueDebug: [SnapshotStartingWindow for taskId=829#14121](this:0xb4000073cf36dcd8,id:-1,api:0,p:-1,c:-1) BufferQueue core=(1086:/system/bin/surfaceflinger)
11-09 00:37:47.125  1789  2653 I tranpm/ServicePolicy: isBlockHsB1 true
11-09 00:37:47.125  1789  2653 I tranpm/ServicePolicy: limitBindServiceLocked by hs&job - cold: callingPackage = android, targetPkg = com.facebook.katana
11-09 00:37:47.125  1010 29980 W AudioALSACaptureDataProviderNormal: readThread, latency_in_s,0.000000,0.039597,0.000013, totalTime 0.039610 > logTimeout 0.022000 TIMEOUT!!
11-09 00:37:47.125  1005 31698 I resolv  : GetAddrInfoHandler::run: {133 133 133 983173 10304 0}
11-09 00:37:47.126  1789  2653 W ActivityManager: Unbind failed: could not find connection for android.app.LoadedApk$ServiceDispatcher$InnerConnection@5ed4a68
11-09 00:37:47.126  1789  2653 E JobScheduler.Concurrency: Error executing JobStatus{d673b5b #u0a341/2131366263 com.facebook.katana/com.facebook.analytics2.logger.legacy.uploader.LollipopUploadService u=0 s=10341 TIME=-8m25s814ms:-8m25s814ms NET READY}
11-09 00:37:47.126  1005 31699 I resolv  : res_nmkquery: (QUERY, IN, A)
11-09 00:37:47.126  1005 31699 I resolv  : resolv_cache_lookup: Waiting for previous request
11-09 00:37:47.127  1005 31700 I resolv  : GetAddrInfoHandler::run: {133 133 133 983173 10304 0}
11-09 00:37:47.127  1005 31701 I resolv  : res_nmkquery: (QUERY, IN, A)
11-09 00:37:47.127  1005 31701 I resolv  : resolv_cache_lookup: Waiting for previous request
11-09 00:37:47.127  1005 31702 I resolv  : GetAddrInfoHandler::run: {133 133 133 983173 10304 0}
11-09 00:37:47.128  1005 31703 I resolv  : res_nmkquery: (QUERY, IN, A)
11-09 00:37:47.128  1005 31703 I resolv  : resolv_cache_lookup: Waiting for previous request
11-09 00:37:47.128  1789  5890 I WindowManager: Relayout Window{5ffc9ab u0 SnapshotStartingWindow for taskId=829}: oldVis=8 newVis=0 focusMayChange = true requestedWidth = -1 requestedHeight = -1 outFrames = ClientWindowFrames{frame=[0,0][1080,2436] display=[0,0][1080,2436] parentFrame=[0,0][0,0]} outSurfaceControl = Surface(name=SnapshotStartingWindow for taskId=829)/@0x6c22b26
11-09 00:37:47.128  1789  3894 I TranThermalBacklightCtrl: cur package [host.exp.exponent] is in TemperatureControlWhitelist
11-09 00:37:47.128  1789  3894 I TranThermalBacklightCtrl: mParamAPTempHigh[0]=45.0, mParamAPTempLow[0]=43.0, mParamBrightnessMax[0]=0.79999995, mParamLuxLimit[0]=0.0
11-09 00:37:47.128  1789  3894 I TranThermalBacklightCtrl: mParamAPTempHigh[1]=49.0, mParamAPTempLow[1]=47.0, mParamBrightnessMax[1]=0.7, mParamLuxLimit[1]=0.0
11-09 00:37:47.128  1789  2653 I tranpm/ServicePolicy: isBlockHsB1 true
11-09 00:37:47.129  5922  5922 I SmartPanelRepository: hasLoadData true  data size = 10
11-09 00:37:47.129  1789  2653 I tranpm/ServicePolicy: limitBindServiceLocked by hs&job - cold: callingPackage = android, targetPkg = com.facebook.katana
11-09 00:37:47.129  1005 31693 I resolv  : res_nsend: used send_dg 42 terrno: 0
11-09 00:37:47.129  1005 31699 I resolv  : resolv_cache_lookup: FOUND IN CACHE entry=0xb400007b7001d610
11-09 00:37:47.129  1005 31699 I resolv  : doQuery: rcode=0, ancount=1, return value=42
11-09 00:37:47.129  1005 31693 I resolv  : doQuery: rcode=0, ancount=1, return value=42
11-09 00:37:47.129  1789  2653 W ActivityManager: Unbind failed: could not find connection for android.app.LoadedApk$ServiceDispatcher$InnerConnection@180a514
11-09 00:37:47.129  1005 31703 I resolv  : resolv_cache_lookup: FOUND IN CACHE entry=0xb400007b7001d610
11-09 00:37:47.130  1005 31703 I resolv  : doQuery: rcode=0, ancount=1, return value=42
11-09 00:37:47.130  1789  2653 E JobScheduler.Concurrency: Error executing JobStatus{18bad71 androidx.work.systemjobscheduler:u0a341/897 @androidx.work.systemjobscheduler@com.facebook.katana/androidx.work.impl.background.systemjob.SystemJobService u=0 s=10341 TIME=-6m26s168ms:none NET READY}
11-09 00:37:47.130  1005 31701 I resolv  : resolv_cache_lookup: FOUND IN CACHE entry=0xb400007b7001d610
11-09 00:37:47.130  1005 31701 I resolv  : doQuery: rcode=0, ancount=1, return value=42
11-09 00:37:47.132  1789  1914 E ApplicationHelper: Fail to get PackageManager
11-09 00:37:47.132  1789  1914 E ApplicationHelper: Fail to get PackageManager
11-09 00:37:47.133  1086  3083 I BufferQueueDebug: [Surface(name=TranStartingSurface)/@0x7cad2ee - animation-leash of window_animation#14122](this:0xb4000073cf3c0628,id:-1,api:0,p:-1,c:-1) BufferQueue core=(1086:/system/bin/surfaceflinger)
11-09 00:37:47.133 31676 31676 I Monkey  : ## Network stats: elapsed time=54ms (0ms mobile, 0ms wifi, 54ms not connected)
11-09 00:37:47.134  1789  3719 W UserManagerService: Requested status bar icon for non-badged user 0
11-09 00:37:47.134 31676 31676 I app_process: System.exit called, status: 0
11-09 00:37:47.134 31676 31676 I AndroidRuntime: VM exiting with result code 0.
11-09 00:37:47.135  1086  1086 I BufferQueueDebug: [Surface(name=2c79265 StatusBar)/@0x2760ade - animation-leash of insets_animation#14109](this:0xb4000073cf348c88,id:-1,api:0,p:-1,c:1086) onDestructor()
11-09 00:37:47.135  1086  1086 I BufferQueueDebug: [Surface(name=952f920 NavigationBar0)/@0x20b96bd - animation-leash of insets_animation#14110](this:0xb4000073cf370a68,id:-1,api:0,p:-1,c:1086) onDestructor()
11-09 00:37:47.137  1297  1315 E vendor.transsion.performance.sched@1.0-service: thread_id = ux_exact_android.anim.lf is Invalid
11-09 00:37:47.137  1297  1315 E vendor.transsion.performance.sched@1.0-service: check uxtaglist failed.
11-09 00:37:47.137  5922  7047 I SmartPanelService: onWindowsDrawn pkgName: host.exp.exponent, className: host.exp.exponent.experience.HomeActivity launchState=3 windowsDrawnDelayMs =56
11-09 00:37:47.137  1789  1991 I mtkpower_client: perf_cus_lock_hint hint:101, dur:100, pid:1789
11-09 00:37:47.138  5922  5922 I SmartPanelRepository: hasLoadData true  data size = 10
11-09 00:37:47.138  1046  1126 I libPowerHal: [setGPUFreq] MTKPOWER_HINT_LAUNCHER_ANIMA user set gpu freq min:0, max:-1
11-09 00:37:47.138  1046  1126 I libPowerHal: MTKPOWER_HINT_LAUNCHER_ANIMA: set gpu opp level max: 0
11-09 00:37:47.139  1046  1126 I libPowerHal: [setGPUFreq] Soft min/max = (0, 0); Hard min/max = (41, 0)
11-09 00:37:47.139  1046  1126 I libPowerHal: [setGPUFreq] final min/max = (0, 0)
11-09 00:37:47.139  1046  1126 I libPowerHal: MTKPOWER_HINT_LAUNCHER_ANIMA: set gpu opp level: 0
11-09 00:37:47.139  1046  1126 I libPowerHal: MTKPOWER_HINT_LAUNCHER_ANIMA: set gpu opp level max: 0
11-09 00:37:47.139  1789  1991 I mtkpower_client: perf_cus_lock_hint, ret_hdl:175531
11-09 00:37:47.139  1789  3719 I Hiber/fastState: do fastUnfreeze reason=delay from activityIdle delay=1442
11-09 00:37:47.140  1046  1097 I mtkpower@impl: [setMode] type:5, enabled:0
11-09 00:37:47.140  1046  1126 I libPowerHal: [PD] LAUNCH update cmd:300c000 param:0
11-09 00:37:47.140  1789  3719 I PowerHalWrapper: amsBoostStop AMS_BOOST_PACK_SWITCH:true, AMS_BOOST_ACT_SWITCH:false, AMS_BOOST_PROCESS_CREATE:false, AMS_BOOST_PROCESS_CREATE_FOR_GAME:false, AMS_BOOST_HOT_LAUNCH:false 
11-09 00:37:47.140  1046  1096 I mtkpower@impl: [mtkPowerHint] hint:22, hold:500, ext:30, ext_hold:1500
11-09 00:37:47.142  1086  4890 I SurfaceFlinger: setDesiredDisplayModeSpecs: calling_process=system_server
11-09 00:37:47.142  1789  1914 E ApplicationHelper: Fail to get PackageManager
11-09 00:37:47.142  1789  1914 E ApplicationHelper: Fail to get PackageManager
11-09 00:37:47.142  1086  1086 I SurfaceFlinger: setDesiredDisplayModeSpecs: policy={defaultModeId=1, allowGroupSwitching=false, primaryRanges={physical=[60.00 Hz, 120.00 Hz], render=[60.00 Hz, 120.00 Hz]}, appRequestRanges={physical=[0.00 Hz, 120.00 Hz], render=[0.00 Hz, 120.00 Hz]} idleScreenConfig=nullptr}
11-09 00:37:47.142  1789  1914 E ApplicationHelper: Fail to get PackageManager
11-09 00:37:47.142  1789  1914 E ApplicationHelper: Fail to get PackageManager
11-09 00:37:47.142  1086  1086 I RefreshRateSelector: Display 0 policy changed
11-09 00:37:47.142  1086  1086 I RefreshRateSelector: Previous: {defaultModeId=2, allowGroupSwitching=false, primaryRanges={physical=[60.00 Hz, 120.00 Hz], render=[60.00 Hz, 120.00 Hz]}, appRequestRanges={physical=[0.00 Hz, 120.00 Hz], render=[0.00 Hz, 120.00 Hz]} idleScreenConfig=nullptr}
11-09 00:37:47.142  1086  1086 I RefreshRateSelector: Current:  DisplayManagerPolicy{defaultModeId=1, allowGroupSwitching=false, primaryRanges={physical=[60.00 Hz, 120.00 Hz], render=[60.00 Hz, 120.00 Hz]}, appRequestRanges={physical=[0.00 Hz, 120.00 Hz], render=[0.00 Hz, 120.00 Hz]} idleScreenConfig=nullptr}
11-09 00:37:47.142  1086  1086 I RefreshRateSelector: 3 mode changes were performed under the previous policy
11-09 00:37:47.144  1789  1913 I _T_AppBehavior: APP_START_OCCURRED (pid:17366, packageName:host.exp.exponent, transitionType:9, launchedActivityName:host.exp.exponent.experience.HomeActivity, callerPackage:com.transsion.XOSLauncher, currentTransitionDelayMs:30, startingWindowDelayMs:51, bindApplicationDelayMs:-1, windowsDrawnDelayMs:56,compilationReason:6, compilationFilter:8 )
11-09 00:37:47.148  1286  1316 E thermal_core: big tpcb jump! previous/current = 38972/-274000
11-09 00:37:47.156  1789  1980 I Griffin/MemoryMonitorManager: ProcessRecord= ProcessRecord{a9a8f48 14422:com.android.settings.intelligence/u0a188} pss= 44 threshold= 3072
11-09 00:37:47.163  1086  1086 I BufferQueueProducer: [com.whatsapp/com.whatsapp.home.ui.HomeActivity#14108](this:0xb4000073cf357058,id:-1,api:0,p:-1,c:1086) queueBuffer: fps=1.76 dur=26103.77 max=25617.71 min=8.05
11-09 00:37:47.167  1046  1112 I libPerfCtl: xgfGetFPS pid:3358 fps:-1
11-09 00:37:47.167  1046  1112 I AppThermalMode: [perfNotifyThermalState] hdl:0
11-09 00:37:47.167  1046  1112 I AppThermalMode: [findAppThermalIdx] Fail: appThermalModeEnable: 0,currentFPS: -1,fg->pid:17366
11-09 00:37:47.167  1046  1112 I AppThermalMode: [perfNotifyThermalState] appThermalIdx -1:
11-09 00:37:47.167  1046  1112 I libPerfCtl: xgfGetFPS pid:17366 fps:-1
11-09 00:37:47.167  1046  1112 I AppThermalMode: [perfNotifyThermalState] hdl:0
11-09 00:37:47.167  1046  1112 I AppThermalMode: [findAppThermalIdx] Fail: appThermalModeEnable: 0,currentFPS: -1,fg->pid:17366
11-09 00:37:47.167  1046  1112 I AppThermalMode: [perfNotifyThermalState] appThermalIdx -1:
11-09 00:37:47.167  1046  1112 I libPerfCtl: xgfGetFPS pid:17672 fps:-1
11-09 00:37:47.167  1046  1112 I AppThermalMode: [perfNotifyThermalState] hdl:0
11-09 00:37:47.167  1046  1112 I AppThermalMode: [findAppThermalIdx] Fail: appThermalModeEnable: 0,currentFPS: -1,fg->pid:17366
11-09 00:37:47.167  1046  1112 I AppThermalMode: [perfNotifyThermalState] appThermalIdx -1:
11-09 00:37:47.179  1086  3083 I SurfaceFlinger: onHandleDestroyed: name=Surface(name=Task=829)/@0x5c0463c_transition-leash#13761, layerId=13761, parentId=0
11-09 00:37:47.179  1086  3907 I SurfaceFlinger: onHandleDestroyed: name=Surface(name=Task=1)/@0x2e63040_transition-leash#14001, layerId=14001, parentId=0
11-09 00:37:47.179  1086  3083 I SurfaceFlinger: onHandleDestroyed: name=Surface(name=Task=1)/@0x3f0fd1a_transition-leash#13762, layerId=13762, parentId=0
11-09 00:37:47.179  1086  3907 I SurfaceFlinger: onHandleDestroyed: name=Surface(name=Task=829)/@0x363b79_transition-leash#14002, layerId=14002, parentId=0
11-09 00:37:47.179  1086  3907 I SurfaceFlinger: onHandleDestroyed: name=Surface(name=WallpaperWindowToken{36a8f14 token=android.os.Binder@44d7567})/@0x5cc60be_transition-leash#14003, layerId=14003, parentId=0
11-09 00:37:47.179  1086  3907 I SurfaceFlinger: onHandleDestroyed: name=Transition Root: Task=839#14022, layerId=14022, parentId=0
11-09 00:37:47.179  1086  3907 I SurfaceFlinger: onHandleDestroyed: name=Surface(name=Task=839)/@0x839a9d8_transition-leash#14024, layerId=14024, parentId=0
11-09 00:37:47.179  1086  4890 I SurfaceFlinger: onHandleDestroyed: name=Surface(name=Task=1)/@0xe5eb016_transition-leash#14025, layerId=14025, parentId=0
11-09 00:37:47.179  1086  1186 I SurfaceFlinger: onHandleDestroyed: name=Surface(name=WallpaperWindowToken{36a8f14 token=android.os.Binder@44d7567})/@0x88b8b84_transition-leash#14026, layerId=14026, parentId=0
11-09 00:37:47.179  1086  1186 I SurfaceFlinger: onHandleDestroyed: name=Transition Root: Task=1#14037, layerId=14037, parentId=0
11-09 00:37:47.179  1086  3083 I SurfaceFlinger: onHandleDestroyed: name=Surface(name=Task=1)/@0x2eb6403_transition-leash#14038, layerId=14038, parentId=0
11-09 00:37:47.179  1086  4890 I SurfaceFlinger: onHandleDestroyed: name=Surface(name=Task=839)/@0x77e9b9_transition-leash#14039, layerId=14039, parentId=0
11-09 00:37:47.179  1086  1186 I SurfaceFlinger: onHandleDestroyed: name=Surface(name=WallpaperWindowToken{36a8f14 token=android.os.Binder@44d7567})/@0xb63d5f_transition-leash#14041, layerId=14041, parentId=0
11-09 00:37:47.179  1086  1186 I SurfaceFlinger: onHandleDestroyed: name=Transition Root: Task=825#14052, layerId=14052, parentId=0
11-09 00:37:47.180  1086  1086 I BufferQueueDebug: [Surface(name=Task=1)/@0x2eb6403_transition-leash#14038](this:0xb4000073cf2c0188,id:-1,api:0,p:-1,c:1086) onDestructor()
11-09 00:37:47.180  1086  1086 I BufferQueueDebug: [Surface(name=Task=839)/@0x77e9b9_transition-leash#14039](this:0xb4000073cf2d6e08,id:-1,api:0,p:-1,c:1086) onDestructor()
11-09 00:37:47.180  1086  1086 I BufferQueueDebug: [Surface(name=WallpaperWindowToken{36a8f14 token=android.os.Binder@44d7567})/@0x5cc60be_transition-leash#14003](this:0xb4000073cf315868,id:-1,api:0,p:-1,c:1086) onDestructor()
11-09 00:37:47.180  1086  1086 I BufferQueueDebug: [Surface(name=Task=829)/@0x363b79_transition-leash#14002](this:0xb4000073cf32c4e8,id:-1,api:0,p:-1,c:1086) onDestructor()
11-09 00:37:47.180  1086  1086 I BufferQueueDebug: [Transition Root: Task=1#14037](this:0xb4000073cf3542c8,id:-1,api:0,p:-1,c:1086) onDestructor()
11-09 00:37:47.180  1086  1086 I BufferQueueDebug: [Surface(name=Task=1)/@0x2e63040_transition-leash#14001](this:0xb4000073cf35cb78,id:-1,api:0,p:-1,c:1086) onDestructor()
11-09 00:37:47.180  1086  4890 I SurfaceFlinger: onHandleDestroyed: name=Surface(name=WallpaperWindowToken{36a8f14 token=android.os.Binder@44d7567})/@0xdda5e4b_transition-leash#14058, layerId=14058, parentId=0
