11-09 00:37:47.180  1086  1086 I BufferQueueDebug: [Surface(name=Task=1)/@0x3f0fd1a_transition-leash#13762](this:0xb4000073cf35f908,id:-1,api:0,p:-1,c:1086) onDestructor()
11-09 00:37:47.180  1086  1086 I BufferQueueDebug: [Surface(name=Task=1)/@0xe5eb016_transition-leash#14025](this:0xb4000073cf398848,id:-1,api:0,p:-1,c:1086) onDestructor()
11-09 00:37:47.180  1086  1086 I BufferQueueDebug: [Surface(name=Task=839)/@0x839a9d8_transition-leash#14024](this:0xb4000073cf3ce9f8,id:-1,api:0,p:-1,c:1086) onDestructor()
11-09 00:37:47.180  1086  1086 I BufferQueueDebug: [Surface(name=Task=829)/@0x5c0463c_transition-leash#13761](this:0xb4000073cf3e28e8,id:-1,api:0,p:-1,c:1086) onDestructor()
11-09 00:37:47.180  1086  1086 I BufferQueueDebug: [Transition Root: Task=839#14022](this:0xb4000073cf3edf28,id:-1,api:0,p:-1,c:1086) onDestructor()
11-09 00:37:47.180  1086  1086 I BufferQueueDebug: [Surface(name=WallpaperWindowToken{36a8f14 token=android.os.Binder@44d7567})/@0x88b8b84_transition-leash#14026](this:0xb4000073cf3fc2f8,id:-1,api:0,p:-1,c:1086) onDestructor()
11-09 00:37:47.181  1020  1256 I hwcomposer: [HWC] (0) displaySetColorMode mode:9  
11-09 00:37:47.181  1020  1256 I IRIS_LOG_SERV: SetColorModeRI(9, 0)
11-09 00:37:47.181  1020  1256 I IRIS_LOG_SERV: irisConfigureSet(516, 1, 16)
11-09 00:37:47.181  1020  1615 I hwcomposer: [HWC] (0)fire a callback of refresh to SF[6]  
11-09 00:37:47.185  1789  2766 I ImeTracker: host.exp.exponent:16429151: onRequestHide at ORIGIN_SERVER reason HIDE_UNSPECIFIED_WINDOW fromUser false
11-09 00:37:47.185  1789  2766 I ImeTracker: host.exp.exponent:16429151: onCancelled at PHASE_SERVER_SHOULD_HIDE
11-09 00:37:47.185  1789  2766 I TranMultiWindowManagerComponentImpl: hookInputMethodShown inputShown: false, connected:false
11-09 00:37:47.185  1789  2766 I TranSCSourceConnectManagerImpl: hookInputMethodShown inputShown: false
11-09 00:37:47.186  1789  2766 I input_debug: package: host.exp.exponent mNeedShowSafeInput: false inputType: 0 methodMap: true isKeyguardShowing: false enable: 0 isSplitScreen: false
11-09 00:37:47.187  3344  3692 W System  : A resource failed to call release. 
11-09 00:37:47.188  3344  3692 W System  : A resource failed to call release. 
11-09 00:37:47.188  3344  3692 W System  : A resource failed to call release. 
11-09 00:37:47.188  3344  3692 W System  : A resource failed to call release. 
11-09 00:37:47.188  3344  3692 W System  : A resource failed to call release. 
11-09 00:37:47.189  3344  3692 W System  : A resource failed to call release. 
11-09 00:37:47.189  3344  3692 W System  : A resource failed to call release. 
11-09 00:37:47.189  3344  3692 W System  : A resource failed to call release. 
11-09 00:37:47.189  3344  3692 W System  : A resource failed to call release. 
11-09 00:37:47.189  3344  3692 W System  : A resource failed to call release. 
11-09 00:37:47.191  1086  4890 I BufferQueueDebug: [Surface(name=c4588f7 InputMethod)/@0xff15ca9 - animation-leash of insets_animation#14123](this:0xb4000073cf348c88,id:-1,api:0,p:-1,c:-1) BufferQueue core=(1086:/system/bin/surfaceflinger)
11-09 00:37:47.194  1789  5890 E ActivityTaskManager: agaresPreload error: activityInfo is null
11-09 00:37:47.195  1789  5890 I ActivityTaskManager: floatWindow: multiWindowId = 0
11-09 00:37:47.195  1789  5890 W ActivityTaskManager: callingPackage for (uid=2000, pid=31708) has no WPC
11-09 00:37:47.195  1789  5890 I ActivityTaskManager: TaskLaunchParamsModifier: pkgName = null, isMultiWindowTaskDisplayArea  = false
11-09 00:37:47.195  1789  1991 I mtkpower_client: perf_cus_lock_hint hint:105, dur:150, pid:1789
11-09 00:37:47.195  1789  5890 W OptProp : Cannot read opt property android.window.PROPERTY_COMPAT_ALLOW_ORIENTATION_OVERRIDE
11-09 00:37:47.196  1789  5890 W OptProp : Cannot read opt property android.window.PROPERTY_COMPAT_ALLOW_RESIZEABLE_ACTIVITY_OVERRIDES
11-09 00:37:47.196  1789  5890 W OptProp : Cannot read opt property android.window.PROPERTY_COMPAT_ALLOW_MIN_ASPECT_RATIO_OVERRIDE
11-09 00:37:47.196  1789  1991 I mtkpower_client: perf_cus_lock_hint, ret_hdl:175534
11-09 00:37:47.196  1789  5890 I ActivityTaskManager: TaskLaunchParamsModifier: pkgName = null, isMultiWindowTaskDisplayArea  = false
11-09 00:37:47.196  1789  5890 I ActivityTaskManager: TaskLaunchParamsModifier: pkgName = null
11-09 00:37:47.197  1086  1086 I BufferQueueDebug: [Surface(name=WallpaperWindowToken{36a8f14 token=android.os.Binder@44d7567})/@0xb63d5f_transition-leash#14041](this:0xb4000073cf148348,id:-1,api:0,p:-1,c:1086) onDestructor()
11-09 00:37:47.197  1789  5890 I ActivityTaskManager: TaskLaunchParamsModifier: pkgName = null, isMultiWindowTaskDisplayArea  = false
11-09 00:37:47.197  1789  5890 I ActivityTaskManager: TaskLaunchParamsModifier: pkgName = null
11-09 00:37:47.197  1086  1086 I BufferQueueDebug: [Transition Root: Task=825#14052](this:0xb4000073cf37c0a8,id:-1,api:0,p:-1,c:1086) onDestructor()
11-09 00:37:47.197  1086  1086 I BufferQueueDebug: [Surface(name=WallpaperWindowToken{36a8f14 token=android.os.Binder@44d7567})/@0xdda5e4b_transition-leash#14058](this:0xb4000073cf3f67d8,id:-1,api:0,p:-1,c:1086) onDestructor()
11-09 00:37:47.197  1789  5890 I ActivityTaskManager: needHookReparentToDefaultDisplay: sourceRecord = null,r = ActivityRecord{6b72a37 u0 host.exp.exponent/.LauncherActivity t-1}, tda = DefaultTaskDisplayArea@42568393
11-09 00:37:47.198  1086  4890 I BufferQueueDebug: [ActivityRecord{6b72a37 u0 host.exp.exponent/.LauncherActivity t829}#14124](this:0xb4000073cf148348,id:-1,api:0,p:-1,c:-1) BufferQueue core=(1086:/system/bin/surfaceflinger)
11-09 00:37:47.198  1020  1615 I hwcomposer: [HWC] (0)fire a callback of refresh to SF[6]  
11-09 00:37:47.199  1046  1097 I mtkpower@impl: [setMode] type:5, enabled:1
11-09 00:37:47.199  1789  5890 I PowerHalWrapper: amsBoostNotify pid:17366,activity:host.exp.exponent.experience.HomeActivity, package:host.exp.exponent, mProcessCreatePackcom.whatsapp 
11-09 00:37:47.199  1789  5890 I PowerHalWrapper: state: 0 
11-09 00:37:47.199  1789  5890 I ScnModule: [GameDetection] packname: host.exp.exponent, apkSize: 43378703. 
11-09 00:37:47.199  1789  5890 I mtkpower_client: [PowerHal_Wrap_notifyAppState] host.exp.exponent/host.exp.exponent.experience.HomeActivity pid=17366 activityId:117474776 state:0
11-09 00:37:47.199  1789  5890 I mtkpower_client: [Legacy][PowerHal_Wrap_notifyAppState] host.exp.exponent/host.exp.exponent.experience.HomeActivity pid=17366 state:117474776
11-09 00:37:47.200  1046  1126 I libPowerHal: [perfNotifyAppState] pack:host.exp.exponent, act:host.exp.exponent.experience.HomeActivity, state:0, pid:17366, uid:10304, fps:-1
11-09 00:37:47.200  1789  5890 I PowerHalWrapper: amsBoostNotify AMS_BOOST_PROCESS_CREATE_BOOST:false 
11-09 00:37:47.201  1789  5890 I PowerHalWrapper: <amsBoostResume> last:host.exp.exponent, next:host.exp.exponenthasATProcess:false 
11-09 00:37:47.201  1789  5890 I PowerHalWrapper:  mIsColdLaunch :false 
11-09 00:37:47.201  1789  1789 E MBrainLocalService: notifyAppSwitch failed
11-09 00:37:47.201  1046  1126 I libPowerHal: [PD] MTKPOWER_HINT_EXT_LAUNCH update cmd:2020000 param:0
11-09 00:37:47.201  1789  5890 I ActivityTaskManager: START u0 {act=android.intent.action.VIEW dat=exp://127.0.0.1:19000/... flg=0x10000000 cmp=host.exp.exponent/.LauncherActivity} with LAUNCH_SINGLE_TASK from uid 2000 (BAL_ALLOW_PERMISSION) result code=0
11-09 00:37:47.201  1789  5890 I ActivityTaskManager: Add pending draw ActivityRecord{6b72a37 u0 host.exp.exponent/.LauncherActivity t829}
11-09 00:37:47.201  1789  1991 I mtkpower_client: perf_cus_lock_hint hint:101, dur:1000, pid:1789
11-09 00:37:47.202  1789  1991 I mtkpower_client: perf_cus_lock_hint, ret_hdl:175537
11-09 00:37:47.202  5922  7047 I SmartPanelService: activityCheck pkgName: host.exp.exponent, className: host.exp.exponent.LauncherActivity isResume=false isDrawn = false
11-09 00:37:47.202  1046  1126 I libPowerHal: [setGPUFreq] MTKPOWER_HINT_LAUNCHER_ANIMA user set gpu freq min:0, max:-1
11-09 00:37:47.202  5922  7047 I MultiWindowUtils: pkg in multi window
11-09 00:37:47.202  1046  1126 I libPowerHal: MTKPOWER_HINT_LAUNCHER_ANIMA: set gpu opp level max: 0
11-09 00:37:47.202  1046  1126 I libPowerHal: [setGPUFreq] Soft min/max = (0, 0); Hard min/max = (41, 0)
11-09 00:37:47.202  1046  1126 I libPowerHal: [setGPUFreq] final min/max = (0, 0)
11-09 00:37:47.202  1046  1126 I libPowerHal: MTKPOWER_HINT_LAUNCHER_ANIMA: set gpu opp level: 0
11-09 00:37:47.202  1046  1126 I libPowerHal: MTKPOWER_HINT_LAUNCHER_ANIMA: set gpu opp level max: 0
11-09 00:37:47.204  3358  3411 W ShellEventHandler: onPostRequestStartTransition last token is not null android.os.BinderProxy@f03e4f1, there is a bug here, please check logcat
11-09 00:37:47.205  5922  5922 I SmartPanelRepository: hasLoadData true  data size = 10
11-09 00:37:47.205  1010 29980 W AudioALSACaptureDataProviderNormal: readThread, latency_in_s,0.000001,0.039876,0.000043, totalTime 0.039920 > logTimeout 0.022000 TIMEOUT!!
11-09 00:37:47.206 17366 17366 W unknown:BridgelessReact: ReactHost{0}.onHostPause()
11-09 00:37:47.206 17366 17366 W unknown:BridgelessReact: ReactContext.onHostPause()
11-09 00:37:47.208  5614  6260 I SimpleEventAdapt: onActivityEvent get host.exp.exponent, host.exp.exponent.experience.HomeActivity,false
11-09 00:37:47.208  5614  6260 I SimpleEventAdapt: notifyEvent2  activity_event
11-09 00:37:47.208  5614  6260 I SimpleEventAdapt: notifyEvent  1
11-09 00:37:47.208  1789  5874 W WindowManager: Changing focus from Window{ff23b34 u0 host.exp.exponent/host.exp.exponent.experience.HomeActivity} to null displayId=0 Callers=com.android.server.wm.RootWindowContainer.updateFocusedWindowLocked:528 com.android.server.wm.WindowManagerService.updateFocusedWindowLocked:6844 com.android.server.wm.ActivityTaskManagerService.setLastResumedActivityUncheckLocked:5662 com.android.server.wm.ActivityTaskSupervisor.updateTopResumedActivityIfNeeded:2509 
11-09 00:37:47.208  5922  7047 I SmartPanelService: activityCheck pkgName: host.exp.exponent, className: host.exp.exponent.LauncherActivity isResume=false isDrawn = false
11-09 00:37:47.208  1789  5874 I TranSCSourceConnectManagerImpl: hookDisplayResumedActivityChanged displayId: 0 packageName: host.exp.exponent
11-09 00:37:47.208  5922  7047 I MultiWindowUtils: pkg in multi window
11-09 00:37:47.209  1789  5874 I PowerHalWrapper: amsBoostNotify pid:17366,activity:host.exp.exponent.LauncherActivity, package:host.exp.exponent, mProcessCreatePackcom.whatsapp 
11-09 00:37:47.209  1789  5874 I PowerHalWrapper: state: 1 
11-09 00:37:47.209  1789  5874 I ScnModule: [GameDetection] packname: host.exp.exponent, apkSize: 43378703. 
11-09 00:37:47.209  5614 31614 I CacheManager:  save new data to cache activity_event
11-09 00:37:47.209  1789  5874 I mtkpower_client: [PowerHal_Wrap_notifyAppState] host.exp.exponent/host.exp.exponent.LauncherActivity pid=17366 activityId:112667191 state:1
11-09 00:37:47.209  5614 31614 I bsc     : notifyDataChange in activity_event, 1
11-09 00:37:47.209  1789  5874 I mtkpower_client: [Legacy][PowerHal_Wrap_notifyAppState] host.exp.exponent/host.exp.exponent.LauncherActivity pid=17366 state:112667191
11-09 00:37:47.209  5614 31614 I DataServiceImplV2: StandardDataService notifyDataChange  in 
11-09 00:37:47.209  5614 31615 I DataServiceImplV2: StandardDataService notifyDataChange  curServiceName StandardDataService type:activity_event
11-09 00:37:47.209  5614 31615 I Kolun_AI: SystemEventSubscribe: onPublishData {"type":"activity_event","time":1762628867209,"data":"{\"className\":\"host.exp.exponent.experience.HomeActivity\",\"isResumed\":false,\"packageName\":\"host.exp.exponent\"}","provider":"dc","dc_version":2030370000,"data_version":1,"user_id":0}
11-09 00:37:47.209  5614 31615 I Kolun_AI: SystemEventSubscribe: publisher.getMatcher() activity_event
11-09 00:37:47.209  5614 31615 I ApiInvoke1.7.1: SubscribeManager: publishData success host DataCenter#StandardDataService matcher activity_event
11-09 00:37:47.209  1046  1126 I libPowerHal: [perfNotifyAppState] pack:host.exp.exponent, act:host.exp.exponent.LauncherActivity, state:1, pid:17366, uid:10304, fps:-1
11-09 00:37:47.210  5614 31615 W ApiInvoke1.7.1: SubscribeBusServerImpl: onSafePublishData start ==>> publisher Publisher{channel='DataCenter', apiName='StandardDataService', label='activity_event'}
11-09 00:37:47.210  5614 31615 W ApiInvoke1.7.1: SubscribeBusServerImpl: onSafePublishData, post publish data form DataCenter to {"pid": "5614","process": "com.transsion.kolun.aiservice","packageName": "com.transsion.kolun.aiservice","channels": ["APPService","AiEngine","GlobalGuideChannel","DataCenter"],"version": "1.7.1"} pid 5614 isPublishLocal true isInvalidPublisher false
11-09 00:37:47.210  5614 31615 W ApiInvoke1.7.1: ApiRequest: do publishData to remote activity_event
11-09 00:37:47.210  1789  5874 I PowerHalWrapper: amsBoostNotify AMS_BOOST_PROCESS_CREATE_BOOST:false 
11-09 00:37:47.210  1046  1096 I mtkpower@impl: [notifyAppState] act com.whatsapp.home.ui.HomeActivity => host.exp.exponent.LauncherActivity
11-09 00:37:47.210  1789  5874 I System.out: [scale_ufs_gear] pakname is not antutu: host.exp.exponent, file is not exist: false
11-09 00:37:47.211  5614  6260 I SimpleEventAdapt: onActivityEvent get host.exp.exponent, host.exp.exponent.LauncherActivity,true
11-09 00:37:47.211  5614  6260 I SimpleEventAdapt: notifyEvent2  activity_event
11-09 00:37:47.211  5614  6260 I SimpleEventAdapt: notifyEvent  1
11-09 00:37:47.212  5614 31614 I CacheManager:  save new data to cache activity_event
11-09 00:37:47.212  5614 31614 I bsc     : notifyDataChange in activity_event, 1
11-09 00:37:47.212  5614 31614 I DataServiceImplV2: StandardDataService notifyDataChange  in 
11-09 00:37:47.212  5614 31615 I DataServiceImplV2: StandardDataService notifyDataChange  curServiceName StandardDataService type:activity_event
11-09 00:37:47.212  5614 31615 I Kolun_AI: SystemEventSubscribe: onPublishData {"type":"activity_event","time":1762628867211,"data":"{\"className\":\"host.exp.exponent.LauncherActivity\",\"isResumed\":true,\"packageName\":\"host.exp.exponent\"}","provider":"dc","dc_version":2030370000,"data_version":1,"user_id":0}
11-09 00:37:47.212  5614 31615 I Kolun_AI: SystemEventSubscribe: publisher.getMatcher() activity_event
11-09 00:37:47.212  5614 31615 I ApiInvoke1.7.1: SubscribeManager: publishData success host DataCenter#StandardDataService matcher activity_event
11-09 00:37:47.212  5614 31615 W ApiInvoke1.7.1: SubscribeBusServerImpl: onSafePublishData start ==>> publisher Publisher{channel='DataCenter', apiName='StandardDataService', label='activity_event'}
11-09 00:37:47.213  5614 31615 W ApiInvoke1.7.1: SubscribeBusServerImpl: onSafePublishData, post publish data form DataCenter to {"pid": "5614","process": "com.transsion.kolun.aiservice","packageName": "com.transsion.kolun.aiservice","channels": ["APPService","AiEngine","GlobalGuideChannel","DataCenter"],"version": "1.7.1"} pid 5614 isPublishLocal true isInvalidPublisher false
11-09 00:37:47.213  5614 31615 W ApiInvoke1.7.1: ApiRequest: do publishData to remote activity_event
11-09 00:37:47.213  5922  7047 I SmartPanelService: activityCheck pkgName: host.exp.exponent, className: host.exp.exponent.LauncherActivity isResume=true isDrawn = false
11-09 00:37:47.213  5922  7047 I MultiWindowUtils: pkg in multi window
11-09 00:37:47.213  1086  1086 I SurfaceFlinger: onHandleDestroyed: name=Surface(name=c4588f7 InputMethod)/@0xff15ca9 - animation-leash of insets_animation#14113, layerId=14113, parentId=0
11-09 00:37:47.214  5922  5922 I SmartPanelRepository: hasLoadData true  data size = 10
11-09 00:37:47.214  5922  5922 I SmartPanelRepository: hasLoadData true  data size = 10
11-09 00:37:47.215  1020  1615 I hwcomposer: [HWC] (0)fire a callback of refresh to SF[6]  
11-09 00:37:47.218 17366 17366 W SoLoader: SoLoader already initialized
11-09 00:37:47.218 17366 17366 W SoLoader: SoLoader already initialized
11-09 00:37:47.219  1789  5874 E ActivityTaskManager: agaresPreload error: activityInfo is null
11-09 00:37:47.219  1789  1991 I mtkpower_client: perf_cus_lock_hint hint:105, dur:150, pid:1789
11-09 00:37:47.220  1789  5874 I ActivityTaskManager: floatWindow: multiWindowId = 0
11-09 00:37:47.220  1789  5874 I ActivityTaskManager: TaskLaunchParamsModifier: pkgName = null, isMultiWindowTaskDisplayArea  = false
11-09 00:37:47.220  1789  1991 I mtkpower_client: perf_cus_lock_hint, ret_hdl:175538
11-09 00:37:47.220  1789  5874 W OptProp : Cannot read opt property android.window.PROPERTY_COMPAT_ALLOW_ORIENTATION_OVERRIDE
11-09 00:37:47.220  1789  5874 W OptProp : Cannot read opt property android.window.PROPERTY_COMPAT_ALLOW_RESIZEABLE_ACTIVITY_OVERRIDES
11-09 00:37:47.220  1789  5874 W OptProp : Cannot read opt property android.window.PROPERTY_COMPAT_ALLOW_MIN_ASPECT_RATIO_OVERRIDE
11-09 00:37:47.221  1789  5874 I ActivityTaskManager: TaskLaunchParamsModifier: pkgName = null, isMultiWindowTaskDisplayArea  = false
11-09 00:37:47.221  1789  5874 I ActivityTaskManager: TaskLaunchParamsModifier: pkgName = null
11-09 00:37:47.221  1789  5874 E ActivityTaskManager: AppLaunchTracker getTaskIndex error: task is null.
11-09 00:37:47.221  1789  5874 I ActivityTaskManager: TaskLaunchParamsModifier: pkgName = null, isMultiWindowTaskDisplayArea  = false
11-09 00:37:47.221  1789  5874 I ActivityTaskManager: TaskLaunchParamsModifier: pkgName = null
11-09 00:37:47.221  1789  5874 I ActivityTaskManager: needHookReparentToDefaultDisplay: sourceRecord = ActivityRecord{6b72a37 u0 host.exp.exponent/.LauncherActivity t829},r = ActivityRecord{2a79f28 u0 host.exp.exponent/.experience.ExperienceActivity t-1}, tda = DefaultTaskDisplayArea@42568393
11-09 00:37:47.222  1086  1186 I BufferQueueDebug: [Task=844#14125](this:0xb4000073cf3f67d8,id:-1,api:0,p:-1,c:-1) BufferQueue core=(1086:/system/bin/surfaceflinger)
11-09 00:37:47.222  1789  5874 I ActivityTaskManager: TaskLaunchParamsModifier: pkgName = null, isMultiWindowTaskDisplayArea  = false
11-09 00:37:47.222  1789  5874 I ActivityTaskManager: TaskLaunchParamsModifier: pkgName = null
11-09 00:37:47.222  5922  7047 I ScenesManager: handlerTaskChange new TaskId host.exp.exponent844 old TaskId 
11-09 00:37:47.222  5922  7047 I SmartPanelService: onTaskCreated mCreateTaskId = host.exp.exponent844
11-09 00:37:47.222  1086  1186 I BufferQueueDebug: [ActivityRecord{2a79f28 u0 host.exp.exponent/.experience.ExperienceActivity t844}#14126](this:0xb4000073cf37c0a8,id:-1,api:0,p:-1,c:-1) BufferQueue core=(1086:/system/bin/surfaceflinger)
11-09 00:37:47.224  1789  5874 I PowerHalWrapper: amsBoostNotify pid:17366,activity:host.exp.exponent.LauncherActivity, package:host.exp.exponent, mProcessCreatePackcom.whatsapp 
11-09 00:37:47.224  1789  5874 I PowerHalWrapper: state: 0 
11-09 00:37:47.224  1789  5874 I ScnModule: [GameDetection] packname: host.exp.exponent, apkSize: 43378703. 
11-09 00:37:47.224  1789  5874 I mtkpower_client: [PowerHal_Wrap_notifyAppState] host.exp.exponent/host.exp.exponent.LauncherActivity pid=17366 activityId:112667191 state:0
11-09 00:37:47.224  1789  5874 I mtkpower_client: [Legacy][PowerHal_Wrap_notifyAppState] host.exp.exponent/host.exp.exponent.LauncherActivity pid=17366 state:112667191
11-09 00:37:47.224  1046  1126 I libPowerHal: [perfNotifyAppState] pack:host.exp.exponent, act:host.exp.exponent.LauncherActivity, state:0, pid:17366, uid:10304, fps:-1
11-09 00:37:47.225  1789  5874 I PowerHalWrapper: amsBoostNotify AMS_BOOST_PROCESS_CREATE_BOOST:false 
11-09 00:37:47.225  1789  5874 I MemoryCollector: do beginMemoryPredict 
11-09 00:37:47.225  1789  5874 I PowerHalWrapper: <amsBoostResume> last:host.exp.exponent, next:host.exp.exponenthasATProcess:false 
11-09 00:37:47.225  1789  5874 I PowerHalWrapper:  mIsColdLaunch :false 
11-09 00:37:47.226  1789  5874 I ActivityTaskManager: START u0 {flg=0xc080000 cmp=host.exp.exponent/.experience.ExperienceActivity (has extras)} with LAUNCH_MULTIPLE from uid 10304 (BAL_ALLOW_VISIBLE_WINDOW) result code=0
11-09 00:37:47.226  1789  5874 I ActivityTaskManager: Add pending draw ActivityRecord{2a79f28 u0 host.exp.exponent/.experience.ExperienceActivity t844}
11-09 00:37:47.226  5922  7047 I SmartPanelService: activityCheck pkgName: host.exp.exponent, className: host.exp.exponent.experience.ExperienceActivity isResume=false isDrawn = false
11-09 00:37:47.226  5922  7047 I MultiWindowUtils: pkg in multi window
11-09 00:37:47.227  5922  5922 I SmartPanelRepository: hasLoadData true  data size = 10
11-09 00:37:47.228  3344  3344 I TopTaskTracker: onTaskMovedToFront: (moved taskInfo to front) taskId=844, baseIntent=Intent { flg=0x1c080000 cmp=host.exp.exponent/.experience.ExperienceActivity }
11-09 00:37:47.230  1086  1086 I BufferQueueDebug: [Surface(name=c4588f7 InputMethod)/@0xff15ca9 - animation-leash of insets_animation#14113](this:0xb4000073cf31b388,id:-1,api:0,p:-1,c:1086) onDestructor()
11-09 00:37:47.232  1086  4890 I BufferQueueDebug: [c9f8272 host.exp.exponent/host.exp.exponent.LauncherActivity#14127](this:0xb4000073cf31b388,id:-1,api:0,p:-1,c:-1) BufferQueue core=(1086:/system/bin/surfaceflinger)
11-09 00:37:47.233  1789  3955 I TranThermalBacklightCtrl: cur package [host.exp.exponent] is in TemperatureControlWhitelist
11-09 00:37:47.233  1789  3955 I TranThermalBacklightCtrl: mParamAPTempHigh[0]=45.0, mParamAPTempLow[0]=43.0, mParamBrightnessMax[0]=0.79999995, mParamLuxLimit[0]=0.0
11-09 00:37:47.233  1789  3955 I TranThermalBacklightCtrl: mParamAPTempHigh[1]=49.0, mParamAPTempLow[1]=47.0, mParamBrightnessMax[1]=0.7, mParamLuxLimit[1]=0.0
11-09 00:37:47.234  1086  4890 I BufferQueueDebug: [host.exp.exponent/host.exp.exponent.LauncherActivity#14128](this:0xb4000073cf32c4e8,id:-1,api:0,p:-1,c:-1) BufferQueue core=(1086:/system/bin/surfaceflinger)
11-09 00:37:47.234  1046  1126 I mtkpower@impl: [powerd_req] TIMER_MSG_PERF_LOCK_TIMEOUT hdl:175527
11-09 00:37:47.235  1789  1914 E ApplicationHelper: Fail to get PackageManager
11-09 00:37:47.235  1789  1914 E ApplicationHelper: Fail to get PackageManager
11-09 00:37:47.235  1789  1914 E ApplicationHelper: Fail to get PackageManager
11-09 00:37:47.236  1789  3955 W WindowManager: Changing focus from null to Window{c9f8272 u0 host.exp.exponent/host.exp.exponent.LauncherActivity} displayId=0 Callers=com.android.server.wm.RootWindowContainer.updateFocusedWindowLocked:528 com.android.server.wm.WindowManagerService.updateFocusedWindowLocked:6844 com.android.server.wm.WindowManagerService.relayoutWindowInner:2851 com.android.server.wm.WindowManagerService.relayoutWindow:2512 
11-09 00:37:47.236  1086  4890 I BufferQueueDebug: [Surface(name=2c79265 StatusBar)/@0x2760ade - animation-leash of insets_animation#14129](this:0xb4000073cf315868,id:-1,api:0,p:-1,c:-1) BufferQueue core=(1086:/system/bin/surfaceflinger)
11-09 00:37:47.237  1086  4890 I BufferQueueDebug: [Surface(name=952f920 NavigationBar0)/@0x20b96bd - animation-leash of insets_animation#14130](this:0xb4000073cf2d6e08,id:-1,api:0,p:-1,c:-1) BufferQueue core=(1086:/system/bin/surfaceflinger)
11-09 00:37:47.238  1789  3955 I WindowManager: Relayout Window{c9f8272 u0 host.exp.exponent/host.exp.exponent.LauncherActivity}: oldVis=4 newVis=0 focusMayChange = true requestedWidth = 1080 requestedHeight = 2436 outFrames = ClientWindowFrames{frame=[0,0][1080,2436] display=[0,0][1080,2436] parentFrame=[0,0][0,0]} outSurfaceControl = Surface(name=host.exp.exponent/host.exp.exponent.LauncherActivity)/@0x9601c96
11-09 00:37:47.239  1046  1126 I mtkpower@impl: [powerd_req] TIMER_MSG_PERF_LOCK_TIMEOUT hdl:175531
11-09 00:37:47.239  1086  4890 I BufferQueueDebug: [23485ed Splash Screen host.exp.exponent#14131](this:0xb4000073cf2c0188,id:-1,api:0,p:-1,c:-1) BufferQueue core=(1086:/system/bin/surfaceflinger)
11-09 00:37:47.239  1046  1126 I libPowerHal: [unsetGPUFreq] current min:0, max:0; scn_gpu_min:0, scn_gpu_max:-1; scn_gpu_min(HL):-1, scn_gpu_max(HL):-1
11-09 00:37:47.239  1046  1126 I libPowerHal: [setGPUFreq] Soft min/max = (0, 0); Hard min/max = (41, 0)
11-09 00:37:47.239  1046  1126 I libPowerHal: [setGPUFreq] final min/max = (0, 0)
11-09 00:37:47.239  1046  1126 I libPowerHal: MTKPOWER_HINT_LAUNCHER_ANIMA: set gpu opp level: 0
11-09 00:37:47.239  1046  1126 I libPowerHal: MTKPOWER_HINT_LAUNCHER_ANIMA: set gpu opp level max: 0
11-09 00:37:47.242  5922  7047 I SmartPanelService: onWindowsDrawn pkgName: host.exp.exponent, className: host.exp.exponent.LauncherActivity launchState=2 windowsDrawnDelayMs =47
11-09 00:37:47.243  5922  5922 I SmartPanelRepository: hasLoadData true  data size = 10
11-09 00:37:47.244  5614  6260 I SimpleEventAdapt: onActivityEvent get host.exp.exponent, host.exp.exponent.LauncherActivity,false
11-09 00:37:47.244  5614  6260 I SimpleEventAdapt: notifyEvent2  activity_event
11-09 00:37:47.244  5614  6260 I SimpleEventAdapt: notifyEvent  1
11-09 00:37:47.244  5922  7047 I SmartPanelService: activityCheck pkgName: host.exp.exponent, className: host.exp.exponent.experience.ExperienceActivity isResume=false isDrawn = false
11-09 00:37:47.244  5922  7047 I ScenesManager: MSG_ACTIVITY_CHECK pkgName host.exp.exponent
11-09 00:37:47.245  5922  7047 I MultiWindowUtils: pkg in multi window
11-09 00:37:47.245  5614 31614 I CacheManager:  save new data to cache activity_event
11-09 00:37:47.245  5614 31614 I bsc     : notifyDataChange in activity_event, 1
11-09 00:37:47.245  1789  2591 W WindowManager: Changing focus from Window{c9f8272 u0 host.exp.exponent/host.exp.exponent.LauncherActivity} to null displayId=0 Callers=com.android.server.wm.RootWindowContainer.updateFocusedWindowLocked:528 com.android.server.wm.WindowManagerService.updateFocusedWindowLocked:6844 com.android.server.wm.ActivityTaskManagerService.setLastResumedActivityUncheckLocked:5662 com.android.server.wm.ActivityTaskSupervisor.updateTopResumedActivityIfNeeded:2509 
11-09 00:37:47.245  5922  6004 I SmartPanelService: onTaskFocusChanged taskId: 829  focused: false
11-09 00:37:47.245  5614 31614 I DataServiceImplV2: StandardDataService notifyDataChange  in 
11-09 00:37:47.245  5922  6004 I SmartPanelService: onTaskFocusChanged taskId: 844  focused: true
11-09 00:37:47.245  5614 31615 I DataServiceImplV2: StandardDataService notifyDataChange  curServiceName StandardDataService type:activity_event
11-09 00:37:47.245  5614 31615 I Kolun_AI: SystemEventSubscribe: onPublishData {"type":"activity_event","time":1762628867244,"data":"{\"className\":\"host.exp.exponent.LauncherActivity\",\"isResumed\":false,\"packageName\":\"host.exp.exponent\"}","provider":"dc","dc_version":2030370000,"data_version":1,"user_id":0}
11-09 00:37:47.245  5614 31615 I Kolun_AI: SystemEventSubscribe: publisher.getMatcher() activity_event
11-09 00:37:47.245  5614 31615 I ApiInvoke1.7.1: SubscribeManager: publishData success host DataCenter#StandardDataService matcher activity_event
11-09 00:37:47.245  5614 31615 W ApiInvoke1.7.1: SubscribeBusServerImpl: onSafePublishData start ==>> publisher Publisher{channel='DataCenter', apiName='StandardDataService', label='activity_event'}
11-09 00:37:47.245  5614 31615 W ApiInvoke1.7.1: SubscribeBusServerImpl: onSafePublishData, post publish data form DataCenter to {"pid": "5614","process": "com.transsion.kolun.aiservice","packageName": "com.transsion.kolun.aiservice","channels": ["APPService","AiEngine","GlobalGuideChannel","DataCenter"],"version": "1.7.1"} pid 5614 isPublishLocal true isInvalidPublisher false
11-09 00:37:47.245  5614 31615 W ApiInvoke1.7.1: ApiRequest: do publishData to remote activity_event
11-09 00:37:47.245  1086  4890 I BufferQueueDebug: [Surface(name=2c79265 StatusBar)/@0x2760ade - animation-leash of insets_animation#14132](this:0xb4000073cf3fc2f8,id:-1,api:0,p:-1,c:-1) BufferQueue core=(1086:/system/bin/surfaceflinger)
11-09 00:37:47.245  1010 29980 W AudioALSACaptureDataProviderNormal: readThread, latency_in_s,0.000000,0.039731,0.000026, totalTime 0.039758 > logTimeout 0.022000 TIMEOUT!!
11-09 00:37:47.246  1086  4890 I BufferQueueDebug: [Surface(name=952f920 NavigationBar0)/@0x20b96bd - animation-leash of insets_animation#14133](this:0xb4000073cf3edf28,id:-1,api:0,p:-1,c:-1) BufferQueue core=(1086:/system/bin/surfaceflinger)
11-09 00:37:47.247  1789  2591 I TranSCSourceConnectManagerImpl: hookDisplayResumedActivityChanged displayId: 0 packageName: host.exp.exponent
11-09 00:37:47.247  1789  2591 I PowerHalWrapper: amsBoostNotify pid:17366,activity:host.exp.exponent.experience.ExperienceActivity, package:host.exp.exponent, mProcessCreatePackcom.whatsapp 
11-09 00:37:47.247  1789  2591 I PowerHalWrapper: state: 1 
11-09 00:37:47.247  1789  2591 I ScnModule: [GameDetection] packname: host.exp.exponent, apkSize: 43378703. 
11-09 00:37:47.247  1789  2591 I mtkpower_client: [PowerHal_Wrap_notifyAppState] host.exp.exponent/host.exp.exponent.experience.ExperienceActivity pid=17366 activityId:44539688 state:1
11-09 00:37:47.247  1789  2591 I mtkpower_client: [Legacy][PowerHal_Wrap_notifyAppState] host.exp.exponent/host.exp.exponent.experience.ExperienceActivity pid=17366 state:44539688
11-09 00:37:47.248  1789  2591 I PowerHalWrapper: amsBoostNotify AMS_BOOST_PROCESS_CREATE_BOOST:false 
11-09 00:37:47.248  1046  1126 I libPowerHal: [perfNotifyAppState] pack:host.exp.exponent, act:host.exp.exponent.experience.ExperienceActivity, state:1, pid:17366, uid:10304, fps:-1
11-09 00:37:47.248  1789  2591 I System.out: [scale_ufs_gear] pakname is not antutu: host.exp.exponent, file is not exist: false
11-09 00:37:47.248  1046  1096 I mtkpower@impl: [notifyAppState] act host.exp.exponent.LauncherActivity => host.exp.exponent.experience.ExperienceActivity
11-09 00:37:47.251  1086  4890 I BufferQueueDebug: [Splash Screen host.exp.exponent#14134](this:0xb4000073cf3e28e8,id:-1,api:0,p:-1,c:-1) BufferQueue core=(1086:/system/bin/surfaceflinger)
11-09 00:37:47.251  1789  1914 E ApplicationHelper: Fail to get PackageManager
11-09 00:37:47.252  1789  1914 E ApplicationHelper: Fail to get PackageManager
11-09 00:37:47.252 29918 31705 I AdvertisingIdClient: shouldSendLog 46867101
11-09 00:37:47.252 29918 31705 I AdvertisingIdClient: GetInfoInternal elapse 8ms
11-09 00:37:47.253  5922  7047 I SmartPanelService: activityCheck pkgName: host.exp.exponent, className: host.exp.exponent.experience.ExperienceActivity isResume=true isDrawn = false
11-09 00:37:47.253  5922  7047 I ScenesManager: MSG_ACTIVITY_CHECK pkgName host.exp.exponent
11-09 00:37:47.253  5922  7047 I MultiWindowUtils: pkg in multi window
11-09 00:37:47.254  5922  5922 I SmartPanelRepository: hasLoadData true  data size = 10
11-09 00:37:47.255  1789  1917 I TranStartingSurface: onAnimationFinished remove com.android.server.wm.TranStartingSurface@fb4838f
11-09 00:37:47.255  5614  6260 I SimpleEventAdapt: onActivityEvent get host.exp.exponent, host.exp.exponent.experience.ExperienceActivity,true
11-09 00:37:47.255  5614  6260 I SimpleEventAdapt: notifyEvent2  activity_event
11-09 00:37:47.255  5614  6260 I SimpleEventAdapt: notifyEvent  1
11-09 00:37:47.256  5922  5922 I SmartPanelRepository: hasLoadData true  data size = 10
11-09 00:37:47.256  5614 31614 I CacheManager:  save new data to cache activity_event
11-09 00:37:47.256  5614 31614 I bsc     : notifyDataChange in activity_event, 1
11-09 00:37:47.256  5614 31614 I DataServiceImplV2: StandardDataService notifyDataChange  in 
11-09 00:37:47.256  5614 31615 I DataServiceImplV2: StandardDataService notifyDataChange  curServiceName StandardDataService type:activity_event
11-09 00:37:47.256  5614 31615 I Kolun_AI: SystemEventSubscribe: onPublishData {"type":"activity_event","time":1762628867256,"data":"{\"className\":\"host.exp.exponent.experience.ExperienceActivity\",\"isResumed\":true,\"packageName\":\"host.exp.exponent\"}","provider":"dc","dc_version":2030370000,"data_version":1,"user_id":0}
11-09 00:37:47.256  5614 31615 I Kolun_AI: SystemEventSubscribe: publisher.getMatcher() activity_event
11-09 00:37:47.256  5614 31615 I ApiInvoke1.7.1: SubscribeManager: publishData success host DataCenter#StandardDataService matcher activity_event
11-09 00:37:47.256  5614 31615 W ApiInvoke1.7.1: SubscribeBusServerImpl: onSafePublishData start ==>> publisher Publisher{channel='DataCenter', apiName='StandardDataService', label='activity_event'}
11-09 00:37:47.256  5614 31615 W ApiInvoke1.7.1: SubscribeBusServerImpl: onSafePublishData, post publish data form DataCenter to {"pid": "5614","process": "com.transsion.kolun.aiservice","packageName": "com.transsion.kolun.aiservice","channels": ["APPService","AiEngine","GlobalGuideChannel","DataCenter"],"version": "1.7.1"} pid 5614 isPublishLocal true isInvalidPublisher false
11-09 00:37:47.256  5614 31615 W ApiInvoke1.7.1: ApiRequest: do publishData to remote activity_event
11-09 00:37:47.257  1789  1914 E ApplicationHelper: Fail to get PackageManager
11-09 00:37:47.257  1789  1914 E ApplicationHelper: Fail to get PackageManager
11-09 00:37:47.257  1789  1914 E ApplicationHelper: Fail to get PackageManager
11-09 00:37:47.257  1789  1914 E ApplicationHelper: Fail to get PackageManager
11-09 00:37:47.257  1789  1914 E ApplicationHelper: Fail to get PackageManager
11-09 00:37:47.257  1789  1914 E ApplicationHelper: Fail to get PackageManager
11-09 00:37:47.257  1789  1914 E ApplicationHelper: Fail to get PackageManager
11-09 00:37:47.259  1789  1917 I DreamAnimation:  hookAppTransitSuccess called,  mState=7 and doUnlockAnimation=0
11-09 00:37:47.259  1789  1917 I Transition: ignoreThunderbackTransition back= false change= false
11-09 00:37:47.260  1086  4890 I BufferQueueDebug: [Transition Root: Task=844#14135](this:0xb4000073cf3ce9f8,id:-1,api:0,p:-1,c:-1) BufferQueue core=(1086:/system/bin/surfaceflinger)
11-09 00:37:47.260  1789  1917 I Transition: updateFlagsFromDynamicIslandToWindow pkgName = host.exp.exponent flagsArr[0] = 0
11-09 00:37:47.260  1789  1917 I Transition: updateFlagsFromDynamicIslandToWindow pkgName = host.exp.exponent flagsArr[0] = 0
11-09 00:37:47.261 17366 17366 W a       : Could not find listener for key: experienceActivityKernelDidLoad
11-09 00:37:47.261  1789  1913 I ActivityTaskManager: Displayed host.exp.exponent/.experience.ExperienceActivity for user 0: +47ms
11-09 00:37:47.266  1086  1186 I SurfaceFlinger: onHandleDestroyed: name=Surface(name=2c79265 StatusBar)/@0x2760ade - animation-leash of insets_animation#14129, layerId=14129, parentId=0
11-09 00:37:47.266  1086  1186 I SurfaceFlinger: onHandleDestroyed: name=Surface(name=952f920 NavigationBar0)/@0x20b96bd - animation-leash of insets_animation#14130, layerId=14130, parentId=0
11-09 00:37:47.269  1789  3719 I WindowManager:   isAnimating=false  okToAnimate=true  win=Window{5ffc9ab u0 SnapshotStartingWindow for taskId=829}
11-09 00:37:47.270  1086  4890 I BufferQueueDebug: [Surface(name=5ffc9ab SnapshotStartingWindow for taskId=829)/@0x31275ce - animation-leash of window_animation#14136](this:0xb4000073cf35cb78,id:-1,api:0,p:-1,c:-1) BufferQueue core=(1086:/system/bin/surfaceflinger)
11-09 00:37:47.272  1086  4890 I BufferQueueDebug: [Surface(name=2c79265 StatusBar)/@0x2760ade - animation-leash of insets_animation#14137](this:0xb4000073cf35f908,id:-1,api:0,p:-1,c:-1) BufferQueue core=(1086:/system/bin/surfaceflinger)
11-09 00:37:47.273  1086  4890 I BufferQueueDebug: [Surface(name=952f920 NavigationBar0)/@0x20b96bd - animation-leash of insets_animation#14138](this:0xb4000073cf398848,id:-1,api:0,p:-1,c:-1) BufferQueue core=(1086:/system/bin/surfaceflinger)
11-09 00:37:47.275  4698 30785 I NetworkScheduler: (REDACTED) Error inserting %s
11-09 00:37:47.276 17366 17366 W a       : Could not find listener for key: openOptimisticExperienceActivity
11-09 00:37:47.276 17366 17366 W a       : Could not find listener for key: openExperienceActivity
11-09 00:37:47.276  1789  1991 I mtkpower_client: perf_lock_rel, hdl:175537, tid:1991
11-09 00:37:47.277  1789  3955 I WindowManager:   isAnimating=false  okToAnimate=true  win=Window{9524032 u0 com.whatsapp/com.whatsapp.home.ui.HomeActivity}
11-09 00:37:47.277  1046  1126 I libPowerHal: [unsetGPUFreq] current min:0, max:0; scn_gpu_min:0, scn_gpu_max:-1; scn_gpu_min(HL):-1, scn_gpu_max(HL):-1
11-09 00:37:47.277  1046  1126 I libPowerHal: [setGPUFreq] Soft min/max = (0, 0); Hard min/max = (41, 0)
11-09 00:37:47.277  1046  1126 I libPowerHal: [setGPUFreq] final min/max = (0, 0)
11-09 00:37:47.277  1046  1126 I libPowerHal: MTKPOWER_HINT_LAUNCHER_ANIMA: set gpu opp level: 0
11-09 00:37:47.277  1046  1126 I libPowerHal: MTKPOWER_HINT_LAUNCHER_ANIMA: set gpu opp level max: 0
11-09 00:37:47.278 17366 17366 E a       : Map already contains entry for key experienceIdSetForActivity. Ignoring.
11-09 00:37:47.278 17366 17366 W SoLoader: SoLoader already initialized
11-09 00:37:47.278  1789  2089 I Process : String at 0: 0x788f8f5601 = SFMainPolicy
11-09 00:37:47.278  1086  4890 I BufferQueueDebug: [4cd2441 ActivityRecordInputSink host.exp.exponent/.experience.ExperienceActivity#14139](this:0xb4000073cf3542c8,id:-1,api:0,p:-1,c:-1) BufferQueue core=(1086:/system/bin/surfaceflinger)
11-09 00:37:47.278  1789  2089 E TranCPUBooster: Failed to setThreadAffinity:
11-09 00:37:47.278  1789  2089 E TranCPUBooster: java.lang.IllegalArgumentException: Invalid argument: 423
11-09 00:37:47.280  1086  1086 I BufferQueueDebug: [Surface(name=952f920 NavigationBar0)/@0x20b96bd - animation-leash of insets_animation#14130](this:0xb4000073cf2d6e08,id:-1,api:0,p:-1,c:1086) onDestructor()
11-09 00:37:47.280  1086  1086 I BufferQueueDebug: [Surface(name=2c79265 StatusBar)/@0x2760ade - animation-leash of insets_animation#14129](this:0xb4000073cf315868,id:-1,api:0,p:-1,c:1086) onDestructor()
11-09 00:37:47.280  1086  1086 I SurfaceFlinger: onHandleDestroyed: name=Transition Root: Task=829#14116, layerId=14116, parentId=0
11-09 00:37:47.281  1297  1315 E vendor.transsion.performance.sched@1.0-service: thread_id = ux_exact_android.anim.lf is Invalid
11-09 00:37:47.281  1297  1315 E vendor.transsion.performance.sched@1.0-service: check uxtaglist failed.
11-09 00:37:47.281  1789  1991 I mtkpower_client: perf_cus_lock_hint hint:101, dur:150, pid:1789
11-09 00:37:47.281  1789  1991 I mtkpower_client: perf_cus_lock_hint, ret_hdl:175540
11-09 00:37:47.281  1020  1600 W hwcomposer: [DRMDEV] paramIsSame(), id 4276, w 1080/1080, h 2436/2436, pitch 1088/1088, format 0x1/0x2, secure 0/0  
11-09 00:37:47.281  1046  1126 I libPowerHal: [setGPUFreq] MTKPOWER_HINT_LAUNCHER_ANIMA user set gpu freq min:0, max:-1
11-09 00:37:47.281  1046  1126 I libPowerHal: MTKPOWER_HINT_LAUNCHER_ANIMA: set gpu opp level max: 0
11-09 00:37:47.282  1046  1126 I libPowerHal: [setGPUFreq] Soft min/max = (0, 0); Hard min/max = (41, 0)
11-09 00:37:47.282  1046  1126 I libPowerHal: [setGPUFreq] final min/max = (0, 0)
11-09 00:37:47.282  1046  1126 I libPowerHal: MTKPOWER_HINT_LAUNCHER_ANIMA: set gpu opp level: 0
11-09 00:37:47.282  1046  1126 I libPowerHal: MTKPOWER_HINT_LAUNCHER_ANIMA: set gpu opp level max: 0
11-09 00:37:47.282  1789  3983 W UserManagerService: Requested status bar icon for non-badged user 0
11-09 00:37:47.282  1086  4890 I BufferQueueDebug: [8c11e83 host.exp.exponent/host.exp.exponent.experience.ExperienceActivity#14140](this:0xb4000073cf37ee38,id:-1,api:0,p:-1,c:-1) BufferQueue core=(1086:/system/bin/surfaceflinger)
11-09 00:37:47.284  1789  3719 I TranThermalBacklightCtrl: cur package [host.exp.exponent] is in TemperatureControlWhitelist
11-09 00:37:47.284  1789  3983 W UserManagerService: Requested status bar icon for non-badged user 0
11-09 00:37:47.284  1789  3719 I TranThermalBacklightCtrl: mParamAPTempHigh[0]=45.0, mParamAPTempLow[0]=43.0, mParamBrightnessMax[0]=0.79999995, mParamLuxLimit[0]=0.0
11-09 00:37:47.284  1086  4890 I SurfaceFlinger: onHandleDestroyed: name=Surface(name=TranStartingSurface)/@0x7cad2ee - animation-leash of window_animation#14122, layerId=14122, parentId=0
11-09 00:37:47.284  1086  1186 I SurfaceFlinger: onHandleDestroyed: name=TranStartingSurface#14114, layerId=14114, parentId=0
11-09 00:37:47.284  1086  4890 I SurfaceFlinger: onHandleDestroyed: name=70ec82a ActivityRecordInputSink com.whatsapp/.home.ui.HomeActivity#14104, layerId=14104, parentId=0
11-09 00:37:47.284  1789  3719 I TranThermalBacklightCtrl: mParamAPTempHigh[1]=49.0, mParamAPTempLow[1]=47.0, mParamBrightnessMax[1]=0.7, mParamLuxLimit[1]=0.0
11-09 00:37:47.285  1789  5874 W UserManagerService: Requested status bar icon for non-badged user 0
11-09 00:37:47.285  1086  4890 I BufferQueueDebug: [host.exp.exponent/host.exp.exponent.experience.ExperienceActivity#14141](this:0xb4000073cf2d6e08,id:-1,api:0,p:-1,c:-1) BufferQueue core=(1086:/system/bin/surfaceflinger)
11-09 00:37:47.286  1789  3983 W WindowManager: Changing focus from null to Window{8c11e83 u0 host.exp.exponent/host.exp.exponent.experience.ExperienceActivity} displayId=0 Callers=com.android.server.wm.RootWindowContainer.updateFocusedWindowLocked:528 com.android.server.wm.WindowManagerService.updateFocusedWindowLocked:6844 com.android.server.wm.WindowManagerService.relayoutWindowInner:2851 com.android.server.wm.WindowManagerService.relayoutWindow:2512 
11-09 00:37:47.287  1086  1186 I BufferQueueDebug: [Surface(name=2c79265 StatusBar)/@0x2760ade - animation-leash of insets_animation#14142](this:0xb4000073cf392d28,id:-1,api:0,p:-1,c:-1) BufferQueue core=(1086:/system/bin/surfaceflinger)
11-09 00:37:47.288  1086  1186 I BufferQueueDebug: [Surface(name=952f920 NavigationBar0)/@0x20b96bd - animation-leash of insets_animation#14143](this:0xb4000073cf315868,id:-1,api:0,p:-1,c:-1) BufferQueue core=(1086:/system/bin/surfaceflinger)
11-09 00:37:47.288  1789  3983 I WindowManager: Relayout Window{8c11e83 u0 host.exp.exponent/host.exp.exponent.experience.ExperienceActivity}: oldVis=4 newVis=0 focusMayChange = true requestedWidth = 1080 requestedHeight = 2436 outFrames = ClientWindowFrames{frame=[0,0][1080,2436] display=[0,0][1080,2436] parentFrame=[0,0][0,0]} outSurfaceControl = Surface(name=host.exp.exponent/host.exp.exponent.experience.ExperienceActivity)/@0x976748a
11-09 00:37:47.290  1086  1186 I SurfaceFlinger: setDesiredDisplayModeSpecs: calling_process=system_server
11-09 00:37:47.290  1086  1086 I SurfaceFlinger: setDesiredDisplayModeSpecs: policy={defaultModeId=2, allowGroupSwitching=false, primaryRanges={physical=[60.00 Hz, 120.00 Hz], render=[60.00 Hz, 120.00 Hz]}, appRequestRanges={physical=[0.00 Hz, 120.00 Hz], render=[0.00 Hz, 120.00 Hz]} idleScreenConfig=nullptr}
11-09 00:37:47.290  1086  1086 I RefreshRateSelector: Display 0 policy changed
11-09 00:37:47.290  1086  1086 I RefreshRateSelector: Previous: {defaultModeId=1, allowGroupSwitching=false, primaryRanges={physical=[60.00 Hz, 120.00 Hz], render=[60.00 Hz, 120.00 Hz]}, appRequestRanges={physical=[0.00 Hz, 120.00 Hz], render=[0.00 Hz, 120.00 Hz]} idleScreenConfig=nullptr}
11-09 00:37:47.290  1086  1086 I RefreshRateSelector: Current:  DisplayManagerPolicy{defaultModeId=2, allowGroupSwitching=false, primaryRanges={physical=[60.00 Hz, 120.00 Hz], render=[60.00 Hz, 120.00 Hz]}, appRequestRanges={physical=[0.00 Hz, 120.00 Hz], render=[0.00 Hz, 120.00 Hz]} idleScreenConfig=nullptr}
11-09 00:37:47.290  1086  1086 I RefreshRateSelector: 0 mode changes were performed under the previous policy
11-09 00:37:47.294  1086  3083 I SurfaceFlinger: onHandleDestroyed: name=Surface(name=2c79265 StatusBar)/@0x2760ade - animation-leash of insets_animation#14117, layerId=14117, parentId=0
11-09 00:37:47.294  1086  1186 I SurfaceFlinger: onHandleDestroyed: name=Surface(name=952f920 NavigationBar0)/@0x20b96bd - animation-leash of insets_animation#14118, layerId=14118, parentId=0
11-09 00:37:47.295  1789  2105 I mtkpower_client: perf_lock_rel, hdl:175520, tid:2105
11-09 00:37:47.295  1789  2105 I mtkpower_client: perf_lock_acq, hdl:175520, dur:5000, num:2, pid:1789, tid:2105
11-09 00:37:47.295  1789  2105 I mtkpower_client: ret_hdl:175541
11-09 00:37:47.296  1086  3083 I BufferQueueDebug: [Surface(name=8c11e83 host.exp.exponent/host.exp.exponent.experience.ExperienceActivity)/@0xae0e718 - animation-leash of starting_reveal#14144](this:0xb4000073cf384958,id:-1,api:0,p:-1,c:-1) BufferQueue core=(1086:/system/bin/surfaceflinger)
11-09 00:37:47.297  5922  7047 I SmartPanelService: onWindowsDrawn pkgName: host.exp.exponent, className: host.exp.exponent.experience.ExperienceActivity launchState=0 windowsDrawnDelayMs =-1
11-09 00:37:47.297  5922  5922 I SmartPanelRepository: hasLoadData true  data size = 10
11-09 00:37:47.298  1086  1086 I BufferQueueDebug: [Surface(name=952f920 NavigationBar0)/@0x20b96bd - animation-leash of insets_animation#14118](this:0xb4000073cf2f6338,id:-1,api:0,p:-1,c:1086) onDestructor()
11-09 00:37:47.298  1086  1086 I BufferQueueDebug: [Surface(name=2c79265 StatusBar)/@0x2760ade - animation-leash of insets_animation#14117](this:0xb4000073cf334d98,id:-1,api:0,p:-1,c:1086) onDestructor()
11-09 00:37:47.298  1086  1086 I BufferQueueDebug: [Transition Root: Task=829#14116](this:0xb4000073cf33a8b8,id:-1,api:0,p:-1,c:1086) onDestructor()
11-09 00:37:47.298  1086  1086 I BufferQueueDebug: [Surface(name=TranStartingSurface)/@0x7cad2ee - animation-leash of window_animation#14122](this:0xb4000073cf3c0628,id:-1,api:0,p:-1,c:1086) onDestructor()
11-09 00:37:47.298  1086  1086 I BufferQueueDebug: [TranStartingSurface#14114](this:0xb4000073cf3c6148,id:-1,api:0,p:-1,c:1086) onDestructor()
11-09 00:37:47.298  1086  1086 I BufferQueueDebug: [70ec82a ActivityRecordInputSink com.whatsapp/.home.ui.HomeActivity#14104](this:0xb4000073cf3cbc68,id:-1,api:0,p:-1,c:1086) onDestructor()
11-09 00:37:47.298  1086  1086 I SurfaceFlinger: onHandleDestroyed: name=Surface(name=952f920 NavigationBar0)/@0x20b96bd - animation-leash of insets_animation#14133, layerId=14133, parentId=0
11-09 00:37:47.298  1086  1086 I SurfaceFlinger: onHandleDestroyed: name=Surface(name=2c79265 StatusBar)/@0x2760ade - animation-leash of insets_animation#14132, layerId=14132, parentId=0
11-09 00:37:47.300  1789  3983 I Hiber/fastState: do fastUnfreeze reason=delay from activityIdle delay=1281
11-09 00:37:47.301  1789  3983 I PowerHalWrapper: amsBoostNotify pid:17672,activity:com.whatsapp.home.ui.HomeActivity, package:com.whatsapp, mProcessCreatePackcom.whatsapp 
11-09 00:37:47.301  1789  3983 I PowerHalWrapper: state: 0 
11-09 00:37:47.301  1789  3983 I ScnModule: [GameDetection] packname: com.whatsapp, apkSize: 95768057. 
11-09 00:37:47.301  1789  3983 I mtkpower_client: [PowerHal_Wrap_notifyAppState] com.whatsapp/com.whatsapp.home.ui.HomeActivity pid=17672 activityId:157625621 state:0
11-09 00:37:47.301  1789  3983 I mtkpower_client: [Legacy][PowerHal_Wrap_notifyAppState] com.whatsapp/com.whatsapp.home.ui.HomeActivity pid=17672 state:157625621
11-09 00:37:47.302  1046  1126 I libPowerHal: [perfNotifyAppState] pack:com.whatsapp, act:com.whatsapp.home.ui.HomeActivity, state:0, pid:17672, uid:10249, fps:-1
11-09 00:37:47.302  1789  1914 E ApplicationHelper: Fail to get PackageManager
11-09 00:37:47.302  1789  1914 E ApplicationHelper: Fail to get PackageManager
11-09 00:37:47.302  1789  1914 E ApplicationHelper: Fail to get PackageManager
11-09 00:37:47.302  1789  3983 I PowerHalWrapper: amsBoostNotify AMS_BOOST_PROCESS_CREATE_BOOST:false 
11-09 00:37:47.303  1789  3983 I PowerHalWrapper: amsBoostStop AMS_BOOST_PACK_SWITCH:false, AMS_BOOST_ACT_SWITCH:true, AMS_BOOST_PROCESS_CREATE:false, AMS_BOOST_PROCESS_CREATE_FOR_GAME:false, AMS_BOOST_HOT_LAUNCH:false 
11-09 00:37:47.303  1789  1789 E MBrainLocalService: notifyAppSwitch failed
11-09 00:37:47.303  1789  3983 I Hiber/fastState: do fastUnfreeze reason=delay from activityIdle delay=1278
11-09 00:37:47.304  1789  3983 I PowerHalWrapper: amsBoostStop AMS_BOOST_PACK_SWITCH:false, AMS_BOOST_ACT_SWITCH:false, AMS_BOOST_PROCESS_CREATE:false, AMS_BOOST_PROCESS_CREATE_FOR_GAME:false, AMS_BOOST_HOT_LAUNCH:false 
11-09 00:37:47.304  5922  7472 I ScenesManager: put createTaskId host.exp.exponent844
11-09 00:37:47.304  5922  5922 I SmartPanelRepository: hasLoadData true  data size = 10
11-09 00:37:47.304  1046  1097 I mtkpower@impl: [setMode] type:5, enabled:0
11-09 00:37:47.305  1046  1096 I mtkpower@impl: [mtkPowerHint] hint:23, hold:0, ext:30, ext_hold:500
11-09 00:37:47.305  1046  1126 I libPowerHal: [PD] LAUNCH update cmd:300c000 param:0
11-09 00:37:47.305  1010 29980 W AudioALSACaptureDataProviderNormal: readThread, latency_in_s,0.000000,0.040020,0.000022, totalTime 0.040042 > logTimeout 0.022000 TIMEOUT!!
11-09 00:37:47.305  4698 17180 I NetworkScheduler: (REDACTED) Error inserting %s
11-09 00:37:47.306  5922  7472 I THubApi : isTheMainScreen classname: host.exp.exponent.experience.ExperienceActivity  pkg:host.exp.exponent
11-09 00:37:47.307  1789  1914 E ApplicationHelper: Fail to get PackageManager
11-09 00:37:47.307  1789  1914 E ApplicationHelper: Fail to get PackageManager
11-09 00:37:47.307  1789  1914 E ApplicationHelper: Fail to get PackageManager
11-09 00:37:47.308  5922  6991 I ScenesManager: ScenesInfo(isInSplitScreenMode=false, screenMode=0, oldTopPackage=, oldTopClass=, oldRelPackage=, oldRelClass=, topPackage=host.exp.exponent, topClass=host.exp.exponent.experience.ExperienceActivity, relPackage=host.exp.exponent, relClass=host.exp.exponent.experience.ExperienceActivity, taskId=844, userId=0, isTwinApp=false, isActivityChange=true, isResume=false, killPackages=[], isPersonalizedFlipScreen=false, timeStamp=1762628867307)
11-09 00:37:47.309  1789  2653 W JobScheduler.Concurrency: Had fewer than 16 in existence
11-09 00:37:47.310  5922  6991 I GameSceneManager: currentPackage   it.isResume false
11-09 00:37:47.310  5922  6991 I GameSceneManager: handlerActivityStart isResume = false  pkgName = host.exp.exponent
11-09 00:37:47.310  5922  6991 I GameSceneManager: exitSceneInMain false
11-09 00:37:47.310  5922  6991 I VideoSceneManager: handlerVideoStart isResume = false  currentPackage =   pkgName = host.exp.exponent
